--------- beginning of /dev/log/system
D/PowerUI (  975): Intent start() mHideLowBDialog= false
D/NetworkController(  975): refreshView simColor = -1
D/NetworkController(  975): refreshViews connected={ wifi } level=3 combinedSignalIconId=0x7f02012b/com.android.systemui:drawable/oppo_stat_sys_wifi_signal_3 combinedActivityIconId=0x0 mobileLabel= wifiLabel=yunzhouxxxxXXXXxxxxXXXX combinedLabel=yunzhouxxxxXXXXxxxxXXXX mAirplaneMode=false mDataActivity=0 mPhoneSignalIconId=0x7f020125 mPhoneSignalIconId name :com.android.systemui:drawable/oppo_stat_sys_signal_null mDataDirectionIconId=0x7f020155 mDataSignalIconId=0x7f020125 mDataTypeIconId=0x0 mLastDataTypeIconId=0x0 mWifiIconId=0x7f02012b mBluetoothTetherIconId=0xc080095
D/NetworkController(  975): refreshView simColor = -1
D/NetworkController(  975): refreshViews connected={ wifi } level=3 combinedSignalIconId=0x7f02012b/com.android.systemui:drawable/oppo_stat_sys_wifi_signal_3 combinedActivityIconId=0x0 mobileLabel= wifiLabel=yunzhouxxxxXXXXxxxxXXXX combinedLabel=yunzhouxxxxXXXXxxxxXXXX mAirplaneMode=false mDataActivity=0 mPhoneSignalIconId=0x7f020125 mPhoneSignalIconId name :com.android.systemui:drawable/oppo_stat_sys_signal_null mDataDirectionIconId=0x7f020155 mDataSignalIconId=0x7f020125 mDataTypeIconId=0x0 mLastDataTypeIconId=0x0 mWifiIconId=0x7f02012b mBluetoothTetherIconId=0xc080095
D/NetworkController(  975): refreshView simColor = -1
D/NetworkController(  975): refreshViews connected={ wifi } level=3 combinedSignalIconId=0x7f02012b/com.android.systemui:drawable/oppo_stat_sys_wifi_signal_3 combinedActivityIconId=0x0 mobileLabel= wifiLabel=yunzhouxxxxXXXXxxxxXXXX combinedLabel=yunzhouxxxxXXXXxxxxXXXX mAirplaneMode=false mDataActivity=0 mPhoneSignalIconId=0x7f020125 mPhoneSignalIconId name :com.android.systemui:drawable/oppo_stat_sys_signal_null mDataDirectionIconId=0x7f020155 mDataSignalIconId=0x7f020125 mDataTypeIconId=0x0 mLastDataTypeIconId=0x0 mWifiIconId=0x7f02012b mBluetoothTetherIconId=0xc080095
D/BatteryService(  772): Processing new values: mAcOnline=false, mUsbOnline=true, mWirelessOnline=false, mBatteryStatus=2, mBatteryHealth=2, mBatteryPresent=true, mBatteryLevel=29, mBatteryTechnology=Li-ion, mBatteryVoltage=3770, mBatteryTemperature=325, mBatteryLevelCritical=false, mPlugType=2
D/OppoBatteryService(  772): Processing additional values: mChargerVoltage=4923, mLastChargerVoltage=4927, mBatteryCurrent=-49, mLastBatteryCurrent=-57, mChargeVolStatus=3, mBatteryTemperature=325, mBatteryTempStatus=2, mAccessoryPresent=false, mAccessoryStatus=0, mAccessoryCapacity=0, mChargeTimeout=false, mChargeSocFall=false
D/OppoBatteryService(  772): Sending ACTION_ADDITIONAL_BATTERY_CHANGED.  chargervoltage: 4923 ,batterycurrent: -49 ,chargervolstatus: 3 ,batterytempstatus: 2 ,batteryvolstatus: 3 ,accessorypresent: false ,accessorystatus: 0 ,accessorycapacity: 0 ,chargetimeout: false ,chargesocfall: false ,mPlugType: 2
D/BatteryService(  772): Sending ACTION_BATTERY_CHANGED.  level:29, scale:100, status:2, health:2, present:true, voltage: 3770, temperature: 325, technology: Li-ion, AC powered:false, USB powered:true, Wireless powered:false, icon:17303411, invalid charger:0
W/ContextImpl( 1190): Calling a method in the system process without a qualified user: android.app.ContextImpl.sendBroadcast:1069 android.content.ContextWrapper.sendBroadcast:347 com.oppo.powermanager.PowerMgrService.sendBroadCastToPowermgrWidget:1149 com.oppo.powermanager.PowerMgrService.access$1900:108 com.oppo.powermanager.PowerMgrService$2.onReceive:1190 
D/PowerUI (  975): Intent start() mHideLowBDialog= false
D/NetworkController(  975): refreshView simColor = -1
D/NetworkController(  975): refreshViews connected={ wifi } level=3 combinedSignalIconId=0x7f02012b/com.android.systemui:drawable/oppo_stat_sys_wifi_signal_3 combinedActivityIconId=0x0 mobileLabel= wifiLabel=yunzhouxxxxXXXXxxxxXXXX combinedLabel=yunzhouxxxxXXXXxxxxXXXX mAirplaneMode=false mDataActivity=0 mPhoneSignalIconId=0x7f020125 mPhoneSignalIconId name :com.android.systemui:drawable/oppo_stat_sys_signal_null mDataDirectionIconId=0x7f020155 mDataSignalIconId=0x7f020125 mDataTypeIconId=0x0 mLastDataTypeIconId=0x0 mWifiIconId=0x7f02012b mBluetoothTetherIconId=0xc080095
D/NetworkController(  975): refreshView simColor = -1
D/NetworkController(  975): refreshViews connected={ wifi } level=3 combinedSignalIconId=0x7f02012b/com.android.systemui:drawable/oppo_stat_sys_wifi_signal_3 combinedActivityIconId=0x0 mobileLabel= wifiLabel=yunzhouxxxxXXXXxxxxXXXX combinedLabel=yunzhouxxxxXXXXxxxxXXXX mAirplaneMode=false mDataActivity=0 mPhoneSignalIconId=0x7f020125 mPhoneSignalIconId name :com.android.systemui:drawable/oppo_stat_sys_signal_null mDataDirectionIconId=0x7f020155 mDataSignalIconId=0x7f020125 mDataTypeIconId=0x0 mLastDataTypeIconId=0x0 mWifiIconId=0x7f02012b mBluetoothTetherIconId=0xc080095
D/NetworkController(  975): refreshView simColor = -1
D/NetworkController(  975): refreshViews connected={ wifi } level=3 combinedSignalIconId=0x7f02012b/com.android.systemui:drawable/oppo_stat_sys_wifi_signal_3 combinedActivityIconId=0x0 mobileLabel= wifiLabel=yunzhouxxxxXXXXxxxxXXXX combinedLabel=yunzhouxxxxXXXXxxxxXXXX mAirplaneMode=false mDataActivity=0 mPhoneSignalIconId=0x7f020125 mPhoneSignalIconId name :com.android.systemui:drawable/oppo_stat_sys_signal_null mDataDirectionIconId=0x7f020155 mDataSignalIconId=0x7f020125 mDataTypeIconId=0x0 mLastDataTypeIconId=0x0 mWifiIconId=0x7f02012b mBluetoothTetherIconId=0xc080095
D/BatteryService(  772): Processing new values: mAcOnline=false, mUsbOnline=true, mWirelessOnline=false, mBatteryStatus=2, mBatteryHealth=2, mBatteryPresent=true, mBatteryLevel=29, mBatteryTechnology=Li-ion, mBatteryVoltage=3774, mBatteryTemperature=327, mBatteryLevelCritical=false, mPlugType=2
D/OppoBatteryService(  772): Processing additional values: mChargerVoltage=4919, mLastChargerVoltage=4923, mBatteryCurrent=-50, mLastBatteryCurrent=-49, mChargeVolStatus=3, mBatteryTemperature=327, mBatteryTempStatus=2, mAccessoryPresent=false, mAccessoryStatus=0, mAccessoryCapacity=0, mChargeTimeout=false, mChargeSocFall=false
D/OppoBatteryService(  772): Sending ACTION_ADDITIONAL_BATTERY_CHANGED.  chargervoltage: 4919 ,batterycurrent: -50 ,chargervolstatus: 3 ,batterytempstatus: 2 ,batteryvolstatus: 3 ,accessorypresent: false ,accessorystatus: 0 ,accessorycapacity: 0 ,chargetimeout: false ,chargesocfall: false ,mPlugType: 2
D/BatteryService(  772): Sending ACTION_BATTERY_CHANGED.  level:29, scale:100, status:2, health:2, present:true, voltage: 3774, temperature: 327, technology: Li-ion, AC powered:false, USB powered:true, Wireless powered:false, icon:17303411, invalid charger:0
W/ContextImpl( 1190): Calling a method in the system process without a qualified user: android.app.ContextImpl.sendBroadcast:1069 android.content.ContextWrapper.sendBroadcast:347 com.oppo.powermanager.PowerMgrService.sendBroadCastToPowermgrWidget:1149 com.oppo.powermanager.PowerMgrService.access$1900:108 com.oppo.powermanager.PowerMgrService$2.onReceive:1190 
D/PowerUI (  975): Intent start() mHideLowBDialog= false
D/NetworkController(  975): refreshView simColor = -1
D/NetworkController(  975): refreshViews connected={ wifi } level=3 combinedSignalIconId=0x7f02012b/com.android.systemui:drawable/oppo_stat_sys_wifi_signal_3 combinedActivityIconId=0x0 mobileLabel= wifiLabel=yunzhouxxxxXXXXxxxxXXXX combinedLabel=yunzhouxxxxXXXXxxxxXXXX mAirplaneMode=false mDataActivity=0 mPhoneSignalIconId=0x7f020125 mPhoneSignalIconId name :com.android.systemui:drawable/oppo_stat_sys_signal_null mDataDirectionIconId=0x7f020155 mDataSignalIconId=0x7f020125 mDataTypeIconId=0x0 mLastDataTypeIconId=0x0 mWifiIconId=0x7f02012b mBluetoothTetherIconId=0xc080095
D/NetworkController(  975): refreshView simColor = -1
D/NetworkController(  975): refreshViews connected={ wifi } level=3 combinedSignalIconId=0x7f02012b/com.android.systemui:drawable/oppo_stat_sys_wifi_signal_3 combinedActivityIconId=0x0 mobileLabel= wifiLabel=yunzhouxxxxXXXXxxxxXXXX combinedLabel=yunzhouxxxxXXXXxxxxXXXX mAirplaneMode=false mDataActivity=0 mPhoneSignalIconId=0x7f020125 mPhoneSignalIconId name :com.android.systemui:drawable/oppo_stat_sys_signal_null mDataDirectionIconId=0x7f020155 mDataSignalIconId=0x7f020125 mDataTypeIconId=0x0 mLastDataTypeIconId=0x0 mWifiIconId=0x7f02012b mBluetoothTetherIconId=0xc080095
D/BatteryService(  772): Processing new values: mAcOnline=false, mUsbOnline=true, mWirelessOnline=false, mBatteryStatus=2, mBatteryHealth=2, mBatteryPresent=true, mBatteryLevel=29, mBatteryTechnology=Li-ion, mBatteryVoltage=3769, mBatteryTemperature=325, mBatteryLevelCritical=false, mPlugType=2
D/OppoBatteryService(  772): Processing additional values: mChargerVoltage=4923, mLastChargerVoltage=4919, mBatteryCurrent=-72, mLastBatteryCurrent=-50, mChargeVolStatus=3, mBatteryTemperature=325, mBatteryTempStatus=2, mAccessoryPresent=false, mAccessoryStatus=0, mAccessoryCapacity=0, mChargeTimeout=false, mChargeSocFall=false
D/OppoBatteryService(  772): Sending ACTION_ADDITIONAL_BATTERY_CHANGED.  chargervoltage: 4923 ,batterycurrent: -72 ,chargervolstatus: 3 ,batterytempstatus: 2 ,batteryvolstatus: 3 ,accessorypresent: false ,accessorystatus: 0 ,accessorycapacity: 0 ,chargetimeout: false ,chargesocfall: false ,mPlugType: 2
D/BatteryService(  772): Sending ACTION_BATTERY_CHANGED.  level:29, scale:100, status:2, health:2, present:true, voltage: 3769, temperature: 325, technology: Li-ion, AC powered:false, USB powered:true, Wireless powered:false, icon:17303411, invalid charger:0
W/ContextImpl( 1190): Calling a method in the system process without a qualified user: android.app.ContextImpl.sendBroadcast:1069 android.content.ContextWrapper.sendBroadcast:347 com.oppo.powermanager.PowerMgrService.sendBroadCastToPowermgrWidget:1149 com.oppo.powermanager.PowerMgrService.access$1900:108 com.oppo.powermanager.PowerMgrService$2.onReceive:1190 
D/PowerUI (  975): Intent start() mHideLowBDialog= false
D/NetworkController(  975): refreshView simColor = -1
D/NetworkController(  975): refreshViews connected={ wifi } level=3 combinedSignalIconId=0x7f02012b/com.android.systemui:drawable/oppo_stat_sys_wifi_signal_3 combinedActivityIconId=0x0 mobileLabel= wifiLabel=yunzhouxxxxXXXXxxxxXXXX combinedLabel=yunzhouxxxxXXXXxxxxXXXX mAirplaneMode=false mDataActivity=0 mPhoneSignalIconId=0x7f020125 mPhoneSignalIconId name :com.android.systemui:drawable/oppo_stat_sys_signal_null mDataDirectionIconId=0x7f020155 mDataSignalIconId=0x7f020125 mDataTypeIconId=0x0 mLastDataTypeIconId=0x0 mWifiIconId=0x7f02012b mBluetoothTetherIconId=0xc080095
D/NetworkController(  975): refreshView simColor = -1
D/NetworkController(  975): refreshViews connected={ wifi } level=3 combinedSignalIconId=0x7f02012b/com.android.systemui:drawable/oppo_stat_sys_wifi_signal_3 combinedActivityIconId=0x0 mobileLabel= wifiLabel=yunzhouxxxxXXXXxxxxXXXX combinedLabel=yunzhouxxxxXXXXxxxxXXXX mAirplaneMode=false mDataActivity=0 mPhoneSignalIconId=0x7f020125 mPhoneSignalIconId name :com.android.systemui:drawable/oppo_stat_sys_signal_null mDataDirectionIconId=0x7f020155 mDataSignalIconId=0x7f020125 mDataTypeIconId=0x0 mLastDataTypeIconId=0x0 mWifiIconId=0x7f02012b mBluetoothTetherIconId=0xc080095
D/NetworkController(  975): refreshView simColor = -1
D/NetworkController(  975): refreshViews connected={ wifi } level=3 combinedSignalIconId=0x7f02012b/com.android.systemui:drawable/oppo_stat_sys_wifi_signal_3 combinedActivityIconId=0x0 mobileLabel= wifiLabel=yunzhouxxxxXXXXxxxxXXXX combinedLabel=yunzhouxxxxXXXXxxxxXXXX mAirplaneMode=false mDataActivity=0 mPhoneSignalIconId=0x7f020125 mPhoneSignalIconId name :com.android.systemui:drawable/oppo_stat_sys_signal_null mDataDirectionIconId=0x7f020155 mDataSignalIconId=0x7f020125 mDataTypeIconId=0x0 mLastDataTypeIconId=0x0 mWifiIconId=0x7f02012b mBluetoothTetherIconId=0xc080095
D/NetworkController(  975): refreshView simColor = -1
D/NetworkController(  975): refreshViews connected={ wifi } level=3 combinedSignalIconId=0x7f02012b/com.android.systemui:drawable/oppo_stat_sys_wifi_signal_3 combinedActivityIconId=0x0 mobileLabel= wifiLabel=yunzhouxxxxXXXXxxxxXXXX combinedLabel=yunzhouxxxxXXXXxxxxXXXX mAirplaneMode=false mDataActivity=0 mPhoneSignalIconId=0x7f020125 mPhoneSignalIconId name :com.android.systemui:drawable/oppo_stat_sys_signal_null mDataDirectionIconId=0x7f020155 mDataSignalIconId=0x7f020125 mDataTypeIconId=0x0 mLastDataTypeIconId=0x0 mWifiIconId=0x7f02012b mBluetoothTetherIconId=0xc080095
D/BatteryService(  772): Processing new values: mAcOnline=false, mUsbOnline=true, mWirelessOnline=false, mBatteryStatus=2, mBatteryHealth=2, mBatteryPresent=true, mBatteryLevel=29, mBatteryTechnology=Li-ion, mBatteryVoltage=3773, mBatteryTemperature=327, mBatteryLevelCritical=false, mPlugType=2
D/OppoBatteryService(  772): Processing additional values: mChargerVoltage=4921, mLastChargerVoltage=4923, mBatteryCurrent=-33, mLastBatteryCurrent=-72, mChargeVolStatus=3, mBatteryTemperature=327, mBatteryTempStatus=2, mAccessoryPresent=false, mAccessoryStatus=0, mAccessoryCapacity=0, mChargeTimeout=false, mChargeSocFall=false
D/OppoBatteryService(  772): Sending ACTION_ADDITIONAL_BATTERY_CHANGED.  chargervoltage: 4921 ,batterycurrent: -33 ,chargervolstatus: 3 ,batterytempstatus: 2 ,batteryvolstatus: 3 ,accessorypresent: false ,accessorystatus: 0 ,accessorycapacity: 0 ,chargetimeout: false ,chargesocfall: false ,mPlugType: 2
D/BatteryService(  772): Sending ACTION_BATTERY_CHANGED.  level:29, scale:100, status:2, health:2, present:true, voltage: 3773, temperature: 327, technology: Li-ion, AC powered:false, USB powered:true, Wireless powered:false, icon:17303411, invalid charger:0
W/ContextImpl( 1190): Calling a method in the system process without a qualified user: android.app.ContextImpl.sendBroadcast:1069 android.content.ContextWrapper.sendBroadcast:347 com.oppo.powermanager.PowerMgrService.sendBroadCastToPowermgrWidget:1149 com.oppo.powermanager.PowerMgrService.access$1900:108 com.oppo.powermanager.PowerMgrService$2.onReceive:1190 
D/PowerUI (  975): Intent start() mHideLowBDialog= false
D/NetworkController(  975): refreshView simColor = -1
D/NetworkController(  975): refreshViews connected={ wifi } level=3 combinedSignalIconId=0x7f02012b/com.android.systemui:drawable/oppo_stat_sys_wifi_signal_3 combinedActivityIconId=0x0 mobileLabel= wifiLabel=yunzhouxxxxXXXXxxxxXXXX combinedLabel=yunzhouxxxxXXXXxxxxXXXX mAirplaneMode=false mDataActivity=0 mPhoneSignalIconId=0x7f020125 mPhoneSignalIconId name :com.android.systemui:drawable/oppo_stat_sys_signal_null mDataDirectionIconId=0x7f020155 mDataSignalIconId=0x7f020125 mDataTypeIconId=0x0 mLastDataTypeIconId=0x0 mWifiIconId=0x7f02012b mBluetoothTetherIconId=0xc080095
D/NetworkController(  975): refreshView simColor = -1
D/NetworkController(  975): refreshViews connected={ wifi } level=3 combinedSignalIconId=0x7f02012b/com.android.systemui:drawable/oppo_stat_sys_wifi_signal_3 combinedActivityIconId=0x0 mobileLabel= wifiLabel=yunzhouxxxxXXXXxxxxXXXX combinedLabel=yunzhouxxxxXXXXxxxxXXXX mAirplaneMode=false mDataActivity=0 mPhoneSignalIconId=0x7f020125 mPhoneSignalIconId name :com.android.systemui:drawable/oppo_stat_sys_signal_null mDataDirectionIconId=0x7f020155 mDataSignalIconId=0x7f020125 mDataTypeIconId=0x0 mLastDataTypeIconId=0x0 mWifiIconId=0x7f02012b mBluetoothTetherIconId=0xc080095
I/ActivityManager(  772): No longer want com.showeachother:contactStack (pid 14665): empty for 1819s
W/ActivityManager(  772): Scheduling restart of crashed service com.showeachother/.service.ContactsService in 5000ms
W/ContextImpl(  772): Calling a method in the system process without a qualified user: android.app.ContextImpl.sendBroadcast:1069 com.android.server.am.OppoActivityStackHelper.sendIsHomeModeIntent:64 com.android.server.am.OppoActivityStackHelper.handleSendHomeMode:80 com.android.server.am.ActivityStack.resumeTopActivityLocked:1475 com.android.server.am.ActivityStack.resumeTopActivityLocked:1441 
W/ContextImpl(  772): Calling a method in the system process without a qualified user: android.app.ContextImpl.sendBroadcast:1069 com.android.server.am.OppoActivityStackHelper.sendIsCameraModeIntent:125 com.android.server.am.OppoActivityStackHelper.handleSendCameraMode:137 com.android.server.am.ActivityStack.resumeTopActivityLocked:1481 com.android.server.am.ActivityStack.resumeTopActivityLocked:1441 
D/NetworkController(  975): refreshView simColor = -1
D/NetworkController(  975): refreshViews connected={ wifi } level=3 combinedSignalIconId=0x7f02012b/com.android.systemui:drawable/oppo_stat_sys_wifi_signal_3 combinedActivityIconId=0x0 mobileLabel= wifiLabel=yunzhouxxxxXXXXxxxxXXXX combinedLabel=yunzhouxxxxXXXXxxxxXXXX mAirplaneMode=false mDataActivity=0 mPhoneSignalIconId=0x7f020125 mPhoneSignalIconId name :com.android.systemui:drawable/oppo_stat_sys_signal_null mDataDirectionIconId=0x7f020155 mDataSignalIconId=0x7f020125 mDataTypeIconId=0x0 mLastDataTypeIconId=0x0 mWifiIconId=0x7f02012b mBluetoothTetherIconId=0xc080095
D/NetworkController(  975): refreshView simColor = -1
D/NetworkController(  975): refreshViews connected={ wifi } level=3 combinedSignalIconId=0x7f02012b/com.android.systemui:drawable/oppo_stat_sys_wifi_signal_3 combinedActivityIconId=0x0 mobileLabel= wifiLabel=yunzhouxxxxXXXXxxxxXXXX combinedLabel=yunzhouxxxxXXXXxxxxXXXX mAirplaneMode=false mDataActivity=0 mPhoneSignalIconId=0x7f020125 mPhoneSignalIconId name :com.android.systemui:drawable/oppo_stat_sys_signal_null mDataDirectionIconId=0x7f020155 mDataSignalIconId=0x7f020125 mDataTypeIconId=0x0 mLastDataTypeIconId=0x0 mWifiIconId=0x7f02012b mBluetoothTetherIconId=0xc080095
D/BatteryService(  772): Processing new values: mAcOnline=false, mUsbOnline=true, mWirelessOnline=false, mBatteryStatus=2, mBatteryHealth=2, mBatteryPresent=true, mBatteryLevel=29, mBatteryTechnology=Li-ion, mBatteryVoltage=3778, mBatteryTemperature=327, mBatteryLevelCritical=false, mPlugType=2
D/OppoBatteryService(  772): Processing additional values: mChargerVoltage=4921, mLastChargerVoltage=4921, mBatteryCurrent=-64, mLastBatteryCurrent=-33, mChargeVolStatus=3, mBatteryTemperature=327, mBatteryTempStatus=2, mAccessoryPresent=false, mAccessoryStatus=0, mAccessoryCapacity=0, mChargeTimeout=false, mChargeSocFall=false
D/OppoBatteryService(  772): Sending ACTION_ADDITIONAL_BATTERY_CHANGED.  chargervoltage: 4921 ,batterycurrent: -64 ,chargervolstatus: 3 ,batterytempstatus: 2 ,batteryvolstatus: 3 ,accessorypresent: false ,accessorystatus: 0 ,accessorycapacity: 0 ,chargetimeout: false ,chargesocfall: false ,mPlugType: 2
D/BatteryService(  772): Sending ACTION_BATTERY_CHANGED.  level:29, scale:100, status:2, health:2, present:true, voltage: 3778, temperature: 327, technology: Li-ion, AC powered:false, USB powered:true, Wireless powered:false, icon:17303411, invalid charger:0
W/ContextImpl( 1190): Calling a method in the system process without a qualified user: android.app.ContextImpl.sendBroadcast:1069 android.content.ContextWrapper.sendBroadcast:347 com.oppo.powermanager.PowerMgrService.sendBroadCastToPowermgrWidget:1149 com.oppo.powermanager.PowerMgrService.access$1900:108 com.oppo.powermanager.PowerMgrService$2.onReceive:1190 
D/PowerUI (  975): Intent start() mHideLowBDialog= false
D/NetworkController(  975): refreshView simColor = -1
D/NetworkController(  975): refreshViews connected={ wifi } level=3 combinedSignalIconId=0x7f02012b/com.android.systemui:drawable/oppo_stat_sys_wifi_signal_3 combinedActivityIconId=0x0 mobileLabel= wifiLabel=yunzhouxxxxXXXXxxxxXXXX combinedLabel=yunzhouxxxxXXXXxxxxXXXX mAirplaneMode=false mDataActivity=0 mPhoneSignalIconId=0x7f020125 mPhoneSignalIconId name :com.android.systemui:drawable/oppo_stat_sys_signal_null mDataDirectionIconId=0x7f020155 mDataSignalIconId=0x7f020125 mDataTypeIconId=0x0 mLastDataTypeIconId=0x0 mWifiIconId=0x7f02012b mBluetoothTetherIconId=0xc080095
D/NetworkController(  975): refreshView simColor = -1
D/NetworkController(  975): refreshViews connected={ wifi } level=3 combinedSignalIconId=0x7f02012b/com.android.systemui:drawable/oppo_stat_sys_wifi_signal_3 combinedActivityIconId=0x0 mobileLabel= wifiLabel=yunzhouxxxxXXXXxxxxXXXX combinedLabel=yunzhouxxxxXXXXxxxxXXXX mAirplaneMode=false mDataActivity=0 mPhoneSignalIconId=0x7f020125 mPhoneSignalIconId name :com.android.systemui:drawable/oppo_stat_sys_signal_null mDataDirectionIconId=0x7f020155 mDataSignalIconId=0x7f020125 mDataTypeIconId=0x0 mLastDataTypeIconId=0x0 mWifiIconId=0x7f02012b mBluetoothTetherIconId=0xc080095
I/ActivityManager(  772): Start proc com.showeachother:contactStack for service com.showeachother/.service.ContactsService: pid=21605 uid=10112 gids={50112, 3003, 3001, 3002, 1015, 1006, 1028}
D/NetworkController(  975): refreshView simColor = -1
D/NetworkController(  975): refreshViews connected={ wifi } level=3 combinedSignalIconId=0x7f02012b/com.android.systemui:drawable/oppo_stat_sys_wifi_signal_3 combinedActivityIconId=0x0 mobileLabel= wifiLabel=yunzhouxxxxXXXXxxxxXXXX combinedLabel=yunzhouxxxxXXXXxxxxXXXX mAirplaneMode=false mDataActivity=0 mPhoneSignalIconId=0x7f020125 mPhoneSignalIconId name :com.android.systemui:drawable/oppo_stat_sys_signal_null mDataDirectionIconId=0x7f020155 mDataSignalIconId=0x7f020125 mDataTypeIconId=0x0 mLastDataTypeIconId=0x0 mWifiIconId=0x7f02012b mBluetoothTetherIconId=0xc080095
D/BatteryService(  772): Processing new values: mAcOnline=false, mUsbOnline=true, mWirelessOnline=false, mBatteryStatus=2, mBatteryHealth=2, mBatteryPresent=true, mBatteryLevel=29, mBatteryTechnology=Li-ion, mBatteryVoltage=3776, mBatteryTemperature=327, mBatteryLevelCritical=false, mPlugType=2
D/OppoBatteryService(  772): Processing additional values: mChargerVoltage=4921, mLastChargerVoltage=4921, mBatteryCurrent=-60, mLastBatteryCurrent=-64, mChargeVolStatus=3, mBatteryTemperature=327, mBatteryTempStatus=2, mAccessoryPresent=false, mAccessoryStatus=0, mAccessoryCapacity=0, mChargeTimeout=false, mChargeSocFall=false
D/OppoBatteryService(  772): Sending ACTION_ADDITIONAL_BATTERY_CHANGED.  chargervoltage: 4921 ,batterycurrent: -60 ,chargervolstatus: 3 ,batterytempstatus: 2 ,batteryvolstatus: 3 ,accessorypresent: false ,accessorystatus: 0 ,accessorycapacity: 0 ,chargetimeout: false ,chargesocfall: false ,mPlugType: 2
D/BatteryService(  772): Sending ACTION_BATTERY_CHANGED.  level:29, scale:100, status:2, health:2, present:true, voltage: 3776, temperature: 327, technology: Li-ion, AC powered:false, USB powered:true, Wireless powered:false, icon:17303411, invalid charger:0
W/ContextImpl( 1190): Calling a method in the system process without a qualified user: android.app.ContextImpl.sendBroadcast:1069 android.content.ContextWrapper.sendBroadcast:347 com.oppo.powermanager.PowerMgrService.sendBroadCastToPowermgrWidget:1149 com.oppo.powermanager.PowerMgrService.access$1900:108 com.oppo.powermanager.PowerMgrService$2.onReceive:1190 
D/PowerUI (  975): Intent start() mHideLowBDialog= false
D/NetworkController(  975): refreshView simColor = -1
D/NetworkController(  975): refreshViews connected={ wifi } level=3 combinedSignalIconId=0x7f02012b/com.android.systemui:drawable/oppo_stat_sys_wifi_signal_3 combinedActivityIconId=0x0 mobileLabel= wifiLabel=yunzhouxxxxXXXXxxxxXXXX combinedLabel=yunzhouxxxxXXXXxxxxXXXX mAirplaneMode=false mDataActivity=0 mPhoneSignalIconId=0x7f020125 mPhoneSignalIconId name :com.android.systemui:drawable/oppo_stat_sys_signal_null mDataDirectionIconId=0x7f020155 mDataSignalIconId=0x7f020125 mDataTypeIconId=0x0 mLastDataTypeIconId=0x0 mWifiIconId=0x7f02012b mBluetoothTetherIconId=0xc080095
D/NetworkController(  975): refreshView simColor = -1
D/NetworkController(  975): refreshViews connected={ wifi } level=3 combinedSignalIconId=0x7f02012b/com.android.systemui:drawable/oppo_stat_sys_wifi_signal_3 combinedActivityIconId=0x0 mobileLabel= wifiLabel=yunzhouxxxxXXXXxxxxXXXX combinedLabel=yunzhouxxxxXXXXxxxxXXXX mAirplaneMode=false mDataActivity=0 mPhoneSignalIconId=0x7f020125 mPhoneSignalIconId name :com.android.systemui:drawable/oppo_stat_sys_signal_null mDataDirectionIconId=0x7f020155 mDataSignalIconId=0x7f020125 mDataTypeIconId=0x0 mLastDataTypeIconId=0x0 mWifiIconId=0x7f02012b mBluetoothTetherIconId=0xc080095
D/NetworkController(  975): refreshView simColor = -1
D/NetworkController(  975): refreshViews connected={ wifi } level=3 combinedSignalIconId=0x7f02012b/com.android.systemui:drawable/oppo_stat_sys_wifi_signal_3 combinedActivityIconId=0x0 mobileLabel= wifiLabel=yunzhouxxxxXXXXxxxxXXXX combinedLabel=yunzhouxxxxXXXXxxxxXXXX mAirplaneMode=false mDataActivity=0 mPhoneSignalIconId=0x7f020125 mPhoneSignalIconId name :com.android.systemui:drawable/oppo_stat_sys_signal_null mDataDirectionIconId=0x7f020155 mDataSignalIconId=0x7f020125 mDataTypeIconId=0x0 mLastDataTypeIconId=0x0 mWifiIconId=0x7f02012b mBluetoothTetherIconId=0xc080095
D/NetworkController(  975): refreshView simColor = -1
D/NetworkController(  975): refreshViews connected={ wifi } level=3 combinedSignalIconId=0x7f02012b/com.android.systemui:drawable/oppo_stat_sys_wifi_signal_3 combinedActivityIconId=0x0 mobileLabel= wifiLabel=yunzhouxxxxXXXXxxxxXXXX combinedLabel=yunzhouxxxxXXXXxxxxXXXX mAirplaneMode=false mDataActivity=0 mPhoneSignalIconId=0x7f020125 mPhoneSignalIconId name :com.android.systemui:drawable/oppo_stat_sys_signal_null mDataDirectionIconId=0x7f020155 mDataSignalIconId=0x7f020125 mDataTypeIconId=0x0 mLastDataTypeIconId=0x0 mWifiIconId=0x7f02012b mBluetoothTetherIconId=0xc080095
D/BatteryService(  772): Processing new values: mAcOnline=false, mUsbOnline=true, mWirelessOnline=false, mBatteryStatus=2, mBatteryHealth=2, mBatteryPresent=true, mBatteryLevel=29, mBatteryTechnology=Li-ion, mBatteryVoltage=3767, mBatteryTemperature=327, mBatteryLevelCritical=false, mPlugType=2
D/OppoBatteryService(  772): Processing additional values: mChargerVoltage=4923, mLastChargerVoltage=4921, mBatteryCurrent=14, mLastBatteryCurrent=-60, mChargeVolStatus=3, mBatteryTemperature=327, mBatteryTempStatus=2, mAccessoryPresent=false, mAccessoryStatus=0, mAccessoryCapacity=0, mChargeTimeout=false, mChargeSocFall=false
D/OppoBatteryService(  772): Sending ACTION_ADDITIONAL_BATTERY_CHANGED.  chargervoltage: 4923 ,batterycurrent: 14 ,chargervolstatus: 3 ,batterytempstatus: 2 ,batteryvolstatus: 3 ,accessorypresent: false ,accessorystatus: 0 ,accessorycapacity: 0 ,chargetimeout: false ,chargesocfall: false ,mPlugType: 2
D/BatteryService(  772): Sending ACTION_BATTERY_CHANGED.  level:29, scale:100, status:2, health:2, present:true, voltage: 3767, temperature: 327, technology: Li-ion, AC powered:false, USB powered:true, Wireless powered:false, icon:17303411, invalid charger:0
W/ContextImpl( 1190): Calling a method in the system process without a qualified user: android.app.ContextImpl.sendBroadcast:1069 android.content.ContextWrapper.sendBroadcast:347 com.oppo.powermanager.PowerMgrService.sendBroadCastToPowermgrWidget:1149 com.oppo.powermanager.PowerMgrService.access$1900:108 com.oppo.powermanager.PowerMgrService$2.onReceive:1190 
D/PowerUI (  975): Intent start() mHideLowBDialog= false
D/NetworkController(  975): refreshView simColor = -1
D/NetworkController(  975): refreshViews connected={ wifi } level=3 combinedSignalIconId=0x7f02012b/com.android.systemui:drawable/oppo_stat_sys_wifi_signal_3 combinedActivityIconId=0x0 mobileLabel= wifiLabel=yunzhouxxxxXXXXxxxxXXXX combinedLabel=yunzhouxxxxXXXXxxxxXXXX mAirplaneMode=false mDataActivity=0 mPhoneSignalIconId=0x7f020125 mPhoneSignalIconId name :com.android.systemui:drawable/oppo_stat_sys_signal_null mDataDirectionIconId=0x7f020155 mDataSignalIconId=0x7f020125 mDataTypeIconId=0x0 mLastDataTypeIconId=0x0 mWifiIconId=0x7f02012b mBluetoothTetherIconId=0xc080095
D/NetworkController(  975): refreshView simColor = -1
D/NetworkController(  975): refreshViews connected={ wifi } level=3 combinedSignalIconId=0x7f02012b/com.android.systemui:drawable/oppo_stat_sys_wifi_signal_3 combinedActivityIconId=0x0 mobileLabel= wifiLabel=yunzhouxxxxXXXXxxxxXXXX combinedLabel=yunzhouxxxxXXXXxxxxXXXX mAirplaneMode=false mDataActivity=0 mPhoneSignalIconId=0x7f020125 mPhoneSignalIconId name :com.android.systemui:drawable/oppo_stat_sys_signal_null mDataDirectionIconId=0x7f020155 mDataSignalIconId=0x7f020125 mDataTypeIconId=0x0 mLastDataTypeIconId=0x0 mWifiIconId=0x7f02012b mBluetoothTetherIconId=0xc080095
D/NetworkController(  975): refreshView simColor = -1
D/NetworkController(  975): refreshViews connected={ wifi } level=3 combinedSignalIconId=0x7f02012b/com.android.systemui:drawable/oppo_stat_sys_wifi_signal_3 combinedActivityIconId=0x0 mobileLabel= wifiLabel=yunzhouxxxxXXXXxxxxXXXX combinedLabel=yunzhouxxxxXXXXxxxxXXXX mAirplaneMode=false mDataActivity=0 mPhoneSignalIconId=0x7f020125 mPhoneSignalIconId name :com.android.systemui:drawable/oppo_stat_sys_signal_null mDataDirectionIconId=0x7f020155 mDataSignalIconId=0x7f020125 mDataTypeIconId=0x0 mLastDataTypeIconId=0x0 mWifiIconId=0x7f02012b mBluetoothTetherIconId=0xc080095
D/NetworkController(  975): refreshView simColor = -1
D/NetworkController(  975): refreshViews connected={ wifi } level=3 combinedSignalIconId=0x7f02012b/com.android.systemui:drawable/oppo_stat_sys_wifi_signal_3 combinedActivityIconId=0x0 mobileLabel= wifiLabel=yunzhouxxxxXXXXxxxxXXXX combinedLabel=yunzhouxxxxXXXXxxxxXXXX mAirplaneMode=false mDataActivity=0 mPhoneSignalIconId=0x7f020125 mPhoneSignalIconId name :com.android.systemui:drawable/oppo_stat_sys_signal_null mDataDirectionIconId=0x7f020155 mDataSignalIconId=0x7f020125 mDataTypeIconId=0x0 mLastDataTypeIconId=0x0 mWifiIconId=0x7f02012b mBluetoothTetherIconId=0xc080095
D/NetworkController(  975): refreshView simColor = -1
D/NetworkController(  975): refreshViews connected={ wifi } level=3 combinedSignalIconId=0x7f02012b/com.android.systemui:drawable/oppo_stat_sys_wifi_signal_3 combinedActivityIconId=0x0 mobileLabel= wifiLabel=yunzhouxxxxXXXXxxxxXXXX combinedLabel=yunzhouxxxxXXXXxxxxXXXX mAirplaneMode=false mDataActivity=0 mPhoneSignalIconId=0x7f020125 mPhoneSignalIconId name :com.android.systemui:drawable/oppo_stat_sys_signal_null mDataDirectionIconId=0x7f020155 mDataSignalIconId=0x7f020125 mDataTypeIconId=0x0 mLastDataTypeIconId=0x0 mWifiIconId=0x7f02012b mBluetoothTetherIconId=0xc080095
D/BatteryService(  772): Processing new values: mAcOnline=false, mUsbOnline=true, mWirelessOnline=false, mBatteryStatus=2, mBatteryHealth=2, mBatteryPresent=true, mBatteryLevel=29, mBatteryTechnology=Li-ion, mBatteryVoltage=3768, mBatteryTemperature=327, mBatteryLevelCritical=false, mPlugType=2
D/OppoBatteryService(  772): Processing additional values: mChargerVoltage=4923, mLastChargerVoltage=4923, mBatteryCurrent=-44, mLastBatteryCurrent=14, mChargeVolStatus=3, mBatteryTemperature=327, mBatteryTempStatus=2, mAccessoryPresent=false, mAccessoryStatus=0, mAccessoryCapacity=0, mChargeTimeout=false, mChargeSocFall=false
D/OppoBatteryService(  772): Sending ACTION_ADDITIONAL_BATTERY_CHANGED.  chargervoltage: 4923 ,batterycurrent: -44 ,chargervolstatus: 3 ,batterytempstatus: 2 ,batteryvolstatus: 3 ,accessorypresent: false ,accessorystatus: 0 ,accessorycapacity: 0 ,chargetimeout: false ,chargesocfall: false ,mPlugType: 2
D/BatteryService(  772): Sending ACTION_BATTERY_CHANGED.  level:29, scale:100, status:2, health:2, present:true, voltage: 3768, temperature: 327, technology: Li-ion, AC powered:false, USB powered:true, Wireless powered:false, icon:17303411, invalid charger:0
W/ContextImpl( 1190): Calling a method in the system process without a qualified user: android.app.ContextImpl.sendBroadcast:1069 android.content.ContextWrapper.sendBroadcast:347 com.oppo.powermanager.PowerMgrService.sendBroadCastToPowermgrWidget:1149 com.oppo.powermanager.PowerMgrService.access$1900:108 com.oppo.powermanager.PowerMgrService$2.onReceive:1190 
D/PowerUI (  975): Intent start() mHideLowBDialog= false
D/NetworkController(  975): refreshView simColor = -1
D/NetworkController(  975): refreshViews connected={ wifi } level=3 combinedSignalIconId=0x7f02012b/com.android.systemui:drawable/oppo_stat_sys_wifi_signal_3 combinedActivityIconId=0x0 mobileLabel= wifiLabel=yunzhouxxxxXXXXxxxxXXXX combinedLabel=yunzhouxxxxXXXXxxxxXXXX mAirplaneMode=false mDataActivity=0 mPhoneSignalIconId=0x7f020125 mPhoneSignalIconId name :com.android.systemui:drawable/oppo_stat_sys_signal_null mDataDirectionIconId=0x7f020155 mDataSignalIconId=0x7f020125 mDataTypeIconId=0x0 mLastDataTypeIconId=0x0 mWifiIconId=0x7f02012b mBluetoothTetherIconId=0xc080095
D/NetworkController(  975): refreshView simColor = -1
D/NetworkController(  975): refreshViews connected={ wifi } level=3 combinedSignalIconId=0x7f02012b/com.android.systemui:drawable/oppo_stat_sys_wifi_signal_3 combinedActivityIconId=0x0 mobileLabel= wifiLabel=yunzhouxxxxXXXXxxxxXXXX combinedLabel=yunzhouxxxxXXXXxxxxXXXX mAirplaneMode=false mDataActivity=0 mPhoneSignalIconId=0x7f020125 mPhoneSignalIconId name :com.android.systemui:drawable/oppo_stat_sys_signal_null mDataDirectionIconId=0x7f020155 mDataSignalIconId=0x7f020125 mDataTypeIconId=0x0 mLastDataTypeIconId=0x0 mWifiIconId=0x7f02012b mBluetoothTetherIconId=0xc080095
D/NetworkController(  975): refreshView simColor = -1
D/NetworkController(  975): refreshViews connected={ wifi } level=3 combinedSignalIconId=0x7f02012b/com.android.systemui:drawable/oppo_stat_sys_wifi_signal_3 combinedActivityIconId=0x0 mobileLabel= wifiLabel=yunzhouxxxxXXXXxxxxXXXX combinedLabel=yunzhouxxxxXXXXxxxxXXXX mAirplaneMode=false mDataActivity=0 mPhoneSignalIconId=0x7f020125 mPhoneSignalIconId name :com.android.systemui:drawable/oppo_stat_sys_signal_null mDataDirectionIconId=0x7f020155 mDataSignalIconId=0x7f020125 mDataTypeIconId=0x0 mLastDataTypeIconId=0x0 mWifiIconId=0x7f02012b mBluetoothTetherIconId=0xc080095
D/NetworkController(  975): refreshView simColor = -1
D/NetworkController(  975): refreshViews connected={ wifi } level=3 combinedSignalIconId=0x7f02012b/com.android.systemui:drawable/oppo_stat_sys_wifi_signal_3 combinedActivityIconId=0x0 mobileLabel= wifiLabel=yunzhouxxxxXXXXxxxxXXXX combinedLabel=yunzhouxxxxXXXXxxxxXXXX mAirplaneMode=false mDataActivity=0 mPhoneSignalIconId=0x7f020125 mPhoneSignalIconId name :com.android.systemui:drawable/oppo_stat_sys_signal_null mDataDirectionIconId=0x7f020155 mDataSignalIconId=0x7f020125 mDataTypeIconId=0x0 mLastDataTypeIconId=0x0 mWifiIconId=0x7f02012b mBluetoothTetherIconId=0xc080095
D/NetworkController(  975): refreshView simColor = -1
D/NetworkController(  975): refreshViews connected={ wifi } level=3 combinedSignalIconId=0x7f02012b/com.android.systemui:drawable/oppo_stat_sys_wifi_signal_3 combinedActivityIconId=0x0 mobileLabel= wifiLabel=yunzhouxxxxXXXXxxxxXXXX combinedLabel=yunzhouxxxxXXXXxxxxXXXX mAirplaneMode=false mDataActivity=0 mPhoneSignalIconId=0x7f020125 mPhoneSignalIconId name :com.android.systemui:drawable/oppo_stat_sys_signal_null mDataDirectionIconId=0x7f020155 mDataSignalIconId=0x7f020125 mDataTypeIconId=0x0 mLastDataTypeIconId=0x0 mWifiIconId=0x7f02012b mBluetoothTetherIconId=0xc080095
D/BatteryService(  772): Processing new values: mAcOnline=false, mUsbOnline=true, mWirelessOnline=false, mBatteryStatus=2, mBatteryHealth=2, mBatteryPresent=true, mBatteryLevel=29, mBatteryTechnology=Li-ion, mBatteryVoltage=3777, mBatteryTemperature=325, mBatteryLevelCritical=false, mPlugType=2
D/OppoBatteryService(  772): Processing additional values: mChargerVoltage=4922, mLastChargerVoltage=4923, mBatteryCurrent=-53, mLastBatteryCurrent=-44, mChargeVolStatus=3, mBatteryTemperature=325, mBatteryTempStatus=2, mAccessoryPresent=false, mAccessoryStatus=0, mAccessoryCapacity=0, mChargeTimeout=false, mChargeSocFall=false
D/OppoBatteryService(  772): Sending ACTION_ADDITIONAL_BATTERY_CHANGED.  chargervoltage: 4922 ,batterycurrent: -53 ,chargervolstatus: 3 ,batterytempstatus: 2 ,batteryvolstatus: 3 ,accessorypresent: false ,accessorystatus: 0 ,accessorycapacity: 0 ,chargetimeout: false ,chargesocfall: false ,mPlugType: 2
D/BatteryService(  772): Sending ACTION_BATTERY_CHANGED.  level:29, scale:100, status:2, health:2, present:true, voltage: 3777, temperature: 325, technology: Li-ion, AC powered:false, USB powered:true, Wireless powered:false, icon:17303411, invalid charger:0
W/ContextImpl( 1190): Calling a method in the system process without a qualified user: android.app.ContextImpl.sendBroadcast:1069 android.content.ContextWrapper.sendBroadcast:347 com.oppo.powermanager.PowerMgrService.sendBroadCastToPowermgrWidget:1149 com.oppo.powermanager.PowerMgrService.access$1900:108 com.oppo.powermanager.PowerMgrService$2.onReceive:1190 
D/PowerUI (  975): Intent start() mHideLowBDialog= false
D/NetworkController(  975): refreshView simColor = -1
D/NetworkController(  975): refreshViews connected={ wifi } level=3 combinedSignalIconId=0x7f02012b/com.android.systemui:drawable/oppo_stat_sys_wifi_signal_3 combinedActivityIconId=0x0 mobileLabel= wifiLabel=yunzhouxxxxXXXXxxxxXXXX combinedLabel=yunzhouxxxxXXXXxxxxXXXX mAirplaneMode=false mDataActivity=0 mPhoneSignalIconId=0x7f020125 mPhoneSignalIconId name :com.android.systemui:drawable/oppo_stat_sys_signal_null mDataDirectionIconId=0x7f020155 mDataSignalIconId=0x7f020125 mDataTypeIconId=0x0 mLastDataTypeIconId=0x0 mWifiIconId=0x7f02012b mBluetoothTetherIconId=0xc080095
D/BatteryService(  772): Processing new values: mAcOnline=false, mUsbOnline=true, mWirelessOnline=false, mBatteryStatus=2, mBatteryHealth=2, mBatteryPresent=true, mBatteryLevel=29, mBatteryTechnology=Li-ion, mBatteryVoltage=3778, mBatteryTemperature=327, mBatteryLevelCritical=false, mPlugType=2
D/OppoBatteryService(  772): Processing additional values: mChargerVoltage=4926, mLastChargerVoltage=4922, mBatteryCurrent=-64, mLastBatteryCurrent=-53, mChargeVolStatus=3, mBatteryTemperature=327, mBatteryTempStatus=2, mAccessoryPresent=false, mAccessoryStatus=0, mAccessoryCapacity=0, mChargeTimeout=false, mChargeSocFall=false
D/OppoBatteryService(  772): Sending ACTION_ADDITIONAL_BATTERY_CHANGED.  chargervoltage: 4926 ,batterycurrent: -64 ,chargervolstatus: 3 ,batterytempstatus: 2 ,batteryvolstatus: 3 ,accessorypresent: false ,accessorystatus: 0 ,accessorycapacity: 0 ,chargetimeout: false ,chargesocfall: false ,mPlugType: 2
D/BatteryService(  772): Sending ACTION_BATTERY_CHANGED.  level:29, scale:100, status:2, health:2, present:true, voltage: 3778, temperature: 327, technology: Li-ion, AC powered:false, USB powered:true, Wireless powered:false, icon:17303411, invalid charger:0
W/ContextImpl( 1190): Calling a method in the system process without a qualified user: android.app.ContextImpl.sendBroadcast:1069 android.content.ContextWrapper.sendBroadcast:347 com.oppo.powermanager.PowerMgrService.sendBroadCastToPowermgrWidget:1149 com.oppo.powermanager.PowerMgrService.access$1900:108 com.oppo.powermanager.PowerMgrService$2.onReceive:1190 
D/PowerUI (  975): Intent start() mHideLowBDialog= false
D/NetworkController(  975): refreshView simColor = -1
D/NetworkController(  975): refreshViews connected={ wifi } level=3 combinedSignalIconId=0x7f02012b/com.android.systemui:drawable/oppo_stat_sys_wifi_signal_3 combinedActivityIconId=0x0 mobileLabel= wifiLabel=yunzhouxxxxXXXXxxxxXXXX combinedLabel=yunzhouxxxxXXXXxxxxXXXX mAirplaneMode=false mDataActivity=0 mPhoneSignalIconId=0x7f020125 mPhoneSignalIconId name :com.android.systemui:drawable/oppo_stat_sys_signal_null mDataDirectionIconId=0x7f020155 mDataSignalIconId=0x7f020125 mDataTypeIconId=0x0 mLastDataTypeIconId=0x0 mWifiIconId=0x7f02012b mBluetoothTetherIconId=0xc080095
D/NetworkController(  975): refreshView simColor = -1
D/NetworkController(  975): refreshViews connected={ wifi } level=3 combinedSignalIconId=0x7f02012b/com.android.systemui:drawable/oppo_stat_sys_wifi_signal_3 combinedActivityIconId=0x0 mobileLabel= wifiLabel=yunzhouxxxxXXXXxxxxXXXX combinedLabel=yunzhouxxxxXXXXxxxxXXXX mAirplaneMode=false mDataActivity=0 mPhoneSignalIconId=0x7f020125 mPhoneSignalIconId name :com.android.systemui:drawable/oppo_stat_sys_signal_null mDataDirectionIconId=0x7f020155 mDataSignalIconId=0x7f020125 mDataTypeIconId=0x0 mLastDataTypeIconId=0x0 mWifiIconId=0x7f02012b mBluetoothTetherIconId=0xc080095
I/ActivityManager(  772): Start proc com.nearme.ocloud for service com.nearme.ocloud/com.nearme.pull.service.PullService: pid=21682 uid=10037 gids={50037, 1015, 3003, 1028}
D/OppoAlarmManagerHelper(  772): checkPackage need align time pkg == com.pindou.xiaoqu
D/OppoAlarmManagerHelper(  772): alignTriggerTime triggerAtTime == 1417143000000
D/OppoAlarmManagerHelper(  772): checkPackage need align time pkg == com.pindou.xiaoqu
D/NetworkController(  975): refreshView simColor = -1
D/NetworkController(  975): refreshViews connected={ wifi } level=3 combinedSignalIconId=0x7f02012b/com.android.systemui:drawable/oppo_stat_sys_wifi_signal_3 combinedActivityIconId=0x0 mobileLabel= wifiLabel=yunzhouxxxxXXXXxxxxXXXX combinedLabel=yunzhouxxxxXXXXxxxxXXXX mAirplaneMode=false mDataActivity=0 mPhoneSignalIconId=0x7f020125 mPhoneSignalIconId name :com.android.systemui:drawable/oppo_stat_sys_signal_null mDataDirectionIconId=0x7f020155 mDataSignalIconId=0x7f020125 mDataTypeIconId=0x0 mLastDataTypeIconId=0x0 mWifiIconId=0x7f02012b mBluetoothTetherIconId=0xc080095
D/BatteryService(  772): Processing new values: mAcOnline=false, mUsbOnline=true, mWirelessOnline=false, mBatteryStatus=2, mBatteryHealth=2, mBatteryPresent=true, mBatteryLevel=29, mBatteryTechnology=Li-ion, mBatteryVoltage=3769, mBatteryTemperature=327, mBatteryLevelCritical=false, mPlugType=2
D/OppoBatteryService(  772): Processing additional values: mChargerVoltage=4921, mLastChargerVoltage=4926, mBatteryCurrent=-32, mLastBatteryCurrent=-64, mChargeVolStatus=3, mBatteryTemperature=327, mBatteryTempStatus=2, mAccessoryPresent=false, mAccessoryStatus=0, mAccessoryCapacity=0, mChargeTimeout=false, mChargeSocFall=false
D/OppoBatteryService(  772): Sending ACTION_ADDITIONAL_BATTERY_CHANGED.  chargervoltage: 4921 ,batterycurrent: -32 ,chargervolstatus: 3 ,batterytempstatus: 2 ,batteryvolstatus: 3 ,accessorypresent: false ,accessorystatus: 0 ,accessorycapacity: 0 ,chargetimeout: false ,chargesocfall: false ,mPlugType: 2
D/BatteryService(  772): Sending ACTION_BATTERY_CHANGED.  level:29, scale:100, status:2, health:2, present:true, voltage: 3769, temperature: 327, technology: Li-ion, AC powered:false, USB powered:true, Wireless powered:false, icon:17303411, invalid charger:0
W/ContextImpl( 1190): Calling a method in the system process without a qualified user: android.app.ContextImpl.sendBroadcast:1069 android.content.ContextWrapper.sendBroadcast:347 com.oppo.powermanager.PowerMgrService.sendBroadCastToPowermgrWidget:1149 com.oppo.powermanager.PowerMgrService.access$1900:108 com.oppo.powermanager.PowerMgrService$2.onReceive:1190 
D/PowerUI (  975): Intent start() mHideLowBDialog= false
D/NetworkController(  975): refreshView simColor = -1
D/NetworkController(  975): refreshViews connected={ wifi } level=3 combinedSignalIconId=0x7f02012b/com.android.systemui:drawable/oppo_stat_sys_wifi_signal_3 combinedActivityIconId=0x0 mobileLabel= wifiLabel=yunzhouxxxxXXXXxxxxXXXX combinedLabel=yunzhouxxxxXXXXxxxxXXXX mAirplaneMode=false mDataActivity=0 mPhoneSignalIconId=0x7f020125 mPhoneSignalIconId name :com.android.systemui:drawable/oppo_stat_sys_signal_null mDataDirectionIconId=0x7f020155 mDataSignalIconId=0x7f020125 mDataTypeIconId=0x0 mLastDataTypeIconId=0x0 mWifiIconId=0x7f02012b mBluetoothTetherIconId=0xc080095
D/NetworkController(  975): refreshView simColor = -1
D/NetworkController(  975): refreshViews connected={ wifi } level=3 combinedSignalIconId=0x7f02012b/com.android.systemui:drawable/oppo_stat_sys_wifi_signal_3 combinedActivityIconId=0x0 mobileLabel= wifiLabel=yunzhouxxxxXXXXxxxxXXXX combinedLabel=yunzhouxxxxXXXXxxxxXXXX mAirplaneMode=false mDataActivity=0 mPhoneSignalIconId=0x7f020125 mPhoneSignalIconId name :com.android.systemui:drawable/oppo_stat_sys_signal_null mDataDirectionIconId=0x7f020155 mDataSignalIconId=0x7f020125 mDataTypeIconId=0x0 mLastDataTypeIconId=0x0 mWifiIconId=0x7f02012b mBluetoothTetherIconId=0xc080095
D/NetworkController(  975): refreshView simColor = -1
D/NetworkController(  975): refreshViews connected={ wifi } level=3 combinedSignalIconId=0x7f02012b/com.android.systemui:drawable/oppo_stat_sys_wifi_signal_3 combinedActivityIconId=0x0 mobileLabel= wifiLabel=yunzhouxxxxXXXXxxxxXXXX combinedLabel=yunzhouxxxxXXXXxxxxXXXX mAirplaneMode=false mDataActivity=0 mPhoneSignalIconId=0x7f020125 mPhoneSignalIconId name :com.android.systemui:drawable/oppo_stat_sys_signal_null mDataDirectionIconId=0x7f020155 mDataSignalIconId=0x7f020125 mDataTypeIconId=0x0 mLastDataTypeIconId=0x0 mWifiIconId=0x7f02012b mBluetoothTetherIconId=0xc080095
D/NetworkController(  975): refreshView simColor = -1
D/NetworkController(  975): refreshViews connected={ wifi } level=3 combinedSignalIconId=0x7f02012b/com.android.systemui:drawable/oppo_stat_sys_wifi_signal_3 combinedActivityIconId=0x0 mobileLabel= wifiLabel=yunzhouxxxxXXXXxxxxXXXX combinedLabel=yunzhouxxxxXXXXxxxxXXXX mAirplaneMode=false mDataActivity=0 mPhoneSignalIconId=0x7f020125 mPhoneSignalIconId name :com.android.systemui:drawable/oppo_stat_sys_signal_null mDataDirectionIconId=0x7f020155 mDataSignalIconId=0x7f020125 mDataTypeIconId=0x0 mLastDataTypeIconId=0x0 mWifiIconId=0x7f02012b mBluetoothTetherIconId=0xc080095
D/BatteryService(  772): Processing new values: mAcOnline=false, mUsbOnline=true, mWirelessOnline=false, mBatteryStatus=2, mBatteryHealth=2, mBatteryPresent=true, mBatteryLevel=29, mBatteryTechnology=Li-ion, mBatteryVoltage=3769, mBatteryTemperature=325, mBatteryLevelCritical=false, mPlugType=2
D/OppoBatteryService(  772): Processing additional values: mChargerVoltage=4916, mLastChargerVoltage=4921, mBatteryCurrent=-32, mLastBatteryCurrent=-32, mChargeVolStatus=3, mBatteryTemperature=325, mBatteryTempStatus=2, mAccessoryPresent=false, mAccessoryStatus=0, mAccessoryCapacity=0, mChargeTimeout=false, mChargeSocFall=false
D/OppoBatteryService(  772): Sending ACTION_ADDITIONAL_BATTERY_CHANGED.  chargervoltage: 4916 ,batterycurrent: -32 ,chargervolstatus: 3 ,batterytempstatus: 2 ,batteryvolstatus: 3 ,accessorypresent: false ,accessorystatus: 0 ,accessorycapacity: 0 ,chargetimeout: false ,chargesocfall: false ,mPlugType: 2
D/BatteryService(  772): Sending ACTION_BATTERY_CHANGED.  level:29, scale:100, status:2, health:2, present:true, voltage: 3769, temperature: 325, technology: Li-ion, AC powered:false, USB powered:true, Wireless powered:false, icon:17303411, invalid charger:0
D/PowerUI (  975): Intent start() mHideLowBDialog= false
W/ContextImpl( 1190): Calling a method in the system process without a qualified user: android.app.ContextImpl.sendBroadcast:1069 android.content.ContextWrapper.sendBroadcast:347 com.oppo.powermanager.PowerMgrService.sendBroadCastToPowermgrWidget:1149 com.oppo.powermanager.PowerMgrService.access$1900:108 com.oppo.powermanager.PowerMgrService$2.onReceive:1190 
D/NetworkController(  975): refreshView simColor = -1
D/NetworkController(  975): refreshViews connected={ wifi } level=3 combinedSignalIconId=0x7f02012b/com.android.systemui:drawable/oppo_stat_sys_wifi_signal_3 combinedActivityIconId=0x0 mobileLabel= wifiLabel=yunzhouxxxxXXXXxxxxXXXX combinedLabel=yunzhouxxxxXXXXxxxxXXXX mAirplaneMode=false mDataActivity=0 mPhoneSignalIconId=0x7f020125 mPhoneSignalIconId name :com.android.systemui:drawable/oppo_stat_sys_signal_null mDataDirectionIconId=0x7f020155 mDataSignalIconId=0x7f020125 mDataTypeIconId=0x0 mLastDataTypeIconId=0x0 mWifiIconId=0x7f02012b mBluetoothTetherIconId=0xc080095
D/NetworkController(  975): refreshView simColor = -1
D/NetworkController(  975): refreshViews connected={ wifi } level=3 combinedSignalIconId=0x7f02012b/com.android.systemui:drawable/oppo_stat_sys_wifi_signal_3 combinedActivityIconId=0x0 mobileLabel= wifiLabel=yunzhouxxxxXXXXxxxxXXXX combinedLabel=yunzhouxxxxXXXXxxxxXXXX mAirplaneMode=false mDataActivity=0 mPhoneSignalIconId=0x7f020125 mPhoneSignalIconId name :com.android.systemui:drawable/oppo_stat_sys_signal_null mDataDirectionIconId=0x7f020155 mDataSignalIconId=0x7f020125 mDataTypeIconId=0x0 mLastDataTypeIconId=0x0 mWifiIconId=0x7f02012b mBluetoothTetherIconId=0xc080095
D/NetworkController(  975): refreshView simColor = -1
D/NetworkController(  975): refreshViews connected={ wifi } level=3 combinedSignalIconId=0x7f02012b/com.android.systemui:drawable/oppo_stat_sys_wifi_signal_3 combinedActivityIconId=0x0 mobileLabel= wifiLabel=yunzhouxxxxXXXXxxxxXXXX combinedLabel=yunzhouxxxxXXXXxxxxXXXX mAirplaneMode=false mDataActivity=0 mPhoneSignalIconId=0x7f020125 mPhoneSignalIconId name :com.android.systemui:drawable/oppo_stat_sys_signal_null mDataDirectionIconId=0x7f020155 mDataSignalIconId=0x7f020125 mDataTypeIconId=0x0 mLastDataTypeIconId=0x0 mWifiIconId=0x7f02012b mBluetoothTetherIconId=0xc080095
D/BatteryService(  772): Processing new values: mAcOnline=false, mUsbOnline=true, mWirelessOnline=false, mBatteryStatus=2, mBatteryHealth=2, mBatteryPresent=true, mBatteryLevel=29, mBatteryTechnology=Li-ion, mBatteryVoltage=3777, mBatteryTemperature=327, mBatteryLevelCritical=false, mPlugType=2
D/OppoBatteryService(  772): Processing additional values: mChargerVoltage=4922, mLastChargerVoltage=4916, mBatteryCurrent=-49, mLastBatteryCurrent=-32, mChargeVolStatus=3, mBatteryTemperature=327, mBatteryTempStatus=2, mAccessoryPresent=false, mAccessoryStatus=0, mAccessoryCapacity=0, mChargeTimeout=false, mChargeSocFall=false
D/OppoBatteryService(  772): Sending ACTION_ADDITIONAL_BATTERY_CHANGED.  chargervoltage: 4922 ,batterycurrent: -49 ,chargervolstatus: 3 ,batterytempstatus: 2 ,batteryvolstatus: 3 ,accessorypresent: false ,accessorystatus: 0 ,accessorycapacity: 0 ,chargetimeout: false ,chargesocfall: false ,mPlugType: 2
