V/Monotype(20409): 		Typeface getFontPathFlipFont - typefaceIndex = 1
V/Monotype(20409): 		Typeface getFontPathFlipFont - fontPath = default
V/Monotype(20409): Typeface->setTypefaceFlipFont Font Path = none.  path = default
V/Monotype(22260): Typeface->setTypefaceFlipFont Font Path = none.  path = default
V/Monotype(22260): Typeface->setTypefaceFlipFont path = /system/fonts/UIFont.ttf
V/Monotype(22260): Typeface->setTypefaceFlipFont path has not changed.  path = /system/fonts/UIFont.ttf
V/Monotype(20409): Typeface->setTypefaceFlipFont path = /system/fonts/UIFont.ttf
V/Monotype(22260): END Typeface->setAppTypeface app=com.nearme.statistics.rom def=1526427288
V/Monotype(20409): Typeface->setTypefaceFlipFont path has not changed.  path = /system/fonts/UIFont.ttf
V/Monotype(20409): END Typeface->setAppTypeface app=com.yaya.zone def=1514025664
V/Monotype(20149): Typeface->setAppTypeface app=com.oppo.activation def=1526429632
V/Monotype(20149): SetAppTypeFace- try to flip, app = com.oppo.activation
V/Monotype(20149): 		Typeface getFontPathFlipFont - typefaceIndex = 1
V/Monotype(20149): 		Typeface getFontPathFlipFont - fontPath = default
V/Monotype(20149): Typeface->setTypefaceFlipFont Font Path = none.  path = default
V/Monotype(20149): Typeface->setTypefaceFlipFont path = /system/fonts/UIFont.ttf
V/Monotype(20149): Typeface->setTypefaceFlipFont path has not changed.  path = /system/fonts/UIFont.ttf
V/Monotype(20149): END Typeface->setAppTypeface app=com.oppo.activation def=1526429632
V/Monotype(17270): Typeface->setAppTypeface app=com.weihua.superphone def=1078551456
D/OppoPhoneWindowManager(  772): finishPostLayoutPolicyLw size =1
V/Monotype(17270): SetAppTypeFace- try to flip, app = com.weihua.superphone
V/Monotype(17270): 		Typeface getFontPathFlipFont - typefaceIndex = 1
V/Monotype(17270): 		Typeface getFontPathFlipFont - fontPath = default
V/Monotype(17270): Typeface->setTypefaceFlipFont Font Path = none.  path = default
V/Monotype(17270): Typeface->setTypefaceFlipFont path = /system/fonts/UIFont.ttf
V/Monotype(17270): Typeface->setTypefaceFlipFont path has not changed.  path = /system/fonts/UIFont.ttf
V/Monotype(17270): END Typeface->setAppTypeface app=com.weihua.superphone def=1078551456
V/Monotype(22663): Typeface->setAppTypeface app=com.android.providers.media def=1082744728
V/Monotype(22663): SetAppTypeFace- try to flip, app = com.android.providers.media
V/Monotype(22663): 		Typeface getFontPathFlipFont - typefaceIndex = 1
V/Monotype(22663): 		Typeface getFontPathFlipFont - fontPath = default
V/Monotype( 1383): Typeface->setAppTypeface app=com.baidu.map.location def=1096124720
V/Monotype(22663): Typeface->setTypefaceFlipFont Font Path = none.  path = default
V/Monotype( 1383): SetAppTypeFace- try to flip, app = com.baidu.map.location
V/Monotype(22663): Typeface->setTypefaceFlipFont path = /system/fonts/UIFont.ttf
V/Monotype( 1383): 		Typeface getFontPathFlipFont - typefaceIndex = 1
V/Monotype(22663): Typeface->setTypefaceFlipFont path has not changed.  path = /system/fonts/UIFont.ttf
V/Monotype( 1383): 		Typeface getFontPathFlipFont - fontPath = default
V/Monotype( 1383): Typeface->setTypefaceFlipFont Font Path = none.  path = default
V/Monotype(22663): END Typeface->setAppTypeface app=com.android.providers.media def=1082744728
V/Monotype( 1383): Typeface->setTypefaceFlipFont path = /system/fonts/UIFont.ttf
V/Monotype( 1383): Typeface->setTypefaceFlipFont path has not changed.  path = /system/fonts/UIFont.ttf
V/Monotype( 1383): END Typeface->setAppTypeface app=com.baidu.map.location def=1096124720
V/Monotype(22663): Typeface->setAppTypeface app=com.android.providers.downloads def=1082744728
V/Monotype(22663): SetAppTypeFace- try to flip, app = com.android.providers.downloads
V/Monotype(22663): 		Typeface getFontPathFlipFont - typefaceIndex = 1
V/Monotype(22663): 		Typeface getFontPathFlipFont - fontPath = default
V/Monotype(22663): Typeface->setTypefaceFlipFont Font Path = none.  path = default
V/Monotype(22663): Typeface->setTypefaceFlipFont path = /system/fonts/UIFont.ttf
V/Monotype( 1266): Typeface->setAppTypeface app=com.oppo.launcher def=1528032792
V/Monotype( 1266): SetAppTypeFace- try to flip, app = com.oppo.launcher
V/Monotype(22663): Typeface->setTypefaceFlipFont path has not changed.  path = /system/fonts/UIFont.ttf
V/Monotype( 1285): Typeface->setAppTypeface app=com.baidu.map.location def=1096124576
V/Monotype( 1266): 		Typeface getFontPathFlipFont - typefaceIndex = 1
V/Monotype(22663): END Typeface->setAppTypeface app=com.android.providers.downloads def=1082744728
V/Monotype( 1285): SetAppTypeFace- try to flip, app = com.baidu.map.location
V/Monotype( 1266): 		Typeface getFontPathFlipFont - fontPath = default
V/Monotype( 1285): 		Typeface getFontPathFlipFont - typefaceIndex = 1
V/Monotype( 1266): Typeface->setTypefaceFlipFont Font Path = none.  path = default
V/Monotype( 1285): 		Typeface getFontPathFlipFont - fontPath = default
V/Monotype( 1266): Typeface->setTypefaceFlipFont path = /system/fonts/UIFont.ttf
V/Monotype( 1285): Typeface->setTypefaceFlipFont Font Path = none.  path = default
V/Monotype( 1285): Typeface->setTypefaceFlipFont path = /system/fonts/UIFont.ttf
V/Monotype( 1266): Typeface->setTypefaceFlipFont path has not changed.  path = /system/fonts/UIFont.ttf
V/Monotype( 1285): Typeface->setTypefaceFlipFont path has not changed.  path = /system/fonts/UIFont.ttf
V/Monotype( 1266): END Typeface->setAppTypeface app=com.oppo.launcher def=1528032792
V/Monotype( 1285): END Typeface->setAppTypeface app=com.baidu.map.location def=1096124576
V/Monotype(22396): Typeface->setAppTypeface app=com.oppo.weather def=1526564232
V/Monotype(22396): SetAppTypeFace- try to flip, app = com.oppo.weather
V/Monotype(22396): 		Typeface getFontPathFlipFont - typefaceIndex = 1
V/Monotype(22396): 		Typeface getFontPathFlipFont - fontPath = default
V/Monotype(22396): Typeface->setTypefaceFlipFont Font Path = none.  path = default
V/Monotype(22396): Typeface->setTypefaceFlipFont path = /system/fonts/UIFont.ttf
V/Monotype(22396): Typeface->setTypefaceFlipFont path has not changed.  path = /system/fonts/UIFont.ttf
V/Monotype(22396): END Typeface->setAppTypeface app=com.oppo.weather def=1526564232
V/Monotype(16795): Typeface->setAppTypeface app=com.android.defcontainer def=1526429632
V/Monotype(16795): SetAppTypeFace- try to flip, app = com.android.defcontainer
V/Monotype(16795): 		Typeface getFontPathFlipFont - typefaceIndex = 1
V/Monotype(16795): 		Typeface getFontPathFlipFont - fontPath = default
V/Monotype(16795): Typeface->setTypefaceFlipFont Font Path = none.  path = default
V/Monotype(16795): Typeface->setTypefaceFlipFont path = /system/fonts/UIFont.ttf
V/Monotype(16795): Typeface->setTypefaceFlipFont path has not changed.  path = /system/fonts/UIFont.ttf
V/Monotype(16795): END Typeface->setAppTypeface app=com.android.defcontainer def=1526429632
V/Monotype(21784): Typeface->setAppTypeface app=hh.root def=1526427152
V/Monotype(21784): SetAppTypeFace- try to flip, app = hh.root
V/Monotype(21784): 		Typeface getFontPathFlipFont - typefaceIndex = 1
V/Monotype(21784): 		Typeface getFontPathFlipFont - fontPath = default
V/Monotype(21784): Typeface->setTypefaceFlipFont Font Path = none.  path = default
V/Monotype(21784): Typeface->setTypefaceFlipFont path = /system/fonts/UIFont.ttf
V/Monotype(21784): Typeface->setTypefaceFlipFont path has not changed.  path = /system/fonts/UIFont.ttf
V/Monotype(21784): END Typeface->setAppTypeface app=hh.root def=1526427152
V/Monotype(21784): Typeface->setAppTypeface app=hh.root def=1526427152
V/Monotype(21784): SetAppTypeFace- try to flip, app = hh.root
V/Monotype(21784): 		Typeface getFontPathFlipFont - typefaceIndex = 1
V/Monotype(21784): 		Typeface getFontPathFlipFont - fontPath = default
V/Monotype(21784): Typeface->setTypefaceFlipFont Font Path = none.  path = default
V/Monotype(21784): Typeface->setTypefaceFlipFont path = /system/fonts/UIFont.ttf
V/Monotype(21784): Typeface->setTypefaceFlipFont path has not changed.  path = /system/fonts/UIFont.ttf
V/Monotype(21784): END Typeface->setAppTypeface app=hh.root def=1526427152
V/Monotype( 4815): Typeface->setAppTypeface app=com.android.providers.contacts def=1526496104
V/Monotype( 4815): SetAppTypeFace- try to flip, app = com.android.providers.contacts
V/Monotype( 4815): 		Typeface getFontPathFlipFont - typefaceIndex = 1
V/Monotype( 4815): 		Typeface getFontPathFlipFont - fontPath = default
V/Monotype( 4815): Typeface->setTypefaceFlipFont Font Path = none.  path = default
V/Monotype( 4815): Typeface->setTypefaceFlipFont path = /system/fonts/UIFont.ttf
V/Monotype( 4815): Typeface->setTypefaceFlipFont path has not changed.  path = /system/fonts/UIFont.ttf
V/Monotype( 4815): END Typeface->setAppTypeface app=com.android.providers.contacts def=1526496104
V/Monotype(10724): Typeface->setAppTypeface app=com.talkingflower def=1514025664
V/Monotype(10724): SetAppTypeFace- try to flip, app = com.talkingflower
V/Monotype(10724): 		Typeface getFontPathFlipFont - typefaceIndex = 1
V/Monotype(10724): 		Typeface getFontPathFlipFont - fontPath = default
V/Monotype(10724): Typeface->setTypefaceFlipFont Font Path = none.  path = default
V/Monotype(10724): Typeface->setTypefaceFlipFont path = /system/fonts/UIFont.ttf
V/Monotype(10724): Typeface->setTypefaceFlipFont path has not changed.  path = /system/fonts/UIFont.ttf
V/Monotype(10724): END Typeface->setAppTypeface app=com.talkingflower def=1514025664
D/OppoPhoneWindowManager(  772): finishPostLayoutPolicyLw size =1
D/NetworkController(  975): onReceive(): action = android.intent.action.CONFIGURATION_CHANGED
I/SignalClusterView(  975): updatePlmnTextView, s :SIM, type :0, mPlmnShowType :0
D/NetworkController(  975): refreshViews(): mDataConnected = false mDataActivity = 0 mMobileActivityIconId= com.mediatek.systemui.ext.IconIdWrapper@425e8178 mMobileActivityIconId.getIconId= 0 mMobileActivityIconId.getResources= null.
I/NetworkController(  975): simId has no service:
D/updatePlmnText(  975): mPlmnDisplayType0
D/updatePlmnText(  975): have service :false
D/updatePlmnText(  975): updatePlmnText : SIM
D/updatePlmnText(  975): updatePlmnText in notification : , sim state :ABSENT
D/NetworkController(  975): refreshView simColor = -1
D/NetworkController(  975): updateBottomDateAndPlmnText, mDateFlowShow :true
D/NetworkController(  975): updateBottomDateAndPlmnText, mDateFlowString :null
D/NetworkController(  975): updateBottomDateAndPlmnText ,
D/PhoneStatusBar(  975): onReceive, action=android.intent.action.CONFIGURATION_CHANGED
D/PhoneStatusBar(  975): updateResources
D/PowerUI (  975): action = android.intent.action.CONFIGURATION_CHANGED
D/Clock   (  975): action =android.intent.action.CONFIGURATION_CHANGED
D/Clock   (  975): action =android.intent.action.CONFIGURATION_CHANGED
I/LauncherElementGallery(  975): action:android.intent.action.CONFIGURATION_CHANGED
I/LauncherElementGallery(  975): action:android.intent.action.CONFIGURATION_CHANGED
I/LauncherElementGallery(  975): action:android.intent.action.CONFIGURATION_CHANGED
I/LauncherElementGallery(  975): action:android.intent.action.CONFIGURATION_CHANGED
D/NetworkController(  975): refreshViews connected={ wifi } level=3 combinedSignalIconId=0x7f02012b/com.android.systemui:drawable/oppo_stat_sys_wifi_signal_3 combinedActivityIconId=0x0 mobileLabel= wifiLabel=yunzhouxxxxXXXXxxxxXXXX combinedLabel=yunzhouxxxxXXXXxxxxXXXX mAirplaneMode=false mDataActivity=0 mPhoneSignalIconId=0x7f020125 mPhoneSignalIconId name :com.android.systemui:drawable/oppo_stat_sys_signal_null mDataDirectionIconId=0x7f020155 mDataSignalIconId=0x7f020125 mDataTypeIconId=0x0 mLastDataTypeIconId=0x0 mWifiIconId=0x7f02012b mBluetoothTetherIconId=0xc080095
D/OppoPhoneWindowManager(  772): finishPostLayoutPolicyLw size =1
D/RecentsPanelView(  975): panelHeight=870
I/IconMerger(  975): insertPosition :0
D/NetworkController(  975): refreshViews(): mDataConnected = false mDataActivity = 0 mMobileActivityIconId= com.mediatek.systemui.ext.IconIdWrapper@425e8178 mMobileActivityIconId.getIconId= 0 mMobileActivityIconId.getResources= null.
D/NetworkController(  975): updateBottomDateAndPlmnText, mDateFlowShow :true
D/NetworkController(  975): updateBottomDateAndPlmnText, mDateFlowString :null
D/NetworkController(  975): updateBottomDateAndPlmnText ,
D/NetworkController(  975): refreshView simColor = -1
D/NetworkController(  975): refreshViews connected={ wifi } level=3 combinedSignalIconId=0x7f02012b/com.android.systemui:drawable/oppo_stat_sys_wifi_signal_3 combinedActivityIconId=0x0 mobileLabel= wifiLabel=yunzhouxxxxXXXXxxxxXXXX combinedLabel=yunzhouxxxxXXXXxxxxXXXX mAirplaneMode=false mDataActivity=0 mPhoneSignalIconId=0x7f020125 mPhoneSignalIconId name :com.android.systemui:drawable/oppo_stat_sys_signal_null mDataDirectionIconId=0x7f020155 mDataSignalIconId=0x7f020125 mDataTypeIconId=0x0 mLastDataTypeIconId=0x0 mWifiIconId=0x7f02012b mBluetoothTetherIconId=0xc080095
D/OppoPhoneWindowManager(  772): finishPostLayoutPolicyLw size =1
D/BatteryService(  772): Processing new values: mAcOnline=false, mUsbOnline=true, mWirelessOnline=false, mBatteryStatus=2, mBatteryHealth=2, mBatteryPresent=true, mBatteryLevel=29, mBatteryTechnology=Li-ion, mBatteryVoltage=3629, mBatteryTemperature=330, mBatteryLevelCritical=false, mPlugType=2
W/ProcessStats(  772): Skipping unknown process pid 22742
D/PowerUI (  975): action = android.intent.action.ADDITIONAL_BATTERY_CHANGED
D/StatusBar.BatteryController(  975): BatteryController onReceive action is android.intent.action.BATTERY_CHANGED
D/OppoBatteryService(  772): Processing additional values: mChargerVoltage=5154, mLastChargerVoltage=17, mBatteryCurrent=764, mLastBatteryCurrent=383, mChargeVolStatus=3, mBatteryTemperature=330, mBatteryTempStatus=2, mAccessoryPresent=false, mAccessoryStatus=0, mAccessoryCapacity=0, mChargeTimeout=false, mChargeSocFall=false
D/OppoBatteryService(  772): Sending ACTION_ADDITIONAL_BATTERY_CHANGED.  chargervoltage: 5154 ,batterycurrent: 764 ,chargervolstatus: 3 ,batterytempstatus: 2 ,batteryvolstatus: 3 ,accessorypresent: false ,accessorystatus: 0 ,accessorycapacity: 0 ,chargetimeout: false ,chargesocfall: false ,mPlugType: 2
D/BatteryService(  772): Sending ACTION_BATTERY_CHANGED.  level:29, scale:100, status:2, health:2, present:true, voltage: 3629, temperature: 330, technology: Li-ion, AC powered:false, USB powered:true, Wireless powered:false, icon:17303411, invalid charger:0
D/LBSSystemMonitorService(  772): handleMessage what - 3
D/DeviceContext(  772): handleMessage what - 1
I/PowerManagerSrv( 1190): sendBroadCastToPowermgrWidget
D/OppoLightsService(  772): +++++++setLightLocked mButtonLightMode = MODE_AUTO_TIMEOUT
W/ContextImpl( 1190): Calling a method in the system process without a qualified user: android.app.ContextImpl.sendBroadcast:1069 android.content.ContextWrapper.sendBroadcast:347 com.oppo.powermanager.PowerMgrService.sendBroadCastToPowermgrWidget:1149 com.oppo.powermanager.PowerMgrService.access$1900:108 com.oppo.powermanager.PowerMgrService$2.onReceive:1190 
D/BatteryService(  772): Processing new values: mAcOnline=false, mUsbOnline=true, mWirelessOnline=false, mBatteryStatus=2, mBatteryHealth=2, mBatteryPresent=true, mBatteryLevel=29, mBatteryTechnology=Li-ion, mBatteryVoltage=3694, mBatteryTemperature=327, mBatteryLevelCritical=false, mPlugType=2
D/OppoBatteryService(  772): Processing additional values: mChargerVoltage=4921, mLastChargerVoltage=5154, mBatteryCurrent=304, mLastBatteryCurrent=764, mChargeVolStatus=3, mBatteryTemperature=327, mBatteryTempStatus=2, mAccessoryPresent=false, mAccessoryStatus=0, mAccessoryCapacity=0, mChargeTimeout=false, mChargeSocFall=false
D/OppoBatteryService(  772): Sending ACTION_ADDITIONAL_BATTERY_CHANGED.  chargervoltage: 4921 ,batterycurrent: 304 ,chargervolstatus: 3 ,batterytempstatus: 2 ,batteryvolstatus: 3 ,accessorypresent: false ,accessorystatus: 0 ,accessorycapacity: 0 ,chargetimeout: false ,chargesocfall: false ,mPlugType: 2
D/BatteryService(  772): Sending ACTION_BATTERY_CHANGED.  level:29, scale:100, status:2, health:2, present:true, voltage: 3694, temperature: 327, technology: Li-ion, AC powered:false, USB powered:true, Wireless powered:false, icon:17303411, invalid charger:0
I/PowerManagerSrv( 1190): sendBroadCastToPowermgrWidget
W/UsbDeviceManager(  772): mUEventObserver: onUEvent: state = CONNECTED
W/UsbDeviceManager(  772): updateState: CONNECTED
W/UsbDeviceManager(  772): mUEventObserver: onUEvent: state = DISCONNECTED
W/UsbDeviceManager(  772): handleMessage: 0
W/UsbDeviceManager(  772): updateState: DISCONNECTED
W/ContextImpl( 1190): Calling a method in the system process without a qualified user: android.app.ContextImpl.sendBroadcast:1069 android.content.ContextWrapper.sendBroadcast:347 com.oppo.powermanager.PowerMgrService.sendBroadCastToPowermgrWidget:1149 com.oppo.powermanager.PowerMgrService.access$1900:108 com.oppo.powermanager.PowerMgrService$2.onReceive:1190 
D/BatteryService(  772): Processing new values: mAcOnline=false, mUsbOnline=true, mWirelessOnline=false, mBatteryStatus=2, mBatteryHealth=2, mBatteryPresent=true, mBatteryLevel=29, mBatteryTechnology=Li-ion, mBatteryVoltage=3646, mBatteryTemperature=330, mBatteryLevelCritical=false, mPlugType=2
D/OppoBatteryService(  772): Processing additional values: mChargerVoltage=4919, mLastChargerVoltage=4921, mBatteryCurrent=529, mLastBatteryCurrent=304, mChargeVolStatus=3, mBatteryTemperature=330, mBatteryTempStatus=2, mAccessoryPresent=false, mAccessoryStatus=0, mAccessoryCapacity=0, mChargeTimeout=false, mChargeSocFall=false
D/OppoBatteryService(  772): Sending ACTION_ADDITIONAL_BATTERY_CHANGED.  chargervoltage: 4919 ,batterycurrent: 529 ,chargervolstatus: 3 ,batterytempstatus: 2 ,batteryvolstatus: 3 ,accessorypresent: false ,accessorystatus: 0 ,accessorycapacity: 0 ,chargetimeout: false ,chargesocfall: false ,mPlugType: 2
D/BatteryService(  772): Sending ACTION_BATTERY_CHANGED.  level:29, scale:100, status:2, health:2, present:true, voltage: 3646, temperature: 330, technology: Li-ion, AC powered:false, USB powered:true, Wireless powered:false, icon:17303411, invalid charger:0
V/UsbDeviceManager(  772): USB UEVENT: {USB_STATE=CONNECTED, SUBSYSTEM=android_usb, DEVPATH=/devices/virtual/android_usb/android0, SEQNUM=5391, ACTION=change}
V/UsbDeviceManager(  772): USB UEVENT: {USB_STATE=DISCONNECTED, SUBSYSTEM=android_usb, DEVPATH=/devices/virtual/android_usb/android0, SEQNUM=5392, ACTION=change}
I/dalvikvm(22753): Turning on JNI app bug workarounds for target SDK version 8...
I/ActivityManager(  772): Start proc com.UCMobile:RemoteBackgroundProcess for broadcast com.UCMobile/com.uc.browser.msgpush.BackgroundProcessBroadcastReveiver: pid=22753 uid=10106 gids={50106, 3003, 1006, 1015, 1028}
I/PowerManagerSrv( 1190): sendBroadCastToPowermgrWidget
D/OppoUsbManager(  772): 1.UsbPlugType = true
D/OppoUsbManager(  772): 1.UsbPlugType = true
I/OppoUsbManager(  772): 2. startUsbSelectionActivity()
I/OppoUsbManager(  772): 3. startUsbSelectionActivity, mUsbSelected=0  bootComplete=true
W/ContextImpl( 1190): Calling a method in the system process without a qualified user: android.app.ContextImpl.sendBroadcast:1069 android.content.ContextWrapper.sendBroadcast:347 com.oppo.powermanager.PowerMgrService.sendBroadCastToPowermgrWidget:1149 com.oppo.powermanager.PowerMgrService.access$1900:108 com.oppo.powermanager.PowerMgrService$2.onReceive:1190 
W/ContextImpl(  772): Calling a method in the system process without a qualified user: android.app.ContextImpl.startActivity:967 com.android.server.usb.OppoUsbManager.startUsbSelectionActivity:303 com.android.server.usb.OppoUsbManager.access$700:77 com.android.server.usb.OppoUsbManager$3.onReceive:253 android.app.LoadedApk$ReceiverDispatcher$Args.run:778 
W/ContextImpl(  772): Calling a method in the system process without a qualified user: android.app.ContextImpl.startActivity:979 android.app.ContextImpl.startActivity:968 com.android.server.usb.OppoUsbManager.startUsbSelectionActivity:303 com.android.server.usb.OppoUsbManager.access$700:77 com.android.server.usb.OppoUsbManager$3.onReceive:253 
I/ActivityManager(  772): START u0 {act=android.intent.action.ACTION_USB_SELECTION flg=0x10240000 cmp=com.oppo.usbselection/.ui.UsbSelectionActivity} from pid 772
E/ActivityManager(  772): START {act=android.intent.action.ACTION_USB_SELECTION flg=0x10240000 cmp=com.oppo.usbselection/.ui.UsbSelectionActivity u=0} from pid 772
D/StatusBar.BatteryController(  975): mBatteryPercentage is 29% mShouldShowBatteryPercentage is false mLabelViews.size() 1
D/PowerUI (  975): action = android.intent.action.BATTERY_CHANGED
D/dalvikvm(22753): Trying to load lib /data/data/com.qihoo360.mobilesafe/files/com.qihoo360.mobilesafe/libb.so.4x.so 0x425df8c8
D/PowerUI (  975): oldBatteryLevel = 29mBatteryLevel = 29
D/PowerUI (  975): dismissLowBatteryWarning***************
D/dalvikvm(22753): Added shared lib /data/data/com.qihoo360.mobilesafe/files/com.qihoo360.mobilesafe/libb.so.4x.so 0x425df8c8
D/dalvikvm(22753): No JNI_OnLoad found in /data/data/com.qihoo360.mobilesafe/files/com.qihoo360.mobilesafe/libb.so.4x.so 0x425df8c8, skipping init
D/PowerUI (  975): action = android.intent.action.ACTION_POWER_CONNECTED
D/PowerUI (  975): action = android.intent.action.ADDITIONAL_BATTERY_CHANGED
D/StatusBar.BatteryController(  975): BatteryController onReceive action is android.intent.action.BATTERY_CHANGED
D/StatusBar.BatteryController(  975): mBatteryPercentage is 29% mShouldShowBatteryPercentage is false mLabelViews.size() 1
D/PowerUI (  975): action = android.intent.action.BATTERY_CHANGED
D/PowerUI (  975): oldBatteryLevel = 29mBatteryLevel = 29
D/PowerUI (  975): dismissLowBatteryWarning***************
D/PowerUI (  975): action = android.intent.action.ADDITIONAL_BATTERY_CHANGED
D/StatusBar.BatteryController(  975): BatteryController onReceive action is android.intent.action.BATTERY_CHANGED
D/StatusBar.BatteryController(  975): mBatteryPercentage is 29% mShouldShowBatteryPercentage is false mLabelViews.size() 1
D/PowerUI (  975): action = android.intent.action.BATTERY_CHANGED
D/PowerUI (  975): oldBatteryLevel = 29mBatteryLevel = 29
D/PowerUI (  975): dismissLowBatteryWarning***************
D/PowerUI (  975): Intent start() mHideLowBDialog= false
W/ContextImpl(  772): Calling a method in the system process without a qualified user: android.app.ContextImpl.sendBroadcast:1069 com.android.server.am.OppoActivityStackHelper.sendIsHomeModeIntent:64 com.android.server.am.OppoActivityStackHelper.handleSendHomeMode:87 com.android.server.am.ActivityStack.resumeTopActivityLocked:1475 com.android.server.am.ActivityStack.resumeTopActivityLocked:1441 
W/ContextImpl(  772): Calling a method in the system process without a qualified user: android.app.ContextImpl.sendBroadcast:1069 com.android.server.am.OppoActivityStackHelper.sendIsCameraModeIntent:125 com.android.server.am.OppoActivityStackHelper.handleSendCameraMode:137 com.android.server.am.ActivityStack.resumeTopActivityLocked:1481 com.android.server.am.ActivityStack.resumeTopActivityLocked:1441 
D/PowerUI (  975): Intent start() mHideLowBDialog= false
D/PowerUI (  975): Intent start() mHideLowBDialog= false
I/IconMerger(  975): insertPosition :0
D/dalvikvm(22753): Trying to load lib /data/data/com.qihoo360.mobilesafe/files/libmsb.so.4x.so 0x425df8c8
D/dalvikvm(22753): Added shared lib /data/data/com.qihoo360.mobilesafe/files/libmsb.so.4x.so 0x425df8c8
I/OppoUsbManager(  772): 7. updateUsbNotification()
I/OppoUsbManager(  772): 9. title=  message=USB
I/OppoExServiceClient( 1216): ACTION_CAMERA_MODE_CHANGE
D/OppoThreePointersShotPolicy( 1216): setSensorMode enable = false mIsEnableSensor = false
D/PhoneStatusBar(  975): onReceive, action=android.intent.action.HOME_MODE_CHANGE
I/PhoneStatusBar(  975): mIsHomeMode = false, mIsWorkspace = true
I/OppoUsbManager(  772): 8. getTitleId
W/UsbDeviceManager(  772): mUEventObserver: onUEvent: state = CONNECTED
W/UsbDeviceManager(  772): updateState: CONNECTED
W/UsbDeviceManager(  772): handleMessage: 0
D/PhoneStatusBar(  975): addNotification(android.os.BinderProxy@450eba30 -> StatusBarNotification(pkg=android id=201589817 tag=null score=0 notn=Notification(pri=0 contentView=android/0xc09041d vibrate=null sound=null defaults=0x0 flags=0x2 kind=[null]) user=UserHandle{0})) notification ticker is: 
I/NotificationReplace(  975): shouldReplaces, mIsSwtichOn:false, contains:false
V/UsbDeviceManager(  772): USB UEVENT: {USB_STATE=CONNECTED, SUBSYSTEM=android_usb, DEVPATH=/devices/virtual/android_usb/android0, SEQNUM=5395, ACTION=change}
I/ActivityManager(  772): Start proc com.oppo.usbselection for activity com.oppo.usbselection/.ui.UsbSelectionActivity: pid=22766 uid=10065 gids={50065, 1028}
D/StatusBar(  975): addNotificationViews(key=android.os.BinderProxy@450eba30, notification=StatusBarNotification(pkg=android id=201589817 tag=null score=0 notn=Notification(pri=0 contentView=android/0xc09041d vibrate=null sound=null defaults=0x0 flags=0x2 kind=[null]) user=UserHandle{0})
I/StatusBarIconView(  975): mIconRealSize :42
I/StatusBarIconView(  975): mIconLeftRightPadding :4
I/StatusBarIconView(  975): mIconSize :54
D/OppoUsbManager(  772): 1.UsbPlugType = true
I/StatusBarIconView(  975): getIconBitmap == null
D/dalvikvm(22766): Trying to load lib /data/data/com.qihoo360.mobilesafe/files/com.qihoo360.mobilesafe/libb.so.4x.so 0x425e0700
D/dalvikvm(22766): Added shared lib /data/data/com.qihoo360.mobilesafe/files/com.qihoo360.mobilesafe/libb.so.4x.so 0x425e0700
D/dalvikvm(22766): No JNI_OnLoad found in /data/data/com.qihoo360.mobilesafe/files/com.qihoo360.mobilesafe/libb.so.4x.so 0x425e0700, skipping init
V/Monotype(  975): create1:sans-serif-light style=1
V/Monotype(  975): create1 name:sans-serif-light style:1 tf:android.graphics.Typeface@54e55fb8
V/Monotype(  975):     create1: DEF:android.graphics.Typeface@45f8638 DEF[]:android.graphics.Typeface@46048f1 STATIC[]:android.graphics.Typeface@54e559e9
D/dalvikvm(22766): Trying to load lib /data/data/com.qihoo360.mobilesafe/files/libmsb.so.4x.so 0x425e0700
D/dalvikvm(22766): Added shared lib /data/data/com.qihoo360.mobilesafe/files/libmsb.so.4x.so 0x425e0700
E/PhoneStatusBar(  975): updateNotificationTitleText  preIsInsidePanelCanSlide =true,misInsidePanelCanSlide = true,misInsidePanelOpen = false
D/StatusBar(  975): addNotificationViews: added at 6
D/StatusBar(  975): collapsing notification at 0
D/StatusBar(  975): setting collapsed row height to 192
D/StatusBar(  975): collapsing notification at 1
D/StatusBar(  975): setting collapsed row height to 192
D/StatusBar(  975): collapsing notification at 2
D/StatusBar(  975): setting collapsed row height to 192
D/StatusBar(  975): collapsing notification at 3
D/StatusBar(  975): setting collapsed row height to 192
D/StatusBar(  975): collapsing notification at 4
D/StatusBar(  975): setting collapsed row height to 192
D/StatusBar(  975): collapsing notification at 5
D/StatusBar(  975): setting collapsed row height to 192
D/StatusBar(  975): collapsing notification at 6
D/StatusBar(  975): setting collapsed row height to 192
D/StatusBar(  975): expanding top notification at 7
D/StatusBar(  975): setting expanded row height to WRAP_CONTENT
D/PhoneStatusBar(  975): refreshing icons: 8 notifications, mNotificationIcons=com.android.systemui.statusbar.phone.IconMerger{4261f2d8 V.E..... ........ 0,10-1519,64 #7f080046 app:id/notificationIcons}
D/PhoneStatusBar(  975): Top activity is not immersive
D/PhoneStatusBar(  975): setAreThereNotifications: N=8 any=true clearable=true
D/PhoneStatusBar(  975): pileh=1074 scrollh=762 carrierh=60
D/PhoneStatusBar(  975): updateNotificationTitleText, lastNotificationSize :5 goingNotificationSize:3
D/dalvikvm(22753): GetMethodID: not returning static method Landroid/os/SystemProperties;.native_get (Ljava/lang/String;)Ljava/lang/String;
D/dalvikvm(22753): GetMethodID: not returning static method Ljava/lang/ProcessManager;.exec ([Ljava/lang/String;[Ljava/lang/String;Ljava/lang/String;Ljava/io/FileDescriptor;Ljava/io/FileDescriptor;Ljava/io/FileDescriptor;Z)I
D/dalvikvm(22766): GetMethodID: not returning static method Landroid/os/SystemProperties;.native_get (Ljava/lang/String;)Ljava/lang/String;
D/dalvikvm(22766): GetMethodID: not returning static method Ljava/lang/ProcessManager;.exec ([Ljava/lang/String;[Ljava/lang/String;Ljava/lang/String;Ljava/io/FileDescriptor;Ljava/io/FileDescriptor;Ljava/io/FileDescriptor;Z)I
E/Parcel  (22753): Reading a NULL string not supported here.
E/Parcel  (22753): Reading a NULL string not supported here.
E/Parcel  (22753): Reading a NULL string not supported here.
E/Parcel  (22753): Reading a NULL string not supported here.
E/Parcel  (22753): Reading a NULL string not supported here.
E/Parcel  (22753): Reading a NULL string not supported here.
E/Parcel  (22753): Reading a NULL string not supported here.
E/Parcel  (22753): Reading a NULL string not supported here.
E/Parcel  (22766): Reading a NULL string not supported here.
E/Parcel  (22766): Reading a NULL string not supported here.
E/Parcel  (22753): Reading a NULL string not supported here.
E/Parcel  (22766): Reading a NULL string not supported here.
E/Parcel  (22766): Reading a NULL string not supported here.
D/OppoPhoneWindowManager(  772): finishPostLayoutPolicyLw size =1
E/Parcel  (22766): Reading a NULL string not supported here.
E/Parcel  (22766): Reading a NULL string not supported here.
E/Parcel  (22766): Reading a NULL string not supported here.
E/Parcel  (22766): Reading a NULL string not supported here.
E/Parcel  (22766): Reading a NULL string not supported here.
W/UsbDeviceManager(  772): mUEventObserver: onUEvent: state = CONFIGURED
W/UsbDeviceManager(  772): updateState: CONFIGURED
E/Parcel  (22753): Reading a NULL string not supported here.
W/UsbDeviceManager(  772): handleMessage: 0
D/OppoUsbManager(  772): 1.UsbPlugType = true
E/Parcel  (22753): Reading a NULL string not supported here.
E/Parcel  (22753): Reading a NULL string not supported here.
V/UsbDeviceManager(  772): USB UEVENT: {USB_STATE=CONFIGURED, SUBSYSTEM=android_usb, DEVPATH=/devices/virtual/android_usb/android0, SEQNUM=5396, ACTION=change}
V/Monotype(22753): Typeface->setAppTypeface app=com.UCMobile def=1569966936
V/Monotype(22753): SetAppTypeFace- try to flip, app = com.UCMobile
V/Monotype(22753): 		Typeface getFontPathFlipFont - typefaceIndex = 1
V/Monotype(22753): 		Typeface getFontPathFlipFont - fontPath = default
V/Monotype(22753): Typeface->setTypefaceFlipFont Font Path = none.  path = default
V/Monotype(22753): Typeface->setTypefaceFlipFont path = /system/fonts/UIFont.ttf
V/Monotype(22753): Typeface->SetFlip() before:1569966936|1569966360::1569966936|1569966360|1569966728|1569965632
V/Monotype(22753): Typeface->setTypefaceFlipFont flipping normal, path = /system/fonts/UIFont.ttf
E/Parcel  (22766): Reading a NULL string not supported here.
V/Monotype(22753): Typeface->setTypefaceFlipFont flipping bold.  path = /system/fonts/UIBoldFont.ttf
V/Monotype(22753): Typeface->SetFlip() after:1526516160|1528039976::1526516160|1528039976|1526516160|1528039976
V/Monotype(22753): END Typeface->setAppTypeface app=com.UCMobile def=1526516160
E/Parcel  (22753): Reading a NULL string not supported here.
E/Parcel  (22766): Reading a NULL string not supported here.
E/Parcel  (22766): Reading a NULL string not supported here.
V/Monotype(22766): Typeface->setAppTypeface app=com.oppo.usbselection def=1569966936
V/Monotype(22766): SetAppTypeFace- try to flip, app = com.oppo.usbselection
V/Monotype(22766): 		Typeface getFontPathFlipFont - typefaceIndex = 1
V/Monotype(22766): 		Typeface getFontPathFlipFont - fontPath = default
V/Monotype(22766): Typeface->setTypefaceFlipFont Font Path = none.  path = default
V/Monotype(22766): Typeface->setTypefaceFlipFont path = /system/fonts/UIFont.ttf
V/Monotype(22766): Typeface->SetFlip() before:1569966936|1569966360::1569966936|1569966360|1569966728|1569965632
V/Monotype(22766): Typeface->setTypefaceFlipFont flipping normal, path = /system/fonts/UIFont.ttf
V/Monotype(22766): Typeface->setTypefaceFlipFont flipping bold.  path = /system/fonts/UIBoldFont.ttf
V/Monotype(22766): Typeface->SetFlip() after:1514025944|1526403920::1514025944|1526403920|1514025944|1526403920
V/Monotype(22766): END Typeface->setAppTypeface app=com.oppo.usbselection def=1514025944
V/Monotype(22766): Typeface->setAppTypeface app=com.oppo.usbselection def=1514025944
V/Monotype(22766): SetAppTypeFace- try to flip, app = com.oppo.usbselection
V/Monotype(22766): 		Typeface getFontPathFlipFont - typefaceIndex = 1
V/Monotype(22766): 		Typeface getFontPathFlipFont - fontPath = default
V/Monotype(22766): Typeface->setTypefaceFlipFont Font Path = none.  path = default
V/Monotype(22766): Typeface->setTypefaceFlipFont path = /system/fonts/UIFont.ttf
V/Monotype(22766): Typeface->setTypefaceFlipFont path has not changed.  path = /system/fonts/UIFont.ttf
V/Monotype(22766): END Typeface->setAppTypeface app=com.oppo.usbselection def=1514025944
E/Parcel  (22766): Reading a NULL string not supported here.
E/Parcel  (22766): Reading a NULL string not supported here.
I/OppoEnvironment(22766): the length of volumes[] is: 7 ,expected is 1 or 2 !
I/OppoEnvironment(22766): the length of volumes[] is: 7 ,expected is 1 or 2 !
D/dalvikvm(22753): Trying to load lib /data/app-lib/com.UCMobile-1/libBrowserShell_UC.so 0x4262f3a0
E/Parcel  (22766): Reading a NULL string not supported here.
E/Parcel  (22766): Reading a NULL string not supported here.
W/dalvikvm(22766): method Lcom/oppo/widget/OppoListView;.drawDivider incorrectly overrides package-private method with same name in Landroid/widget/ListView;
D/dalvikvm(22753): Added shared lib /data/app-lib/com.UCMobile-1/libBrowserShell_UC.so 0x4262f3a0
E/Parcel  (22753): Reading a NULL string not supported here.
E/Parcel  (22753): Reading a NULL string not supported here.
E/Parcel  (22753): Reading a NULL string not supported here.
V/SettingsProvider(  772): call(system:usb_no_ask_again) for 0
I/Process (22753): Sending signal. PID: 22753 SIG: 9
D/BatteryService(  772): Processing new values: mAcOnline=false, mUsbOnline=true, mWirelessOnline=false, mBatteryStatus=2, mBatteryHealth=2, mBatteryPresent=true, mBatteryLevel=29, mBatteryTechnology=Li-ion, mBatteryVoltage=3659, mBatteryTemperature=330, mBatteryLevelCritical=false, mPlugType=2
D/OppoBatteryService(  772): Processing additional values: mChargerVoltage=4922, mLastChargerVoltage=4919, mBatteryCurrent=493, mLastBatteryCurrent=529, mChargeVolStatus=3, mBatteryTemperature=330, mBatteryTempStatus=2, mAccessoryPresent=false, mAccessoryStatus=0, mAccessoryCapacity=0, mChargeTimeout=false, mChargeSocFall=false
D/OppoBatteryService(  772): Sending ACTION_ADDITIONAL_BATTERY_CHANGED.  chargervoltage: 4922 ,batterycurrent: 493 ,chargervolstatus: 3 ,batterytempstatus: 2 ,batteryvolstatus: 3 ,accessorypresent: false ,accessorystatus: 0 ,accessorycapacity: 0 ,chargetimeout: false ,chargesocfall: false ,mPlugType: 2
I/PowerManagerSrv( 1190): sendBroadCastToPowermgrWidget
D/OppoPhoneWindowManager(  772): finishPostLayoutPolicyLw size =1
D/BatteryService(  772): Sending ACTION_BATTERY_CHANGED.  level:29, scale:100, status:2, health:2, present:true, voltage: 3659, temperature: 330, technology: Li-ion, AC powered:false, USB powered:true, Wireless powered:false, icon:17303411, invalid charger:0
W/ContextImpl( 1190): Calling a method in the system process without a qualified user: android.app.ContextImpl.sendBroadcast:1069 android.content.ContextWrapper.sendBroadcast:347 com.oppo.powermanager.PowerMgrService.sendBroadCastToPowermgrWidget:1149 com.oppo.powermanager.PowerMgrService.access$1900:108 com.oppo.powermanager.PowerMgrService$2.onReceive:1190 
I/ActivityManager(  772): Process com.UCMobile:RemoteBackgroundProcess (pid 22753) has died.
D/BatteryService(  772): Processing new values: mAcOnline=false, mUsbOnline=true, mWirelessOnline=false, mBatteryStatus=2, mBatteryHealth=2, mBatteryPresent=true, mBatteryLevel=29, mBatteryTechnology=Li-ion, mBatteryVoltage=3645, mBatteryTemperature=327, mBatteryLevelCritical=false, mPlugType=2
W/ContextImpl(  772): Calling a method in the system process without a qualified user: android.app.ContextImpl.sendBroadcast:1069 com.android.server.am.OppoExtraActivityManagerService.setKeyLockModeNormal:47 com.android.server.am.ActivityManagerService.appDiedLocked:3230 com.android.server.am.ActivityManagerService$AppDeathRecipient.binderDied:911 android.os.BinderProxy.sendDeathNotice:433 
D/OppoBatteryService(  772): Processing additional values: mChargerVoltage=4927, mLastChargerVoltage=4922, mBatteryCurrent=493, mLastBatteryCurrent=493, mChargeVolStatus=3, mBatteryTemperature=327, mBatteryTempStatus=2, mAccessoryPresent=false, mAccessoryStatus=0, mAccessoryCapacity=0, mChargeTimeout=false, mChargeSocFall=false
D/OppoBatteryService(  772): Sending ACTION_ADDITIONAL_BATTERY_CHANGED.  chargervoltage: 4927 ,batterycurrent: 493 ,chargervolstatus: 3 ,batterytempstatus: 2 ,batteryvolstatus: 3 ,accessorypresent: false ,accessorystatus: 0 ,accessorycapacity: 0 ,chargetimeout: false ,chargesocfall: false ,mPlugType: 2
D/BatteryService(  772): Sending ACTION_BATTERY_CHANGED.  level:29, scale:100, status:2, health:2, present:true, voltage: 3645, temperature: 327, technology: Li-ion, AC powered:false, USB powered:true, Wireless powered:false, icon:17303411, invalid charger:0
W/ContextImpl(  772): Calling a method in the system process without a qualified user: android.app.ContextImpl.sendBroadcast:1069 com.android.server.am.OppoActivityStackHelper.sendIsHomeModeIntent:64 com.android.server.am.OppoActivityStackHelper.handleSendHomeMode:87 com.android.server.am.ActivityStack.resumeTopActivityLocked:1475 com.android.server.am.ActivityStack.resumeTopActivityLocked:1441 
W/ContextImpl(  772): Calling a method in the system process without a qualified user: android.app.ContextImpl.sendBroadcast:1069 com.android.server.am.OppoActivityStackHelper.sendIsCameraModeIntent:125 com.android.server.am.OppoActivityStackHelper.handleSendCameraMode:137 com.android.server.am.ActivityStack.resumeTopActivityLocked:1481 com.android.server.am.ActivityStack.resumeTopActivityLocked:1441 
I/OppoExServiceClient( 1216): ACTION_CAMERA_MODE_CHANGE
D/OppoThreePointersShotPolicy( 1216): setSensorMode enable = false mIsEnableSensor = false
I/OppoPhoneWindowManager(  772): KeyLockModeReceiver end! Set mode to 0 mKeyLockIntentProcess size is 0
I/PowerManagerSrv( 1190): sendBroadCastToPowermgrWidget
W/ContextImpl( 1190): Calling a method in the system process without a qualified user: android.app.ContextImpl.sendBroadcast:1069 android.content.ContextWrapper.sendBroadcast:347 com.oppo.powermanager.PowerMgrService.sendBroadCastToPowermgrWidget:1149 com.oppo.powermanager.PowerMgrService.access$1900:108 com.oppo.powermanager.PowerMgrService$2.onReceive:1190 
D/PowerUI (  975): action = android.intent.action.ADDITIONAL_BATTERY_CHANGED
D/StatusBar.BatteryController(  975): BatteryController onReceive action is android.intent.action.BATTERY_CHANGED
D/StatusBar.BatteryController(  975): mBatteryPercentage is 29% mShouldShowBatteryPercentage is false mLabelViews.size() 1
D/PowerUI (  975): action = android.intent.action.BATTERY_CHANGED
D/PowerUI (  975): oldBatteryLevel = 29mBatteryLevel = 29
D/PowerUI (  975): dismissLowBatteryWarning***************
D/PhoneStatusBar(  975): onReceive, action=android.intent.action.HOME_MODE_CHANGE
I/PhoneStatusBar(  975): mIsHomeMode = false, mIsWorkspace = true
D/PowerUI (  975): action = android.intent.action.ADDITIONAL_BATTERY_CHANGED
D/StatusBar.BatteryController(  975): BatteryController onReceive action is android.intent.action.BATTERY_CHANGED
D/StatusBar.BatteryController(  975): mBatteryPercentage is 29% mShouldShowBatteryPercentage is false mLabelViews.size() 1
D/PowerUI (  975): action = android.intent.action.BATTERY_CHANGED
D/PowerUI (  975): oldBatteryLevel = 29mBatteryLevel = 29
D/PowerUI (  975): dismissLowBatteryWarning***************
D/PowerUI (  975): Intent start() mHideLowBDialog= false
D/PowerUI (  975): Intent start() mHideLowBDialog= false
E/Parcel  (22766): Reading a NULL string not supported here.
E/Parcel  (22766): Reading a NULL string not supported here.
I/OppoEnvironment(22766): the length of volumes[] is: 7 ,expected is 1 or 2 !
I/OppoEnvironment(22766): the length of volumes[] is: 7 ,expected is 1 or 2 !
I/OppoEnvironment(22766): the length of volumes[] is: 7 ,expected is 1 or 2 !
I/OppoEnvironment(22766): the length of volumes[] is: 7 ,expected is 1 or 2 !
D/OppoPhoneWindowManager(  772): finishPostLayoutPolicyLw size =1
D/libEGL  (22766): loaded /system/lib/egl/libEGL_adreno200.so
D/libEGL  (22766): loaded /system/lib/egl/libGLESv1_CM_adreno200.so
D/libEGL  (22766): loaded /system/lib/egl/libGLESv2_adreno200.so
I/Adreno200-EGL(22766): <qeglDrvAPI_eglInitialize:265>: EGL 1.4 QUALCOMM build: AU_LINUX_ANDROID_JB_2.5_RELEASE.04.02.02.69.016_msm8960_JB_2.5_RELEASE_CL3385939_release_AU (CL3385939)
I/Adreno200-EGL(22766): Build Date: 03/27/13 Wed
I/Adreno200-EGL(22766): Local Branch: 
I/Adreno200-EGL(22766): Remote Branch: quic/jb_2.5_release
I/Adreno200-EGL(22766): Local Patches: NONE
I/Adreno200-EGL(22766): Reconstruct Branch: AU_LINUX_ANDROID_JB_2.5_RELEASE.04.02.02.69.016 +  NOTHING
D/PhoneStatusBar(  975): hiding the MENU button
D/OpenGLRenderer(22766): Enabling debug mode 0
D/OppoPhoneWindowManager(  772): finishPostLayoutPolicyLw size =1
D/OppoPhoneWindowManager(  772): finishPostLayoutPolicyLw size =1
D/OppoPhoneWindowManager(  772): finishPostLayoutPolicyLw size =1
I/ActivityManager(  772): Displayed com.oppo.usbselection/.ui.UsbSelectionActivity: +540ms
D/OppoPhoneWindowManager(  772): finishPostLayoutPolicyLw size =1
D/OppoPhoneWindowManager(  772): finishPostLayoutPolicyLw size =1
E/dlna_framework(22575): [1264: HTTPUSocket.java:207] - send to /239.255.255.250, port = 1900
D/SearchThread(22575): controlpoint search...
I/Trigger ( 5036): IsInitedAndEnable not
D/SipService( 8337): checkin
D/SipService(13022): checkin
D/OppoPhoneWindowManager(  772): finishPostLayoutPolicyLw size =1
D/OppoPhoneWindowManager(  772): finishPostLayoutPolicyLw size =1
D/BatteryService(  772): Processing new values: mAcOnline=false, mUsbOnline=true, mWirelessOnline=false, mBatteryStatus=2, mBatteryHealth=2, mBatteryPresent=true, mBatteryLevel=29, mBatteryTechnology=Li-ion, mBatteryVoltage=3737, mBatteryTemperature=330, mBatteryLevelCritical=false, mPlugType=2
D/OppoBatteryService(  772): Processing additional values: mChargerVoltage=4915, mLastChargerVoltage=4927, mBatteryCurrent=105, mLastBatteryCurrent=493, mChargeVolStatus=3, mBatteryTemperature=330, mBatteryTempStatus=2, mAccessoryPresent=false, mAccessoryStatus=0, mAccessoryCapacity=0, mChargeTimeout=false, mChargeSocFall=false
D/OppoBatteryService(  772): Sending ACTION_ADDITIONAL_BATTERY_CHANGED.  chargervoltage: 4915 ,batterycurrent: 105 ,chargervolstatus: 3 ,batterytempstatus: 2 ,batteryvolstatus: 3 ,accessorypresent: false ,accessorystatus: 0 ,accessorycapacity: 0 ,chargetimeout: false ,chargesocfall: false ,mPlugType: 2
D/BatteryService(  772): Sending ACTION_BATTERY_CHANGED.  level:29, scale:100, status:2, health:2, present:true, voltage: 3737, temperature: 330, technology: Li-ion, AC powered:false, USB powered:true, Wireless powered:false, icon:17303411, invalid charger:0
D/PowerUI (  975): action = android.intent.action.ADDITIONAL_BATTERY_CHANGED
D/StatusBar.BatteryController(  975): BatteryController onReceive action is android.intent.action.BATTERY_CHANGED
I/PowerManagerSrv( 1190): sendBroadCastToPowermgrWidget
D/StatusBar.BatteryController(  975): mBatteryPercentage is 29% mShouldShowBatteryPercentage is false mLabelViews.size() 1
D/PowerUI (  975): action = android.intent.action.BATTERY_CHANGED
D/PowerUI (  975): oldBatteryLevel = 29mBatteryLevel = 29
D/PowerUI (  975): dismissLowBatteryWarning***************
D/PowerUI (  975): Intent start() mHideLowBDialog= false
W/ContextImpl( 1190): Calling a method in the system process without a qualified user: android.app.ContextImpl.sendBroadcast:1069 android.content.ContextWrapper.sendBroadcast:347 com.oppo.powermanager.PowerMgrService.sendBroadCastToPowermgrWidget:1149 com.oppo.powermanager.PowerMgrService.access$1900:108 com.oppo.powermanager.PowerMgrService$2.onReceive:1190 
D/PowerUI (  975): action = android.intent.action.ADDITIONAL_BATTERY_CHANGED
D/BatteryService(  772): Processing new values: mAcOnline=false, mUsbOnline=true, mWirelessOnline=false, mBatteryStatus=2, mBatteryHealth=2, mBatteryPresent=true, mBatteryLevel=29, mBatteryTechnology=Li-ion, mBatteryVoltage=3762, mBatteryTemperature=330, mBatteryLevelCritical=false, mPlugType=2
D/OppoBatteryService(  772): Processing additional values: mChargerVoltage=4921, mLastChargerVoltage=4915, mBatteryCurrent=-59, mLastBatteryCurrent=105, mChargeVolStatus=3, mBatteryTemperature=330, mBatteryTempStatus=2, mAccessoryPresent=false, mAccessoryStatus=0, mAccessoryCapacity=0, mChargeTimeout=false, mChargeSocFall=false
D/OppoBatteryService(  772): Sending ACTION_ADDITIONAL_BATTERY_CHANGED.  chargervoltage: 4921 ,batterycurrent: -59 ,chargervolstatus: 3 ,batterytempstatus: 2 ,batteryvolstatus: 3 ,accessorypresent: false ,accessorystatus: 0 ,accessorycapacity: 0 ,chargetimeout: false ,chargesocfall: false ,mPlugType: 2
D/BatteryService(  772): Sending ACTION_BATTERY_CHANGED.  level:29, scale:100, status:2, health:2, present:true, voltage: 3762, temperature: 330, technology: Li-ion, AC powered:false, USB powered:true, Wireless powered:false, icon:17303411, invalid charger:0
I/PowerManagerSrv( 1190): sendBroadCastToPowermgrWidget
W/ContextImpl( 1190): Calling a method in the system process without a qualified user: android.app.ContextImpl.sendBroadcast:1069 android.content.ContextWrapper.sendBroadcast:347 com.oppo.powermanager.PowerMgrService.sendBroadCastToPowermgrWidget:1149 com.oppo.powermanager.PowerMgrService.access$1900:108 com.oppo.powermanager.PowerMgrService$2.onReceive:1190 
D/StatusBar.BatteryController(  975): BatteryController onReceive action is android.intent.action.BATTERY_CHANGED
D/StatusBar.BatteryController(  975): mBatteryPercentage is 29% mShouldShowBatteryPercentage is false mLabelViews.size() 1
D/PowerUI (  975): action = android.intent.action.BATTERY_CHANGED
D/PowerUI (  975): oldBatteryLevel = 29mBatteryLevel = 29
D/PowerUI (  975): dismissLowBatteryWarning***************
D/PowerUI (  975): Intent start() mHideLowBDialog= false
D/dalvikvm(  772): GC_EXPLICIT freed 1833K, 16% free 30502K/36116K, paused 43ms+9ms, total 148ms
D/NetworkController(  975): refreshViews(): mDataConnected = false mDataActivity = 0 mMobileActivityIconId= com.mediatek.systemui.ext.IconIdWrapper@425e8178 mMobileActivityIconId.getIconId= 0 mMobileActivityIconId.getResources= null.
D/NetworkController(  975): updateBottomDateAndPlmnText, mDateFlowShow :true
D/NetworkController(  975): updateBottomDateAndPlmnText, mDateFlowString :null
D/NetworkController(  975): updateBottomDateAndPlmnText ,
D/NetworkController(  975): refreshView simColor = -1
D/NetworkController(  975): refreshViews connected={ wifi } level=3 combinedSignalIconId=0x7f02012b/com.android.systemui:drawable/oppo_stat_sys_wifi_signal_3 combinedActivityIconId=0x0 mobileLabel= wifiLabel=yunzhouxxxxXXXXxxxxXXXX combinedLabel=yunzhouxxxxXXXXxxxxXXXX mAirplaneMode=false mDataActivity=0 mPhoneSignalIconId=0x7f020125 mPhoneSignalIconId name :com.android.systemui:drawable/oppo_stat_sys_signal_null mDataDirectionIconId=0x7f020155 mDataSignalIconId=0x7f020125 mDataTypeIconId=0x0 mLastDataTypeIconId=0x0 mWifiIconId=0x7f02012b mBluetoothTetherIconId=0xc080095
D/StateMachine(  772): handleMessage: E msg.what=131155
D/StateMachine(  772): processMsg: ConnectedState
D/WifiStateMachine(  772): ConnectedState{ what=131155 when=-3ms arg1=5 }
D/StateMachine(  772): processMsg: L2ConnectedState
D/WifiStateMachine(  772): L2ConnectedState{ what=131155 when=-4ms arg1=5 }
D/WifiNative-wlan0(  772): doString: SIGNAL_POLL
D/WifiStateMachine(  772): Fetch signalPoll RSSI = -74; LINKSPEED = 12
D/WifiStateMachine(  772): mRssiArray is {-76, -76, -72}
D/WifiStateMachine(  772): GetFilterRssi is : -74
I/QCNEA   (  772): |NIMS| getaddrinfo: hostname 192.168.1.134 servname NULL numeric 4 appname 
I/QCNEA   (  772): |NIMS| getaddrinfo: hostname 192.168.1.1 servname NULL numeric 4 appname 
I/QCNEA   (  772): |NIMS| getaddrinfo: hostname 192.168.1.134 servname NULL numeric 4 appname 
I/QCNEA   (  772): |NIMS| getaddrinfo: hostname 192.168.1.1 servname NULL numeric 4 appname 
I/QCNEA   (  772): |NIMS| getaddrinfo: hostname 192.168.1.1 servname NULL numeric 4 appname 
D/StateMachine(  772): handleMessage: X
I/QCNEA   (  772): |NIMS| getaddrinfo: hostname 192.168.1.134 servname NULL numeric 4 appname 
D/NetworkController(  975): onReceive(): action = android.net.wifi.RSSI_CHANGED
D/NetworkController(  975): RSSI_CHANGED_ACTION, mWifiRssi :-74
D/NetworkController(  975): RSSI_CHANGED_ACTION, mWifiLevel :2
D/NetworkController(  975): refreshViews(): mDataConnected = false mDataActivity = 0 mMobileActivityIconId= com.mediatek.systemui.ext.IconIdWrapper@425e8178 mMobileActivityIconId.getIconId= 0 mMobileActivityIconId.getResources= null.
D/NetworkController(  975): refreshView simColor = -1
