W/ContextImpl(  772): Calling a method in the system process without a qualified user: android.app.ContextImpl.sendBroadcast:1069 com.android.server.am.OppoActivityStackHelper.sendIsCameraModeIntent:125 com.android.server.am.OppoActivityStackHelper.handleSendCameraMode:137 com.android.server.am.ActivityStack.resumeTopActivityLocked:1481 com.android.server.am.ActivityStack.resumeTopActivityLocked:1441 
I/PackageManager(  772): Package com.example.simopesamples codePath changed from /data/app/com.example.simopesamples-2.apk to /data/app/com.example.simopesamples-1.apk; Retaining data and using new
D/BatteryService(  772): Processing new values: mAcOnline=false, mUsbOnline=true, mWirelessOnline=false, mBatteryStatus=2, mBatteryHealth=2, mBatteryPresent=true, mBatteryLevel=29, mBatteryTechnology=Li-ion, mBatteryVoltage=3719, mBatteryTemperature=325, mBatteryLevelCritical=false, mPlugType=2
D/OppoBatteryService(  772): Processing additional values: mChargerVoltage=4919, mLastChargerVoltage=4922, mBatteryCurrent=279, mLastBatteryCurrent=-61, mChargeVolStatus=3, mBatteryTemperature=325, mBatteryTempStatus=2, mAccessoryPresent=false, mAccessoryStatus=0, mAccessoryCapacity=0, mChargeTimeout=false, mChargeSocFall=false
D/OppoBatteryService(  772): Sending ACTION_ADDITIONAL_BATTERY_CHANGED.  chargervoltage: 4919 ,batterycurrent: 279 ,chargervolstatus: 3 ,batterytempstatus: 2 ,batteryvolstatus: 3 ,accessorypresent: false ,accessorystatus: 0 ,accessorycapacity: 0 ,chargetimeout: false ,chargesocfall: false ,mPlugType: 2
D/BatteryService(  772): Sending ACTION_BATTERY_CHANGED.  level:29, scale:100, status:2, health:2, present:true, voltage: 3719, temperature: 325, technology: Li-ion, AC powered:false, USB powered:true, Wireless powered:false, icon:17303411, invalid charger:0
W/ContextImpl( 1190): Calling a method in the system process without a qualified user: android.app.ContextImpl.sendBroadcast:1069 android.content.ContextWrapper.sendBroadcast:347 com.oppo.powermanager.PowerMgrService.sendBroadCastToPowermgrWidget:1149 com.oppo.powermanager.PowerMgrService.access$1900:108 com.oppo.powermanager.PowerMgrService$2.onReceive:1190 
D/PowerUI (  975): Intent start() mHideLowBDialog= false
W/PackageManager(  772): Code path for pkg : com.example.simopesamples changing from /data/app/com.example.simopesamples-2.apk to /data/app/com.example.simopesamples-1.apk
W/PackageManager(  772): Resource path for pkg : com.example.simopesamples changing from /data/app/com.example.simopesamples-2.apk to /data/app/com.example.simopesamples-1.apk
D/NetworkController(  975): refreshView simColor = -1
D/NetworkController(  975): refreshViews connected={ wifi } level=3 combinedSignalIconId=0x7f02012b/com.android.systemui:drawable/oppo_stat_sys_wifi_signal_3 combinedActivityIconId=0x0 mobileLabel= wifiLabel=yunzhouxxxxXXXXxxxxXXXX combinedLabel=yunzhouxxxxXXXXxxxxXXXX mAirplaneMode=false mDataActivity=0 mPhoneSignalIconId=0x7f020125 mPhoneSignalIconId name :com.android.systemui:drawable/oppo_stat_sys_signal_null mDataDirectionIconId=0x7f020155 mDataSignalIconId=0x7f020125 mDataTypeIconId=0x0 mLastDataTypeIconId=0x0 mWifiIconId=0x7f02012b mBluetoothTetherIconId=0xc080095
I/ActivityManager(  772): Force stopping package com.example.simopesamples appid=10115 user=0
W/ContextImpl(  772): Calling a method in the system process without a qualified user: android.app.ContextImpl.sendBroadcast:1069 com.android.server.am.OppoExtraActivityManagerService.setKeyLockModeNormal:47 com.android.server.am.ActivityManagerService.forceStopPackageLocked:4096 com.android.server.am.ActivityManagerService.broadcastIntentLocked:12116 com.android.server.am.ActivityManagerService.broadcastIntent:12419 
W/ContextImpl(  772): Calling a method in the system process without a qualified user: android.app.ContextImpl.sendBroadcast:1069 com.android.server.am.OppoActivityStackHelper.sendIsHomeModeIntent:64 com.android.server.am.OppoActivityStackHelper.handleSendHomeMode:80 com.android.server.am.ActivityStack.resumeTopActivityLocked:1475 com.android.server.am.ActivityStack.resumeTopActivityLocked:1441 
W/ContextImpl(  772): Calling a method in the system process without a qualified user: android.app.ContextImpl.sendBroadcast:1069 com.android.server.am.OppoActivityStackHelper.sendIsCameraModeIntent:125 com.android.server.am.OppoActivityStackHelper.handleSendCameraMode:137 com.android.server.am.ActivityStack.resumeTopActivityLocked:1481 com.android.server.am.ActivityStack.resumeTopActivityLocked:1441 
W/InputMethodManagerService(  772): Found no subtypes in a system IME: com.baidu.input_oppo
I/ActivityManager(  772): Start proc com.nearme.gamecenter for broadcast com.nearme.gamecenter/.receiver.UninstallReceiver: pid=21943 uid=10019 gids={50019, 3003, 1015, 1028, 1006, 1007}
I/ActivityManager(  772): Start proc com.qihoo360.mobilesafe for service com.qihoo360.mobilesafe/.service.GuardDelegateService: pid=21955 uid=10123 gids={50123, 3003, 1015, 3001, 3002, 1006, 1028}
W/RecognitionManagerService(  772): no available voice recognition services found for user 0
I/ActivityManager(  772): Start proc eu.chainfire.supersu for broadcast eu.chainfire.supersu/.InstallReceiver: pid=21977 uid=10023 gids={50023, 1028}
I/ActivityManager(  772): Start proc com.android.keychain for broadcast com.android.keychain/.KeyChainBroadcastReceiver: pid=21994 uid=1000 gids={41000, 3003, 1015, 1006, 3001, 1028, 3002, 2001, 1007, 3006, 1004, 2002, 1021, 3004, 3005, 1000, 3009}
V/SettingsProvider(  772): call(secure:android_id) for 0
V/SettingsProvider(  772): call(global:always_finish_activities) for 0
I/NotificationService(  772): enqueueToast pkg=com.qihoo360.mobilesafe callback=android.app.ITransientNotification$Stub$Proxy@42787980 duration=4
I/ActivityManager(  772): No longer want com.qihoo.appstore.freewifi (pid 20213): empty #17
W/ContextImpl(21994): Calling a method in the system process without a qualified user: android.app.ContextImpl.startService:1389 android.content.ContextWrapper.startService:459 android.content.ContextWrapper.startService:459 com.android.keychain.KeyChainBroadcastReceiver.onReceive:12 android.app.ActivityThread.handleReceiver:2411 
W/ContextImpl(  772): Calling a method in the system process without a qualified user: android.app.ContextImpl.sendBroadcast:1069 com.android.server.am.OppoActivityStackHelper.sendIsHomeModeIntent:64 com.android.server.am.OppoActivityStackHelper.handleSendHomeMode:80 com.android.server.am.ActivityStack.resumeTopActivityLocked:1475 com.android.server.am.ActivityStack.resumeTopActivityLocked:1441 
W/ContextImpl(  772): Calling a method in the system process without a qualified user: android.app.ContextImpl.sendBroadcast:1069 com.android.server.am.OppoActivityStackHelper.sendIsCameraModeIntent:125 com.android.server.am.OppoActivityStackHelper.handleSendCameraMode:137 com.android.server.am.ActivityStack.resumeTopActivityLocked:1481 com.android.server.am.ActivityStack.resumeTopActivityLocked:1441 
I/ActivityManager(  772): Start proc com.oppo.purebackground for broadcast com.oppo.purebackground/.PackageChangeReceiver: pid=22033 uid=1000 gids={41000, 3003, 1015, 1006, 3001, 1028, 3002, 2001, 1007, 3006, 1004, 2002, 1021, 3004, 3005, 1000, 3009}
I/ActivityManager(  772): No longer want android.process.media (pid 20311): empty #17
W/ContextImpl(  772): Calling a method in the system process without a qualified user: android.app.ContextImpl.sendBroadcast:1069 com.android.server.am.OppoActivityStackHelper.sendIsHomeModeIntent:64 com.android.server.am.OppoActivityStackHelper.handleSendHomeMode:80 com.android.server.am.ActivityStack.resumeTopActivityLocked:1475 com.android.server.am.ActivityStack.resumeTopActivityLocked:1441 
W/ContextImpl(  772): Calling a method in the system process without a qualified user: android.app.ContextImpl.sendBroadcast:1069 com.android.server.am.OppoActivityStackHelper.sendIsCameraModeIntent:125 com.android.server.am.OppoActivityStackHelper.handleSendCameraMode:137 com.android.server.am.ActivityStack.resumeTopActivityLocked:1481 com.android.server.am.ActivityStack.resumeTopActivityLocked:1441 
I/ActivityManager(  772): Start proc com.oppo.providers.permissions for broadcast com.oppo.providers.permissions/.PackageChangedReceiver: pid=22064 uid=1000 gids={41000, 3003, 1015, 1006, 3001, 1028, 3002, 2001, 1007, 3006, 1004, 2002, 1021, 3004, 3005, 1000, 3009}
I/ActivityManager(  772): No longer want com.nearme.themespace (pid 20331): empty #17
W/ContextImpl(  772): Calling a method in the system process without a qualified user: android.app.ContextImpl.sendBroadcast:1069 com.android.server.am.OppoActivityStackHelper.sendIsHomeModeIntent:64 com.android.server.am.OppoActivityStackHelper.handleSendHomeMode:80 com.android.server.am.ActivityStack.resumeTopActivityLocked:1475 com.android.server.am.ActivityStack.resumeTopActivityLocked:1441 
W/ContextImpl(  772): Calling a method in the system process without a qualified user: android.app.ContextImpl.sendBroadcast:1069 com.android.server.am.OppoActivityStackHelper.sendIsCameraModeIntent:125 com.android.server.am.OppoActivityStackHelper.handleSendCameraMode:137 com.android.server.am.ActivityStack.resumeTopActivityLocked:1481 com.android.server.am.ActivityStack.resumeTopActivityLocked:1441 
I/ActivityManager(  772): Start proc com.android.settings for broadcast com.android.settings/com.oppo.settings.notifycenter.InitDataReceiver: pid=22078 uid=1000 gids={41000, 3003, 1015, 1006, 3001, 1028, 3002, 2001, 1007, 3006, 1004, 2002, 1021, 3004, 3005, 1000, 3009}
I/ActivityManager(  772): No longer want com.oppo.c2u (pid 19925): empty #17
I/ActivityManager(  772): START u0 {act=android.intent.action.MAIN cat=[android.intent.category.LAUNCHER] flg=0x10000000 cmp=com.example.simopesamples/.MainActivity} from pid 22030
E/ActivityManager(  772): START {act=android.intent.action.MAIN cat=[android.intent.category.LAUNCHER] flg=0x10000000 cmp=com.example.simopesamples/.MainActivity u=0} from pid 22030
W/ContextImpl(  772): Calling a method in the system process without a qualified user: android.app.ContextImpl.sendBroadcast:1069 com.android.server.am.OppoActivityStackHelper.sendIsHomeModeIntent:64 com.android.server.am.OppoActivityStackHelper.handleSendHomeMode:87 com.android.server.am.ActivityStack.resumeTopActivityLocked:1475 com.android.server.am.ActivityStack.resumeTopActivityLocked:1441 
W/ContextImpl(  772): Calling a method in the system process without a qualified user: android.app.ContextImpl.sendBroadcast:1069 com.android.server.am.OppoActivityStackHelper.sendIsCameraModeIntent:125 com.android.server.am.OppoActivityStackHelper.handleSendCameraMode:137 com.android.server.am.ActivityStack.resumeTopActivityLocked:1481 com.android.server.am.ActivityStack.resumeTopActivityLocked:1441 
W/ContextImpl(  772): Calling a method in the system process without a qualified user: android.app.ContextImpl.sendBroadcast:1069 com.android.server.am.OppoActivityStackHelper.sendIsHomeModeIntent:64 com.android.server.am.OppoActivityStackHelper.handleSendHomeMode:87 com.android.server.am.ActivityStack.resumeTopActivityLocked:1475 com.android.server.am.ActivityStack.resumeTopActivityLocked:1441 
W/ContextImpl(  772): Calling a method in the system process without a qualified user: android.app.ContextImpl.sendBroadcast:1069 com.android.server.am.OppoActivityStackHelper.sendIsCameraModeIntent:125 com.android.server.am.OppoActivityStackHelper.handleSendCameraMode:137 com.android.server.am.ActivityStack.resumeTopActivityLocked:1481 com.android.server.am.ActivityStack.resumeTopActivityLocked:1441 
W/ContextImpl(  772): Calling a method in the system process without a qualified user: android.app.ContextImpl.sendBroadcast:1069 com.android.server.am.OppoActivityStackHelper.sendIsHomeModeIntent:64 com.android.server.am.OppoActivityStackHelper.handleSendHomeMode:103 com.android.server.am.ActivityStack.resumeTopActivityLocked:1475 com.android.server.am.ActivityStack.resumeTopActivityLocked:1441 
I/ActivityManager(  772): Start proc com.example.simopesamples for activity com.example.simopesamples/.MainActivity: pid=22093 uid=10115 gids={50115, 3003, 1015, 1028}
I/ActivityManager(  772): No longer want com.oppo.ota (pid 20347): empty #17
W/ContextImpl(  772): Calling a method in the system process without a qualified user: android.app.ContextImpl.sendBroadcast:1069 com.android.server.am.OppoActivityStackHelper.sendIsHomeModeIntent:64 com.android.server.am.OppoActivityStackHelper.handleSendHomeMode:87 com.android.server.am.ActivityStack.resumeTopActivityLocked:1475 com.android.server.am.ActivityStack.resumeTopActivityLocked:1441 
W/ContextImpl(  772): Calling a method in the system process without a qualified user: android.app.ContextImpl.sendBroadcast:1069 com.android.server.am.OppoActivityStackHelper.sendIsCameraModeIntent:125 com.android.server.am.OppoActivityStackHelper.handleSendCameraMode:137 com.android.server.am.ActivityStack.resumeTopActivityLocked:1481 com.android.server.am.ActivityStack.resumeTopActivityLocked:1441 
I/ActivityManager(  772): Start proc com.baidu.searchbox_oppo:pushservice_v1 for broadcast com.baidu.searchbox_oppo/com.baidu.android.pushservice.RegistratonReceiver: pid=22108 uid=10093 gids={50093, 1006, 3003, 1015, 1028}
I/ActivityManager(  772): Process com.baidu.searchbox_oppo:pushservice_v1 (pid 22108) has died.
W/ContextImpl(  772): Calling a method in the system process without a qualified user: android.app.ContextImpl.sendBroadcast:1069 com.android.server.am.OppoExtraActivityManagerService.setKeyLockModeNormal:47 com.android.server.am.ActivityManagerService.appDiedLocked:3230 com.android.server.am.ActivityManagerService$AppDeathRecipient.binderDied:911 android.os.BinderProxy.sendDeathNotice:433 
W/ContextImpl(  772): Calling a method in the system process without a qualified user: android.app.ContextImpl.sendBroadcast:1069 com.android.server.am.OppoActivityStackHelper.sendIsHomeModeIntent:64 com.android.server.am.OppoActivityStackHelper.handleSendHomeMode:87 com.android.server.am.ActivityStack.resumeTopActivityLocked:1475 com.android.server.am.ActivityStack.resumeTopActivityLocked:1441 
W/ContextImpl(  772): Calling a method in the system process without a qualified user: android.app.ContextImpl.sendBroadcast:1069 com.android.server.am.OppoActivityStackHelper.sendIsCameraModeIntent:125 com.android.server.am.OppoActivityStackHelper.handleSendCameraMode:137 com.android.server.am.ActivityStack.resumeTopActivityLocked:1481 com.android.server.am.ActivityStack.resumeTopActivityLocked:1441 
I/ActivityManager(  772): Start proc cn.zan.zan_society:bdservice_v1 for broadcast cn.zan.zan_society/com.baidu.android.pushservice.RegistrationReceiver: pid=22129 uid=10105 gids={50105, 3003, 1015, 1006, 1028}
D/PhoneStatusBar(  975): hiding the MENU button
I/ActivityManager(  772): Start proc com.elinkway.tvlive2 for broadcast com.elinkway.tvlive2/.receiver.AppBroadcastReceiver: pid=22148 uid=10113 gids={50113, 3003, 1028, 1015}
V/SettingsProvider(  772): call(system:com.baidu.android.pushservice.PushSettings.debug_mode) for 0
I/ActivityManager(  772): Process cn.zan.zan_society:bdservice_v1 (pid 22129) has died.
W/ContextImpl(  772): Calling a method in the system process without a qualified user: android.app.ContextImpl.sendBroadcast:1069 com.android.server.am.OppoExtraActivityManagerService.setKeyLockModeNormal:47 com.android.server.am.ActivityManagerService.appDiedLocked:3230 com.android.server.am.ActivityManagerService$AppDeathRecipient.binderDied:911 android.os.BinderProxy.sendDeathNotice:433 
W/ContextImpl(  772): Calling a method in the system process without a qualified user: android.app.ContextImpl.sendBroadcast:1069 com.android.server.am.OppoActivityStackHelper.sendIsHomeModeIntent:64 com.android.server.am.OppoActivityStackHelper.handleSendHomeMode:87 com.android.server.am.ActivityStack.resumeTopActivityLocked:1475 com.android.server.am.ActivityStack.resumeTopActivityLocked:1441 
W/ContextImpl(  772): Calling a method in the system process without a qualified user: android.app.ContextImpl.sendBroadcast:1069 com.android.server.am.OppoActivityStackHelper.sendIsCameraModeIntent:125 com.android.server.am.OppoActivityStackHelper.handleSendCameraMode:137 com.android.server.am.ActivityStack.resumeTopActivityLocked:1481 com.android.server.am.ActivityStack.resumeTopActivityLocked:1441 
I/ActivityManager(  772): No longer want com.oppo.weather (pid 20085): empty #17
W/ContextImpl(  772): Calling a method in the system process without a qualified user: android.app.ContextImpl.sendBroadcast:1069 com.android.server.am.OppoActivityStackHelper.sendIsHomeModeIntent:64 com.android.server.am.OppoActivityStackHelper.handleSendHomeMode:87 com.android.server.am.ActivityStack.resumeTopActivityLocked:1475 com.android.server.am.ActivityStack.resumeTopActivityLocked:1441 
W/ContextImpl(  772): Calling a method in the system process without a qualified user: android.app.ContextImpl.sendBroadcast:1069 com.android.server.am.OppoActivityStackHelper.sendIsCameraModeIntent:125 com.android.server.am.OppoActivityStackHelper.handleSendCameraMode:137 com.android.server.am.ActivityStack.resumeTopActivityLocked:1481 com.android.server.am.ActivityStack.resumeTopActivityLocked:1441 
I/ActivityManager(  772): Start proc com.tencent.mobileqq:web for broadcast com.tencent.mobileqq/com.tencent.open.business.base.appreport.AppReportReceiver: pid=22171 uid=10088 gids={50088, 3003, 1006, 3002, 3001, 1015, 1028}
V/SettingsProvider(  772): call(system:com.baidu.android.pushservice.PushSettings.debug_mode) for 0
V/SettingsProvider(  772): call(system:com.baidu.push.cur_prio) for 0
V/SettingsProvider(  772): call(system:com.baidu.push.cur_pkg) for 0
V/SettingsProvider(  772): call(system:com.baidu.android.pushservice.PushSettings.debug_mode) for 0
W/ContextImpl( 1148): Calling a method in the system process without a qualified user: android.app.ContextImpl.startService:1389 android.content.ContextWrapper.startService:459 android.content.ContextWrapper.startService:459 com.oppo.safe.virusdetect.RealTimeMonitorReceiver.onReceive:57 android.app.ActivityThread.handleReceiver:2411 
I/ActivityManager(  772): Process com.showeachother:bdservice_v1 (pid 20981) has died.
W/ContextImpl(  772): Calling a method in the system process without a qualified user: android.app.ContextImpl.sendBroadcast:1069 com.android.server.am.OppoExtraActivityManagerService.setKeyLockModeNormal:47 com.android.server.am.ActivityManagerService.appDiedLocked:3230 com.android.server.am.ActivityManagerService$AppDeathRecipient.binderDied:911 android.os.BinderProxy.sendDeathNotice:433 
W/ContextImpl(  772): Calling a method in the system process without a qualified user: android.app.ContextImpl.sendBroadcast:1069 com.android.server.am.OppoActivityStackHelper.sendIsHomeModeIntent:64 com.android.server.am.OppoActivityStackHelper.handleSendHomeMode:87 com.android.server.am.ActivityStack.resumeTopActivityLocked:1475 com.android.server.am.ActivityStack.resumeTopActivityLocked:1441 
W/ContextImpl(  772): Calling a method in the system process without a qualified user: android.app.ContextImpl.sendBroadcast:1069 com.android.server.am.OppoActivityStackHelper.sendIsCameraModeIntent:125 com.android.server.am.OppoActivityStackHelper.handleSendCameraMode:137 com.android.server.am.ActivityStack.resumeTopActivityLocked:1481 com.android.server.am.ActivityStack.resumeTopActivityLocked:1441 
I/ActivityManager(  772): Start proc com.svox.pico for broadcast com.svox.pico/.VoiceDataInstallerReceiver: pid=22213 uid=10072 gids={50072, 1015, 1028}
I/ActivityManager(  772): Process com.talkingflower:bdservice_v1 (pid 21002) has died.
W/ContextImpl(  772): Calling a method in the system process without a qualified user: android.app.ContextImpl.sendBroadcast:1069 com.android.server.am.OppoExtraActivityManagerService.setKeyLockModeNormal:47 com.android.server.am.ActivityManagerService.appDiedLocked:3230 com.android.server.am.ActivityManagerService$AppDeathRecipient.binderDied:911 android.os.BinderProxy.sendDeathNotice:433 
W/ContextImpl(  772): Calling a method in the system process without a qualified user: android.app.ContextImpl.sendBroadcast:1069 com.android.server.am.OppoActivityStackHelper.sendIsHomeModeIntent:64 com.android.server.am.OppoActivityStackHelper.handleSendHomeMode:87 com.android.server.am.ActivityStack.resumeTopActivityLocked:1475 com.android.server.am.ActivityStack.resumeTopActivityLocked:1441 
W/ContextImpl(  772): Calling a method in the system process without a qualified user: android.app.ContextImpl.sendBroadcast:1069 com.android.server.am.OppoActivityStackHelper.sendIsCameraModeIntent:125 com.android.server.am.OppoActivityStackHelper.handleSendCameraMode:137 com.android.server.am.ActivityStack.resumeTopActivityLocked:1481 com.android.server.am.ActivityStack.resumeTopActivityLocked:1441 
I/ActivityManager(  772): Start proc com.oppo.vistormode for broadcast com.oppo.vistormode/.launcher.PackageAddedReceiver: pid=22232 uid=1000 gids={41000, 3003, 1015, 1006, 3001, 1028, 3002, 2001, 1007, 3006, 1004, 2002, 1021, 3004, 3005, 1000, 3009}
E/ActivityThread(10651): Failed to find provider info for com.oppo.usercenter.accountinfo
E/ActivityThread(10651): Failed to find provider info for com.oppo.usercenter.accountinfo
E/ActivityThread(10651): Failed to find provider info for com.oppo.usercenter.accountinfo
E/ActivityThread(10651): Failed to find provider info for com.oppo.usercenter.accountinfo
E/ActivityThread(10651): Failed to find provider info for com.oppo.usercenter.accountinfo
I/ActivityManager(  772): No longer want cn.zan.zan_society (pid 20396): empty #17
W/ContextImpl(  772): Calling a method in the system process without a qualified user: android.app.ContextImpl.sendBroadcast:1069 com.android.server.am.OppoActivityStackHelper.sendIsHomeModeIntent:64 com.android.server.am.OppoActivityStackHelper.handleSendHomeMode:87 com.android.server.am.ActivityStack.resumeTopActivityLocked:1475 com.android.server.am.ActivityStack.resumeTopActivityLocked:1441 
W/ContextImpl(  772): Calling a method in the system process without a qualified user: android.app.ContextImpl.sendBroadcast:1069 com.android.server.am.OppoActivityStackHelper.sendIsCameraModeIntent:125 com.android.server.am.OppoActivityStackHelper.handleSendCameraMode:137 com.android.server.am.ActivityStack.resumeTopActivityLocked:1481 com.android.server.am.ActivityStack.resumeTopActivityLocked:1441 
I/ActivityManager(  772): Process com.UCMobile (pid 20376) has died.
W/ContextImpl(  772): Calling a method in the system process without a qualified user: android.app.ContextImpl.sendBroadcast:1069 com.android.server.am.OppoExtraActivityManagerService.setKeyLockModeNormal:47 com.android.server.am.ActivityManagerService.appDiedLocked:3230 com.android.server.am.ActivityManagerService$AppDeathRecipient.binderDied:911 android.os.BinderProxy.sendDeathNotice:433 
W/ContextImpl(  772): Calling a method in the system process without a qualified user: android.app.ContextImpl.sendBroadcast:1069 com.android.server.am.OppoActivityStackHelper.sendIsHomeModeIntent:64 com.android.server.am.OppoActivityStackHelper.handleSendHomeMode:87 com.android.server.am.ActivityStack.resumeTopActivityLocked:1475 com.android.server.am.ActivityStack.resumeTopActivityLocked:1441 
W/ContextImpl(  772): Calling a method in the system process without a qualified user: android.app.ContextImpl.sendBroadcast:1069 com.android.server.am.OppoActivityStackHelper.sendIsCameraModeIntent:125 com.android.server.am.OppoActivityStackHelper.handleSendCameraMode:137 com.android.server.am.ActivityStack.resumeTopActivityLocked:1481 com.android.server.am.ActivityStack.resumeTopActivityLocked:1441 
I/ActivityManager(  772): Start proc com.nearme.statistics.rom for broadcast com.nearme.statistics.rom/.receiver.Receiver: pid=22260 uid=1000 gids={41000, 3003, 1015, 1006, 3001, 1028, 3002, 2001, 1007, 3006, 1004, 2002, 1021, 3004, 3005, 1000, 3009}
W/ContextImpl(22260): Calling a method in the system process without a qualified user: android.app.ContextImpl.startService:1389 android.content.ContextWrapper.startService:459 android.content.ContextWrapper.startService:459 com.nearme.statistics.rom.receiver.Receiver.onReceive:-1 android.app.ActivityThread.handleReceiver:2411 
I/ActivityManager(  772): Start proc com.oppo.c2u for broadcast com.oppo.c2u/.receiver.SystemEventReceiver: pid=22278 uid=10035 gids={50035, 3003, 1015, 1028}
E/NotificationService(  772): Ignoring notification with icon==0: Notification(pri=0 contentView=null vibrate=null sound=null defaults=0x0 flags=0x62 kind=[null])
I/ActivityManager(  772): No longer want com.tencent.mm:push (pid 20455): empty #17
W/ContextImpl(  772): Calling a method in the system process without a qualified user: android.app.ContextImpl.sendBroadcast:1069 com.android.server.am.OppoActivityStackHelper.sendIsHomeModeIntent:64 com.android.server.am.OppoActivityStackHelper.handleSendHomeMode:87 com.android.server.am.ActivityStack.resumeTopActivityLocked:1475 com.android.server.am.ActivityStack.resumeTopActivityLocked:1441 
W/ContextImpl(  772): Calling a method in the system process without a qualified user: android.app.ContextImpl.sendBroadcast:1069 com.android.server.am.OppoActivityStackHelper.sendIsCameraModeIntent:125 com.android.server.am.OppoActivityStackHelper.handleSendCameraMode:137 com.android.server.am.ActivityStack.resumeTopActivityLocked:1481 com.android.server.am.ActivityStack.resumeTopActivityLocked:1441 
I/ActivityManager(  772): Start proc com.UCMobile for broadcast com.UCMobile/.receivers.SysReceiver: pid=22298 uid=10106 gids={50106, 3003, 1006, 1015, 1028}
I/ActivityManager(  772): No longer want com.nearme.ocloud (pid 21682): empty #17
W/ContextImpl(  772): Calling a method in the system process without a qualified user: android.app.ContextImpl.sendBroadcast:1069 com.android.server.am.OppoActivityStackHelper.sendIsHomeModeIntent:64 com.android.server.am.OppoActivityStackHelper.handleSendHomeMode:87 com.android.server.am.ActivityStack.resumeTopActivityLocked:1475 com.android.server.am.ActivityStack.resumeTopActivityLocked:1441 
W/ContextImpl(  772): Calling a method in the system process without a qualified user: android.app.ContextImpl.sendBroadcast:1069 com.android.server.am.OppoActivityStackHelper.sendIsCameraModeIntent:125 com.android.server.am.OppoActivityStackHelper.handleSendCameraMode:137 com.android.server.am.ActivityStack.resumeTopActivityLocked:1481 com.android.server.am.ActivityStack.resumeTopActivityLocked:1441 
I/ActivityManager(  772): Process com.UCMobile (pid 22298) has died.
W/ContextImpl(  772): Calling a method in the system process without a qualified user: android.app.ContextImpl.sendBroadcast:1069 com.android.server.am.OppoExtraActivityManagerService.setKeyLockModeNormal:47 com.android.server.am.ActivityManagerService.appDiedLocked:3230 com.android.server.am.ActivityManagerService$AppDeathRecipient.binderDied:911 android.os.BinderProxy.sendDeathNotice:433 
W/ContextImpl(  772): Calling a method in the system process without a qualified user: android.app.ContextImpl.sendBroadcast:1069 com.android.server.am.OppoActivityStackHelper.sendIsHomeModeIntent:64 com.android.server.am.OppoActivityStackHelper.handleSendHomeMode:87 com.android.server.am.ActivityStack.resumeTopActivityLocked:1475 com.android.server.am.ActivityStack.resumeTopActivityLocked:1441 
W/ContextImpl(  772): Calling a method in the system process without a qualified user: android.app.ContextImpl.sendBroadcast:1069 com.android.server.am.OppoActivityStackHelper.sendIsCameraModeIntent:125 com.android.server.am.OppoActivityStackHelper.handleSendCameraMode:137 com.android.server.am.ActivityStack.resumeTopActivityLocked:1481 com.android.server.am.ActivityStack.resumeTopActivityLocked:1441 
I/ActivityManager(  772): Start proc com.android.quicksearchbox for broadcast com.android.quicksearchbox/.CorporaUpdateReceiver: pid=22324 uid=10073 gids={50073, 3003, 1028}
I/ActivityManager(  772): No longer want com.nearme.gamecenter (pid 21943): empty #17
W/ContextImpl(  772): Calling a method in the system process without a qualified user: android.app.ContextImpl.sendBroadcast:1069 com.android.server.am.OppoActivityStackHelper.sendIsHomeModeIntent:64 com.android.server.am.OppoActivityStackHelper.handleSendHomeMode:87 com.android.server.am.ActivityStack.resumeTopActivityLocked:1475 com.android.server.am.ActivityStack.resumeTopActivityLocked:1441 
W/ContextImpl(  772): Calling a method in the system process without a qualified user: android.app.ContextImpl.sendBroadcast:1069 com.android.server.am.OppoActivityStackHelper.sendIsCameraModeIntent:125 com.android.server.am.OppoActivityStackHelper.handleSendCameraMode:137 com.android.server.am.ActivityStack.resumeTopActivityLocked:1481 com.android.server.am.ActivityStack.resumeTopActivityLocked:1441 
D/NetworkController(  975): refreshView simColor = -1
D/NetworkController(  975): refreshViews connected={ wifi } level=3 combinedSignalIconId=0x7f02012b/com.android.systemui:drawable/oppo_stat_sys_wifi_signal_3 combinedActivityIconId=0x0 mobileLabel= wifiLabel=yunzhouxxxxXXXXxxxxXXXX combinedLabel=yunzhouxxxxXXXXxxxxXXXX mAirplaneMode=false mDataActivity=0 mPhoneSignalIconId=0x7f020125 mPhoneSignalIconId name :com.android.systemui:drawable/oppo_stat_sys_signal_null mDataDirectionIconId=0x7f020155 mDataSignalIconId=0x7f020125 mDataTypeIconId=0x0 mLastDataTypeIconId=0x0 mWifiIconId=0x7f02012b mBluetoothTetherIconId=0xc080095
D/BatteryService(  772): Processing new values: mAcOnline=false, mUsbOnline=true, mWirelessOnline=false, mBatteryStatus=2, mBatteryHealth=2, mBatteryPresent=true, mBatteryLevel=29, mBatteryTechnology=Li-ion, mBatteryVoltage=3774, mBatteryTemperature=327, mBatteryLevelCritical=false, mPlugType=2
D/OppoBatteryService(  772): Processing additional values: mChargerVoltage=4920, mLastChargerVoltage=4919, mBatteryCurrent=-71, mLastBatteryCurrent=279, mChargeVolStatus=3, mBatteryTemperature=327, mBatteryTempStatus=2, mAccessoryPresent=false, mAccessoryStatus=0, mAccessoryCapacity=0, mChargeTimeout=false, mChargeSocFall=false
D/OppoBatteryService(  772): Sending ACTION_ADDITIONAL_BATTERY_CHANGED.  chargervoltage: 4920 ,batterycurrent: -71 ,chargervolstatus: 3 ,batterytempstatus: 2 ,batteryvolstatus: 3 ,accessorypresent: false ,accessorystatus: 0 ,accessorycapacity: 0 ,chargetimeout: false ,chargesocfall: false ,mPlugType: 2
D/BatteryService(  772): Sending ACTION_BATTERY_CHANGED.  level:29, scale:100, status:2, health:2, present:true, voltage: 3774, temperature: 327, technology: Li-ion, AC powered:false, USB powered:true, Wireless powered:false, icon:17303411, invalid charger:0
W/ContextImpl( 1190): Calling a method in the system process without a qualified user: android.app.ContextImpl.sendBroadcast:1069 android.content.ContextWrapper.sendBroadcast:347 com.oppo.powermanager.PowerMgrService.sendBroadCastToPowermgrWidget:1149 com.oppo.powermanager.PowerMgrService.access$1900:108 com.oppo.powermanager.PowerMgrService$2.onReceive:1190 
D/PowerUI (  975): Intent start() mHideLowBDialog= false
W/PackageParser( 5036): No actions in intent filter at /storage/sdcard0/Woshi.apk Binary XML file line #117
V/SettingsProvider(  772): call(system:sound_effects_enabled) for 0
I/ActivityManager(  772): START u0 {cmp=com.example.simopesamples/com.simope.yzvideo.base.MobilePlayActivity (has extras)} from pid 22093
E/ActivityManager(  772): START {cmp=com.example.simopesamples/com.simope.yzvideo.base.MobilePlayActivity (has extras) u=0} from pid 22093
W/ContextImpl(  772): Calling a method in the system process without a qualified user: android.app.ContextImpl.sendBroadcast:1069 com.android.server.am.OppoActivityStackHelper.sendIsHomeModeIntent:64 com.android.server.am.OppoActivityStackHelper.handleSendHomeMode:87 com.android.server.am.ActivityStack.resumeTopActivityLocked:1475 com.android.server.am.ActivityStack.resumeTopActivityLocked:1441 
W/ContextImpl(  772): Calling a method in the system process without a qualified user: android.app.ContextImpl.sendBroadcast:1069 com.android.server.am.OppoActivityStackHelper.sendIsCameraModeIntent:125 com.android.server.am.OppoActivityStackHelper.handleSendCameraMode:137 com.android.server.am.ActivityStack.resumeTopActivityLocked:1481 com.android.server.am.ActivityStack.resumeTopActivityLocked:1441 
I/ActivityManager(  772): Config changes=1480 {0 1.0 ?mcc?mnc zh_CN ldltr sw360dp w640dp h335dp 480dpi nrml long land finger -keyb/v/h -nav/h s.20mThemeChanged = 0mThemeChangedFlags = 0}
D/RecentsPanelView(  975): panelHeight=870
I/NetworkController(  975): simId has no service:
D/updatePlmnText(  975): mPlmnDisplayType0
D/updatePlmnText(  975): have service :false
D/updatePlmnText(  975): updatePlmnText : SIM
D/updatePlmnText(  975): updatePlmnText in notification : , sim state :ABSENT
D/NetworkController(  975): refreshView simColor = -1
D/NetworkController(  975): refreshViews connected={ wifi } level=3 combinedSignalIconId=0x7f02012b/com.android.systemui:drawable/oppo_stat_sys_wifi_signal_3 combinedActivityIconId=0x0 mobileLabel= wifiLabel=yunzhouxxxxXXXXxxxxXXXX combinedLabel=yunzhouxxxxXXXXxxxxXXXX mAirplaneMode=false mDataActivity=0 mPhoneSignalIconId=0x7f020125 mPhoneSignalIconId name :com.android.systemui:drawable/oppo_stat_sys_signal_null mDataDirectionIconId=0x7f020155 mDataSignalIconId=0x7f020125 mDataTypeIconId=0x0 mLastDataTypeIconId=0x0 mWifiIconId=0x7f02012b mBluetoothTetherIconId=0xc080095
D/QcConnectivityService(  772): getMobileDataEnabled returning true
D/OppoNarrowFrameHandle(  772): setNarrowFrameIsFullScreen mIsFullScreen != isFullScreen 
D/QcConnectivityService(  772): getMobileDataEnabled returning true
D/PhoneStatusBar(  975): updateNotificationTitleText, lastNotificationSize :5 goingNotificationSize:3
D/StatusBar(  975): collapsing notification at 0
D/StatusBar(  975): setting collapsed row height to 192
D/StatusBar(  975): collapsing notification at 1
D/StatusBar(  975): setting collapsed row height to 192
D/StatusBar(  975): collapsing notification at 2
D/StatusBar(  975): setting collapsed row height to 192
D/StatusBar(  975): collapsing notification at 3
D/StatusBar(  975): setting collapsed row height to 192
D/StatusBar(  975): collapsing notification at 4
D/StatusBar(  975): setting collapsed row height to 192
D/StatusBar(  975): collapsing notification at 5
D/StatusBar(  975): setting collapsed row height to 192
D/StatusBar(  975): collapsing notification at 6
D/StatusBar(  975): setting collapsed row height to 192
D/StatusBar(  975): expanding top notification at 7
D/StatusBar(  975): setting expanded row height to WRAP_CONTENT
D/PhoneStatusBar(  975): setAreThereNotifications: N=8 any=true clearable=true
D/PhoneStatusBar(  975): pileh=0 scrollh=0 carrierh=60
D/PhoneStatusBar(  975): updateNotificationTitleText, lastNotificationSize :5 goingNotificationSize:3
D/QcConnectivityService(  772): getMobileDataEnabled returning true
D/PhoneStatusBar(  975): pileh=1074 scrollh=762 carrierh=60
D/PhoneStatusBar(  975): pileh=1074 scrollh=762 carrierh=60
D/PhoneStatusBar(  975): making carrier label visible
D/PhoneStatusBar(  975): hiding the MENU button
D/QcConnectivityService(  772): getMobileDataEnabled returning true
I/ActivityManager(  772): Process com.example.simopesamples (pid 22093) has died.
I/WindowState(  772): WIN DEATH: Window{42d0f290 u0 com.example.simopesamples/com.example.simopesamples.MainActivity}
W/ContextImpl(  772): Calling a method in the system process without a qualified user: android.app.ContextImpl.sendBroadcast:1069 com.android.server.am.OppoExtraActivityManagerService.setKeyLockModeNormal:47 com.android.server.am.ActivityManagerService.appDiedLocked:3230 com.android.server.am.ActivityManagerService$AppDeathRecipient.binderDied:911 android.os.BinderProxy.sendDeathNotice:433 
W/ActivityManager(  772): Scheduling restart of crashed service com.example.simopesamples/com.simope.yzvideo.dlna.DLNAService in 5000ms
W/ActivityManager(  772): Force removing ActivityRecord{428ae730 u0 com.example.simopesamples/com.simope.yzvideo.base.MobilePlayActivity}: app died, no saved state
I/WindowState(  772): WIN DEATH: Window{4280bde8 u0 com.example.simopesamples/com.simope.yzvideo.base.MobilePlayActivity}
W/WindowManager(  772): Force-removing child win Window{4291d080 u0 SurfaceView} from container Window{4280bde8 u0 com.example.simopesamples/com.simope.yzvideo.base.MobilePlayActivity}
W/WindowManager(  772): Force-removing child win Window{428514c8 u0 SurfaceView} from container Window{4280bde8 u0 com.example.simopesamples/com.simope.yzvideo.base.MobilePlayActivity}
D/OppoNarrowFrameHandle(  772): setNarrowFrameIsFullScreen mIsFullScreen != isFullScreen 
W/WindowManager(  772): Failed looking up window
W/WindowManager(  772): java.lang.IllegalArgumentException: Requested window android.os.BinderProxy@43192768 does not exist
W/WindowManager(  772): 	at com.android.server.wm.WindowManagerService.windowForClientLocked(WindowManagerService.java:8286)
W/WindowManager(  772): 	at com.android.server.wm.WindowManagerService.windowForClientLocked(WindowManagerService.java:8277)
W/WindowManager(  772): 	at com.android.server.wm.WindowState$DeathRecipient.binderDied(WindowState.java:941)
W/WindowManager(  772): 	at android.os.BinderProxy.sendDeathNotice(Binder.java:433)
W/WindowManager(  772): 	at dalvik.system.NativeStart.run(Native Method)
I/WindowState(  772): WIN DEATH: null
W/WindowManager(  772): Failed looking up window
W/WindowManager(  772): java.lang.IllegalArgumentException: Requested window android.os.BinderProxy@42f7cbe8 does not exist
W/WindowManager(  772): 	at com.android.server.wm.WindowManagerService.windowForClientLocked(WindowManagerService.java:8286)
W/WindowManager(  772): 	at com.android.server.wm.WindowManagerService.windowForClientLocked(WindowManagerService.java:8277)
W/WindowManager(  772): 	at com.android.server.wm.WindowState$DeathRecipient.binderDied(WindowState.java:941)
W/WindowManager(  772): 	at android.os.BinderProxy.sendDeathNotice(Binder.java:433)
W/WindowManager(  772): 	at dalvik.system.NativeStart.run(Native Method)
I/WindowState(  772): WIN DEATH: null
W/ActivityManager(  772): Force removing ActivityRecord{425feb50 u0 com.example.simopesamples/.MainActivity}: app died, no saved state
W/ContextImpl(  772): Calling a method in the system process without a qualified user: android.app.ContextImpl.sendBroadcast:1069 com.android.server.am.OppoActivityStackHelper.sendIsHomeModeIntent:64 com.android.server.am.OppoActivityStackHelper.handleSendHomeMode:80 com.android.server.am.ActivityStack.resumeTopActivityLocked:1475 com.android.server.am.ActivityStack.resumeTopActivityLocked:1441 
W/ContextImpl(  772): Calling a method in the system process without a qualified user: android.app.ContextImpl.sendBroadcast:1069 com.android.server.am.OppoActivityStackHelper.sendIsCameraModeIntent:125 com.android.server.am.OppoActivityStackHelper.handleSendCameraMode:137 com.android.server.am.ActivityStack.resumeTopActivityLocked:1481 com.android.server.am.ActivityStack.resumeTopActivityLocked:1441 
I/ActivityManager(  772): Config changes=1480 {0 1.0 ?mcc?mnc zh_CN ldltr sw360dp w360dp h615dp 480dpi nrml long port finger -keyb/v/h -nav/h s.21mThemeChanged = 0mThemeChangedFlags = 0}
W/InputMethodManagerService(  772): Got RemoteException sending setActive(false) notification to pid 22093 uid 10115
I/ActivityManager(  772): Start proc com.oppo.weather for content provider com.oppo.weather/.provider.WeatherProvider: pid=22396 uid=10066 gids={50066, 3003, 1015, 1028}
I/ActivityManager(  772): No longer want com.qihoo360.mobilesafe (pid 21955): empty #17
W/ContextImpl(  772): Calling a method in the system process without a qualified user: android.app.ContextImpl.sendBroadcast:1069 com.android.server.am.OppoActivityStackHelper.sendIsHomeModeIntent:64 com.android.server.am.OppoActivityStackHelper.handleSendHomeMode:80 com.android.server.am.ActivityStack.resumeTopActivityLocked:1475 com.android.server.am.ActivityStack.resumeTopActivityLocked:1441 
W/ContextImpl(  772): Calling a method in the system process without a qualified user: android.app.ContextImpl.sendBroadcast:1069 com.android.server.am.OppoActivityStackHelper.sendIsCameraModeIntent:125 com.android.server.am.OppoActivityStackHelper.handleSendCameraMode:137 com.android.server.am.ActivityStack.resumeTopActivityLocked:1481 com.android.server.am.ActivityStack.resumeTopActivityLocked:1441 
D/StatusBar(  975): closing search panel
D/NetworkController(  975): refreshView simColor = -1
D/NetworkController(  975): refreshViews connected={ wifi } level=3 combinedSignalIconId=0x7f02012b/com.android.systemui:drawable/oppo_stat_sys_wifi_signal_3 combinedActivityIconId=0x0 mobileLabel= wifiLabel=yunzhouxxxxXXXXxxxxXXXX combinedLabel=yunzhouxxxxXXXXxxxxXXXX mAirplaneMode=false mDataActivity=0 mPhoneSignalIconId=0x7f020125 mPhoneSignalIconId name :com.android.systemui:drawable/oppo_stat_sys_signal_null mDataDirectionIconId=0x7f020155 mDataSignalIconId=0x7f020125 mDataTypeIconId=0x0 mLastDataTypeIconId=0x0 mWifiIconId=0x7f02012b mBluetoothTetherIconId=0xc080095
I/NetworkController(  975): simId has no service:
D/updatePlmnText(  975): mPlmnDisplayType0
D/updatePlmnText(  975): have service :false
D/updatePlmnText(  975): updatePlmnText : SIM
D/updatePlmnText(  975): updatePlmnText in notification : , sim state :ABSENT
D/NetworkController(  975): refreshView simColor = -1
D/NetworkController(  975): refreshViews connected={ wifi } level=3 combinedSignalIconId=0x7f02012b/com.android.systemui:drawable/oppo_stat_sys_wifi_signal_3 combinedActivityIconId=0x0 mobileLabel= wifiLabel=yunzhouxxxxXXXXxxxxXXXX combinedLabel=yunzhouxxxxXXXXxxxxXXXX mAirplaneMode=false mDataActivity=0 mPhoneSignalIconId=0x7f020125 mPhoneSignalIconId name :com.android.systemui:drawable/oppo_stat_sys_signal_null mDataDirectionIconId=0x7f020155 mDataSignalIconId=0x7f020125 mDataTypeIconId=0x0 mLastDataTypeIconId=0x0 mWifiIconId=0x7f02012b mBluetoothTetherIconId=0xc080095
D/QcConnectivityService(  772): getMobileDataEnabled returning true
D/QcConnectivityService(  772): getMobileDataEnabled returning true
D/QcConnectivityService(  772): getMobileDataEnabled returning true
I/ActivityManager(  772): No longer want com.android.keychain (pid 21994): empty #17
W/ContextImpl(  772): Calling a method in the system process without a qualified user: android.app.ContextImpl.sendBroadcast:1069 com.android.server.am.OppoActivityStackHelper.sendIsHomeModeIntent:64 com.android.server.am.OppoActivityStackHelper.handleSendHomeMode:80 com.android.server.am.ActivityStack.resumeTopActivityLocked:1475 com.android.server.am.ActivityStack.resumeTopActivityLocked:1441 
W/ContextImpl(  772): Calling a method in the system process without a qualified user: android.app.ContextImpl.sendBroadcast:1069 com.android.server.am.OppoActivityStackHelper.sendIsCameraModeIntent:125 com.android.server.am.OppoActivityStackHelper.handleSendCameraMode:137 com.android.server.am.ActivityStack.resumeTopActivityLocked:1481 com.android.server.am.ActivityStack.resumeTopActivityLocked:1441 
D/PhoneStatusBar(  975): updateNotificationTitleText, lastNotificationSize :5 goingNotificationSize:3
D/StatusBar(  975): collapsing notification at 0
D/StatusBar(  975): setting collapsed row height to 192
D/StatusBar(  975): collapsing notification at 1
D/StatusBar(  975): setting collapsed row height to 192
D/StatusBar(  975): collapsing notification at 2
D/StatusBar(  975): setting collapsed row height to 192
D/StatusBar(  975): collapsing notification at 3
D/StatusBar(  975): setting collapsed row height to 192
D/StatusBar(  975): collapsing notification at 4
D/StatusBar(  975): setting collapsed row height to 192
D/StatusBar(  975): collapsing notification at 5
D/StatusBar(  975): setting collapsed row height to 192
D/StatusBar(  975): collapsing notification at 6
D/StatusBar(  975): setting collapsed row height to 192
D/StatusBar(  975): expanding top notification at 7
D/StatusBar(  975): setting expanded row height to WRAP_CONTENT
D/PhoneStatusBar(  975): setAreThereNotifications: N=8 any=true clearable=true
D/PhoneStatusBar(  975): pileh=0 scrollh=0 carrierh=72
D/PhoneStatusBar(  975): updateNotificationTitleText, lastNotificationSize :5 goingNotificationSize:3
D/PhoneStatusBar(  975): hiding the MENU button
D/PhoneStatusBar(  975): pileh=1074 scrollh=1119 carrierh=72
D/PhoneStatusBar(  975): pileh=1074 scrollh=1119 carrierh=72
D/PhoneStatusBar(  975): making carrier label visible
D/RecentsPanelView(  975): panelHeight=0
D/NetworkController(  975): refreshView simColor = -1
D/NetworkController(  975): refreshViews connected={ wifi } level=3 combinedSignalIconId=0x7f02012b/com.android.systemui:drawable/oppo_stat_sys_wifi_signal_3 combinedActivityIconId=0x0 mobileLabel= wifiLabel=yunzhouxxxxXXXXxxxxXXXX combinedLabel=yunzhouxxxxXXXXxxxxXXXX mAirplaneMode=false mDataActivity=0 mPhoneSignalIconId=0x7f020125 mPhoneSignalIconId name :com.android.systemui:drawable/oppo_stat_sys_signal_null mDataDirectionIconId=0x7f020155 mDataSignalIconId=0x7f020125 mDataTypeIconId=0x0 mLastDataTypeIconId=0x0 mWifiIconId=0x7f02012b mBluetoothTetherIconId=0xc080095
D/BatteryService(  772): Processing new values: mAcOnline=false, mUsbOnline=true, mWirelessOnline=false, mBatteryStatus=2, mBatteryHealth=2, mBatteryPresent=true, mBatteryLevel=29, mBatteryTechnology=Li-ion, mBatteryVoltage=3767, mBatteryTemperature=327, mBatteryLevelCritical=false, mPlugType=2
D/OppoBatteryService(  772): Processing additional values: mChargerVoltage=4923, mLastChargerVoltage=4920, mBatteryCurrent=-29, mLastBatteryCurrent=-71, mChargeVolStatus=3, mBatteryTemperature=327, mBatteryTempStatus=2, mAccessoryPresent=false, mAccessoryStatus=0, mAccessoryCapacity=0, mChargeTimeout=false, mChargeSocFall=false
D/OppoBatteryService(  772): Sending ACTION_ADDITIONAL_BATTERY_CHANGED.  chargervoltage: 4923 ,batterycurrent: -29 ,chargervolstatus: 3 ,batterytempstatus: 2 ,batteryvolstatus: 3 ,accessorypresent: false ,accessorystatus: 0 ,accessorycapacity: 0 ,chargetimeout: false ,chargesocfall: false ,mPlugType: 2
D/BatteryService(  772): Sending ACTION_BATTERY_CHANGED.  level:29, scale:100, status:2, health:2, present:true, voltage: 3767, temperature: 327, technology: Li-ion, AC powered:false, USB powered:true, Wireless powered:false, icon:17303411, invalid charger:0
W/ContextImpl( 1190): Calling a method in the system process without a qualified user: android.app.ContextImpl.sendBroadcast:1069 android.content.ContextWrapper.sendBroadcast:347 com.oppo.powermanager.PowerMgrService.sendBroadCastToPowermgrWidget:1149 com.oppo.powermanager.PowerMgrService.access$1900:108 com.oppo.powermanager.PowerMgrService$2.onReceive:1190 
D/PowerUI (  975): Intent start() mHideLowBDialog= false
I/ActivityManager(  772): Start proc com.example.simopesamples for service com.example.simopesamples/com.simope.yzvideo.dlna.DLNAService: pid=22449 uid=10115 gids={50115, 3003, 1015, 1028}
D/NetworkController(  975): refreshView simColor = -1
D/NetworkController(  975): refreshViews connected={ wifi } level=3 combinedSignalIconId=0x7f02012b/com.android.systemui:drawable/oppo_stat_sys_wifi_signal_3 combinedActivityIconId=0x0 mobileLabel= wifiLabel=yunzhouxxxxXXXXxxxxXXXX combinedLabel=yunzhouxxxxXXXXxxxxXXXX mAirplaneMode=false mDataActivity=0 mPhoneSignalIconId=0x7f020125 mPhoneSignalIconId name :com.android.systemui:drawable/oppo_stat_sys_signal_null mDataDirectionIconId=0x7f020155 mDataSignalIconId=0x7f020125 mDataTypeIconId=0x0 mLastDataTypeIconId=0x0 mWifiIconId=0x7f02012b mBluetoothTetherIconId=0xc080095
D/NetworkController(  975): refreshView simColor = -1
D/NetworkController(  975): refreshViews connected={ wifi } level=3 combinedSignalIconId=0x7f02012b/com.android.systemui:drawable/oppo_stat_sys_wifi_signal_3 combinedActivityIconId=0x0 mobileLabel= wifiLabel=yunzhouxxxxXXXXxxxxXXXX combinedLabel=yunzhouxxxxXXXXxxxxXXXX mAirplaneMode=false mDataActivity=0 mPhoneSignalIconId=0x7f020125 mPhoneSignalIconId name :com.android.systemui:drawable/oppo_stat_sys_signal_null mDataDirectionIconId=0x7f020155 mDataSignalIconId=0x7f020125 mDataTypeIconId=0x0 mLastDataTypeIconId=0x0 mWifiIconId=0x7f02012b mBluetoothTetherIconId=0xc080095
D/NetworkController(  975): refreshView simColor = -1
D/NetworkController(  975): refreshViews connected={ wifi } level=3 combinedSignalIconId=0x7f02012b/com.android.systemui:drawable/oppo_stat_sys_wifi_signal_3 combinedActivityIconId=0x0 mobileLabel= wifiLabel=yunzhouxxxxXXXXxxxxXXXX combinedLabel=yunzhouxxxxXXXXxxxxXXXX mAirplaneMode=false mDataActivity=0 mPhoneSignalIconId=0x7f020125 mPhoneSignalIconId name :com.android.systemui:drawable/oppo_stat_sys_signal_null mDataDirectionIconId=0x7f020155 mDataSignalIconId=0x7f020125 mDataTypeIconId=0x0 mLastDataTypeIconId=0x0 mWifiIconId=0x7f02012b mBluetoothTetherIconId=0xc080095
D/NetworkController(  975): refreshView simColor = -1
D/NetworkController(  975): refreshViews connected={ wifi } level=3 combinedSignalIconId=0x7f02012b/com.android.systemui:drawable/oppo_stat_sys_wifi_signal_3 combinedActivityIconId=0x0 mobileLabel= wifiLabel=yunzhouxxxxXXXXxxxxXXXX combinedLabel=yunzhouxxxxXXXXxxxxXXXX mAirplaneMode=false mDataActivity=0 mPhoneSignalIconId=0x7f020125 mPhoneSignalIconId name :com.android.systemui:drawable/oppo_stat_sys_signal_null mDataDirectionIconId=0x7f020155 mDataSignalIconId=0x7f020125 mDataTypeIconId=0x0 mLastDataTypeIconId=0x0 mWifiIconId=0x7f02012b mBluetoothTetherIconId=0xc080095
