D/BatteryService(  772): Processing new values: mAcOnline=false, mUsbOnline=true, mWirelessOnline=false, mBatteryStatus=2, mBatteryHealth=2, mBatteryPresent=true, mBatteryLevel=29, mBatteryTechnology=Li-ion, mBatteryVoltage=3774, mBatteryTemperature=327, mBatteryLevelCritical=false, mPlugType=2
D/OppoBatteryService(  772): Processing additional values: mChargerVoltage=4921, mLastChargerVoltage=4923, mBatteryCurrent=-39, mLastBatteryCurrent=-29, mChargeVolStatus=3, mBatteryTemperature=327, mBatteryTempStatus=2, mAccessoryPresent=false, mAccessoryStatus=0, mAccessoryCapacity=0, mChargeTimeout=false, mChargeSocFall=false
D/OppoBatteryService(  772): Sending ACTION_ADDITIONAL_BATTERY_CHANGED.  chargervoltage: 4921 ,batterycurrent: -39 ,chargervolstatus: 3 ,batterytempstatus: 2 ,batteryvolstatus: 3 ,accessorypresent: false ,accessorystatus: 0 ,accessorycapacity: 0 ,chargetimeout: false ,chargesocfall: false ,mPlugType: 2
D/BatteryService(  772): Sending ACTION_BATTERY_CHANGED.  level:29, scale:100, status:2, health:2, present:true, voltage: 3774, temperature: 327, technology: Li-ion, AC powered:false, USB powered:true, Wireless powered:false, icon:17303411, invalid charger:0
D/PowerUI (  975): Intent start() mHideLowBDialog= false
W/ContextImpl( 1190): Calling a method in the system process without a qualified user: android.app.ContextImpl.sendBroadcast:1069 android.content.ContextWrapper.sendBroadcast:347 com.oppo.powermanager.PowerMgrService.sendBroadCastToPowermgrWidget:1149 com.oppo.powermanager.PowerMgrService.access$1900:108 com.oppo.powermanager.PowerMgrService$2.onReceive:1190 
D/NetworkController(  975): refreshView simColor = -1
D/NetworkController(  975): refreshViews connected={ wifi } level=3 combinedSignalIconId=0x7f02012b/com.android.systemui:drawable/oppo_stat_sys_wifi_signal_3 combinedActivityIconId=0x0 mobileLabel= wifiLabel=yunzhouxxxxXXXXxxxxXXXX combinedLabel=yunzhouxxxxXXXXxxxxXXXX mAirplaneMode=false mDataActivity=0 mPhoneSignalIconId=0x7f020125 mPhoneSignalIconId name :com.android.systemui:drawable/oppo_stat_sys_signal_null mDataDirectionIconId=0x7f020155 mDataSignalIconId=0x7f020125 mDataTypeIconId=0x0 mLastDataTypeIconId=0x0 mWifiIconId=0x7f02012b mBluetoothTetherIconId=0xc080095
D/NetworkController(  975): refreshView simColor = -1
D/NetworkController(  975): refreshViews connected={ wifi } level=3 combinedSignalIconId=0x7f02012b/com.android.systemui:drawable/oppo_stat_sys_wifi_signal_3 combinedActivityIconId=0x0 mobileLabel= wifiLabel=yunzhouxxxxXXXXxxxxXXXX combinedLabel=yunzhouxxxxXXXXxxxxXXXX mAirplaneMode=false mDataActivity=0 mPhoneSignalIconId=0x7f020125 mPhoneSignalIconId name :com.android.systemui:drawable/oppo_stat_sys_signal_null mDataDirectionIconId=0x7f020155 mDataSignalIconId=0x7f020125 mDataTypeIconId=0x0 mLastDataTypeIconId=0x0 mWifiIconId=0x7f02012b mBluetoothTetherIconId=0xc080095
D/NetworkController(  975): refreshView simColor = -1
D/NetworkController(  975): refreshViews connected={ wifi } level=3 combinedSignalIconId=0x7f02012b/com.android.systemui:drawable/oppo_stat_sys_wifi_signal_3 combinedActivityIconId=0x0 mobileLabel= wifiLabel=yunzhouxxxxXXXXxxxxXXXX combinedLabel=yunzhouxxxxXXXXxxxxXXXX mAirplaneMode=false mDataActivity=0 mPhoneSignalIconId=0x7f020125 mPhoneSignalIconId name :com.android.systemui:drawable/oppo_stat_sys_signal_null mDataDirectionIconId=0x7f020155 mDataSignalIconId=0x7f020125 mDataTypeIconId=0x0 mLastDataTypeIconId=0x0 mWifiIconId=0x7f02012b mBluetoothTetherIconId=0xc080095
D/NetworkController(  975): refreshView simColor = -1
D/NetworkController(  975): refreshViews connected={ wifi } level=3 combinedSignalIconId=0x7f02012b/com.android.systemui:drawable/oppo_stat_sys_wifi_signal_3 combinedActivityIconId=0x0 mobileLabel= wifiLabel=yunzhouxxxxXXXXxxxxXXXX combinedLabel=yunzhouxxxxXXXXxxxxXXXX mAirplaneMode=false mDataActivity=0 mPhoneSignalIconId=0x7f020125 mPhoneSignalIconId name :com.android.systemui:drawable/oppo_stat_sys_signal_null mDataDirectionIconId=0x7f020155 mDataSignalIconId=0x7f020125 mDataTypeIconId=0x0 mLastDataTypeIconId=0x0 mWifiIconId=0x7f02012b mBluetoothTetherIconId=0xc080095
D/NetworkController(  975): refreshView simColor = -1
D/NetworkController(  975): refreshViews connected={ wifi } level=3 combinedSignalIconId=0x7f02012b/com.android.systemui:drawable/oppo_stat_sys_wifi_signal_3 combinedActivityIconId=0x0 mobileLabel= wifiLabel=yunzhouxxxxXXXXxxxxXXXX combinedLabel=yunzhouxxxxXXXXxxxxXXXX mAirplaneMode=false mDataActivity=0 mPhoneSignalIconId=0x7f020125 mPhoneSignalIconId name :com.android.systemui:drawable/oppo_stat_sys_signal_null mDataDirectionIconId=0x7f020155 mDataSignalIconId=0x7f020125 mDataTypeIconId=0x0 mLastDataTypeIconId=0x0 mWifiIconId=0x7f02012b mBluetoothTetherIconId=0xc080095
D/NetworkController(  975): refreshView simColor = -1
D/NetworkController(  975): refreshViews connected={ wifi } level=3 combinedSignalIconId=0x7f02012b/com.android.systemui:drawable/oppo_stat_sys_wifi_signal_3 combinedActivityIconId=0x0 mobileLabel= wifiLabel=yunzhouxxxxXXXXxxxxXXXX combinedLabel=yunzhouxxxxXXXXxxxxXXXX mAirplaneMode=false mDataActivity=0 mPhoneSignalIconId=0x7f020125 mPhoneSignalIconId name :com.android.systemui:drawable/oppo_stat_sys_signal_null mDataDirectionIconId=0x7f020155 mDataSignalIconId=0x7f020125 mDataTypeIconId=0x0 mLastDataTypeIconId=0x0 mWifiIconId=0x7f02012b mBluetoothTetherIconId=0xc080095
D/BatteryService(  772): Processing new values: mAcOnline=false, mUsbOnline=true, mWirelessOnline=false, mBatteryStatus=2, mBatteryHealth=2, mBatteryPresent=true, mBatteryLevel=29, mBatteryTechnology=Li-ion, mBatteryVoltage=3772, mBatteryTemperature=327, mBatteryLevelCritical=false, mPlugType=2
D/OppoBatteryService(  772): Processing additional values: mChargerVoltage=4928, mLastChargerVoltage=4921, mBatteryCurrent=-56, mLastBatteryCurrent=-39, mChargeVolStatus=3, mBatteryTemperature=327, mBatteryTempStatus=2, mAccessoryPresent=false, mAccessoryStatus=0, mAccessoryCapacity=0, mChargeTimeout=false, mChargeSocFall=false
D/OppoBatteryService(  772): Sending ACTION_ADDITIONAL_BATTERY_CHANGED.  chargervoltage: 4928 ,batterycurrent: -56 ,chargervolstatus: 3 ,batterytempstatus: 2 ,batteryvolstatus: 3 ,accessorypresent: false ,accessorystatus: 0 ,accessorycapacity: 0 ,chargetimeout: false ,chargesocfall: false ,mPlugType: 2
D/BatteryService(  772): Sending ACTION_BATTERY_CHANGED.  level:29, scale:100, status:2, health:2, present:true, voltage: 3772, temperature: 327, technology: Li-ion, AC powered:false, USB powered:true, Wireless powered:false, icon:17303411, invalid charger:0
W/ContextImpl( 1190): Calling a method in the system process without a qualified user: android.app.ContextImpl.sendBroadcast:1069 android.content.ContextWrapper.sendBroadcast:347 com.oppo.powermanager.PowerMgrService.sendBroadCastToPowermgrWidget:1149 com.oppo.powermanager.PowerMgrService.access$1900:108 com.oppo.powermanager.PowerMgrService$2.onReceive:1190 
D/PowerUI (  975): Intent start() mHideLowBDialog= false
D/NetworkController(  975): refreshView simColor = -1
D/NetworkController(  975): refreshViews connected={ wifi } level=3 combinedSignalIconId=0x7f02012b/com.android.systemui:drawable/oppo_stat_sys_wifi_signal_3 combinedActivityIconId=0x0 mobileLabel= wifiLabel=yunzhouxxxxXXXXxxxxXXXX combinedLabel=yunzhouxxxxXXXXxxxxXXXX mAirplaneMode=false mDataActivity=0 mPhoneSignalIconId=0x7f020125 mPhoneSignalIconId name :com.android.systemui:drawable/oppo_stat_sys_signal_null mDataDirectionIconId=0x7f020155 mDataSignalIconId=0x7f020125 mDataTypeIconId=0x0 mLastDataTypeIconId=0x0 mWifiIconId=0x7f02012b mBluetoothTetherIconId=0xc080095
D/NetworkController(  975): refreshView simColor = -1
D/NetworkController(  975): refreshViews connected={ wifi } level=3 combinedSignalIconId=0x7f02012b/com.android.systemui:drawable/oppo_stat_sys_wifi_signal_3 combinedActivityIconId=0x0 mobileLabel= wifiLabel=yunzhouxxxxXXXXxxxxXXXX combinedLabel=yunzhouxxxxXXXXxxxxXXXX mAirplaneMode=false mDataActivity=0 mPhoneSignalIconId=0x7f020125 mPhoneSignalIconId name :com.android.systemui:drawable/oppo_stat_sys_signal_null mDataDirectionIconId=0x7f020155 mDataSignalIconId=0x7f020125 mDataTypeIconId=0x0 mLastDataTypeIconId=0x0 mWifiIconId=0x7f02012b mBluetoothTetherIconId=0xc080095
D/NetworkController(  975): refreshView simColor = -1
D/NetworkController(  975): refreshViews connected={ wifi } level=3 combinedSignalIconId=0x7f02012b/com.android.systemui:drawable/oppo_stat_sys_wifi_signal_3 combinedActivityIconId=0x0 mobileLabel= wifiLabel=yunzhouxxxxXXXXxxxxXXXX combinedLabel=yunzhouxxxxXXXXxxxxXXXX mAirplaneMode=false mDataActivity=0 mPhoneSignalIconId=0x7f020125 mPhoneSignalIconId name :com.android.systemui:drawable/oppo_stat_sys_signal_null mDataDirectionIconId=0x7f020155 mDataSignalIconId=0x7f020125 mDataTypeIconId=0x0 mLastDataTypeIconId=0x0 mWifiIconId=0x7f02012b mBluetoothTetherIconId=0xc080095
D/NetworkController(  975): refreshView simColor = -1
D/NetworkController(  975): refreshViews connected={ wifi } level=3 combinedSignalIconId=0x7f02012b/com.android.systemui:drawable/oppo_stat_sys_wifi_signal_3 combinedActivityIconId=0x0 mobileLabel= wifiLabel=yunzhouxxxxXXXXxxxxXXXX combinedLabel=yunzhouxxxxXXXXxxxxXXXX mAirplaneMode=false mDataActivity=0 mPhoneSignalIconId=0x7f020125 mPhoneSignalIconId name :com.android.systemui:drawable/oppo_stat_sys_signal_null mDataDirectionIconId=0x7f020155 mDataSignalIconId=0x7f020125 mDataTypeIconId=0x0 mLastDataTypeIconId=0x0 mWifiIconId=0x7f02012b mBluetoothTetherIconId=0xc080095
D/BatteryService(  772): Processing new values: mAcOnline=false, mUsbOnline=true, mWirelessOnline=false, mBatteryStatus=2, mBatteryHealth=2, mBatteryPresent=true, mBatteryLevel=29, mBatteryTechnology=Li-ion, mBatteryVoltage=3770, mBatteryTemperature=327, mBatteryLevelCritical=false, mPlugType=2
D/OppoBatteryService(  772): Processing additional values: mChargerVoltage=4920, mLastChargerVoltage=4928, mBatteryCurrent=-47, mLastBatteryCurrent=-56, mChargeVolStatus=3, mBatteryTemperature=327, mBatteryTempStatus=2, mAccessoryPresent=false, mAccessoryStatus=0, mAccessoryCapacity=0, mChargeTimeout=false, mChargeSocFall=false
D/OppoBatteryService(  772): Sending ACTION_ADDITIONAL_BATTERY_CHANGED.  chargervoltage: 4920 ,batterycurrent: -47 ,chargervolstatus: 3 ,batterytempstatus: 2 ,batteryvolstatus: 3 ,accessorypresent: false ,accessorystatus: 0 ,accessorycapacity: 0 ,chargetimeout: false ,chargesocfall: false ,mPlugType: 2
D/BatteryService(  772): Sending ACTION_BATTERY_CHANGED.  level:29, scale:100, status:2, health:2, present:true, voltage: 3770, temperature: 327, technology: Li-ion, AC powered:false, USB powered:true, Wireless powered:false, icon:17303411, invalid charger:0
W/ContextImpl( 1190): Calling a method in the system process without a qualified user: android.app.ContextImpl.sendBroadcast:1069 android.content.ContextWrapper.sendBroadcast:347 com.oppo.powermanager.PowerMgrService.sendBroadCastToPowermgrWidget:1149 com.oppo.powermanager.PowerMgrService.access$1900:108 com.oppo.powermanager.PowerMgrService$2.onReceive:1190 
D/NetworkController(  975): refreshView simColor = -1
D/NetworkController(  975): refreshViews connected={ wifi } level=3 combinedSignalIconId=0x7f02012b/com.android.systemui:drawable/oppo_stat_sys_wifi_signal_3 combinedActivityIconId=0x0 mobileLabel= wifiLabel=yunzhouxxxxXXXXxxxxXXXX combinedLabel=yunzhouxxxxXXXXxxxxXXXX mAirplaneMode=false mDataActivity=0 mPhoneSignalIconId=0x7f020125 mPhoneSignalIconId name :com.android.systemui:drawable/oppo_stat_sys_signal_null mDataDirectionIconId=0x7f020155 mDataSignalIconId=0x7f020125 mDataTypeIconId=0x0 mLastDataTypeIconId=0x0 mWifiIconId=0x7f02012b mBluetoothTetherIconId=0xc080095
D/PowerUI (  975): Intent start() mHideLowBDialog= false
D/NetworkController(  975): refreshView simColor = -1
D/NetworkController(  975): refreshViews connected={ wifi } level=3 combinedSignalIconId=0x7f02012b/com.android.systemui:drawable/oppo_stat_sys_wifi_signal_3 combinedActivityIconId=0x0 mobileLabel= wifiLabel=yunzhouxxxxXXXXxxxxXXXX combinedLabel=yunzhouxxxxXXXXxxxxXXXX mAirplaneMode=false mDataActivity=0 mPhoneSignalIconId=0x7f020125 mPhoneSignalIconId name :com.android.systemui:drawable/oppo_stat_sys_signal_null mDataDirectionIconId=0x7f020155 mDataSignalIconId=0x7f020125 mDataTypeIconId=0x0 mLastDataTypeIconId=0x0 mWifiIconId=0x7f02012b mBluetoothTetherIconId=0xc080095
D/NetworkController(  975): refreshView simColor = -1
D/NetworkController(  975): refreshViews connected={ wifi } level=3 combinedSignalIconId=0x7f02012b/com.android.systemui:drawable/oppo_stat_sys_wifi_signal_3 combinedActivityIconId=0x0 mobileLabel= wifiLabel=yunzhouxxxxXXXXxxxxXXXX combinedLabel=yunzhouxxxxXXXXxxxxXXXX mAirplaneMode=false mDataActivity=0 mPhoneSignalIconId=0x7f020125 mPhoneSignalIconId name :com.android.systemui:drawable/oppo_stat_sys_signal_null mDataDirectionIconId=0x7f020155 mDataSignalIconId=0x7f020125 mDataTypeIconId=0x0 mLastDataTypeIconId=0x0 mWifiIconId=0x7f02012b mBluetoothTetherIconId=0xc080095
V/SettingsProvider(  772): call(system:sound_effects_enabled) for 0
I/ActivityManager(  772): START u0 {act=android.intent.action.MAIN cat=[android.intent.category.LAUNCHER] flg=0x10200000 cmp=com.example.simopesamples/.MainActivity} from pid 1266
E/ActivityManager(  772): START {act=android.intent.action.MAIN cat=[android.intent.category.LAUNCHER] flg=0x10200000 cmp=com.example.simopesamples/.MainActivity u=0} from pid 1266
W/ContextImpl(  772): Calling a method in the system process without a qualified user: android.app.ContextImpl.sendBroadcast:1069 com.android.server.am.OppoActivityStackHelper.sendIsHomeModeIntent:64 com.android.server.am.OppoActivityStackHelper.handleSendHomeMode:87 com.android.server.am.ActivityStack.resumeTopActivityLocked:1475 com.android.server.am.ActivityStack.resumeTopActivityLocked:1441 
W/ContextImpl(  772): Calling a method in the system process without a qualified user: android.app.ContextImpl.sendBroadcast:1069 com.android.server.am.OppoActivityStackHelper.sendIsCameraModeIntent:125 com.android.server.am.OppoActivityStackHelper.handleSendCameraMode:137 com.android.server.am.ActivityStack.resumeTopActivityLocked:1481 com.android.server.am.ActivityStack.resumeTopActivityLocked:1441 
W/ContextImpl(  772): Calling a method in the system process without a qualified user: android.app.ContextImpl.sendBroadcast:1069 com.android.server.am.OppoActivityStackHelper.sendIsHomeModeIntent:64 com.android.server.am.OppoActivityStackHelper.handleSendHomeMode:103 com.android.server.am.ActivityStack.resumeTopActivityLocked:1475 com.android.server.am.ActivityStack.resumeTopActivityLocked:1441 
D/PhoneStatusBar(  975): hiding the MENU button
D/NetworkController(  975): refreshView simColor = -1
D/NetworkController(  975): refreshViews connected={ wifi } level=3 combinedSignalIconId=0x7f02012b/com.android.systemui:drawable/oppo_stat_sys_wifi_signal_3 combinedActivityIconId=0x0 mobileLabel= wifiLabel=yunzhouxxxxXXXXxxxxXXXX combinedLabel=yunzhouxxxxXXXXxxxxXXXX mAirplaneMode=false mDataActivity=0 mPhoneSignalIconId=0x7f020125 mPhoneSignalIconId name :com.android.systemui:drawable/oppo_stat_sys_signal_null mDataDirectionIconId=0x7f020155 mDataSignalIconId=0x7f020125 mDataTypeIconId=0x0 mLastDataTypeIconId=0x0 mWifiIconId=0x7f02012b mBluetoothTetherIconId=0xc080095
D/BatteryService(  772): Processing new values: mAcOnline=false, mUsbOnline=true, mWirelessOnline=false, mBatteryStatus=2, mBatteryHealth=2, mBatteryPresent=true, mBatteryLevel=29, mBatteryTechnology=Li-ion, mBatteryVoltage=3730, mBatteryTemperature=325, mBatteryLevelCritical=false, mPlugType=2
D/OppoBatteryService(  772): Processing additional values: mChargerVoltage=4929, mLastChargerVoltage=4920, mBatteryCurrent=11, mLastBatteryCurrent=-47, mChargeVolStatus=3, mBatteryTemperature=325, mBatteryTempStatus=2, mAccessoryPresent=false, mAccessoryStatus=0, mAccessoryCapacity=0, mChargeTimeout=false, mChargeSocFall=false
D/OppoBatteryService(  772): Sending ACTION_ADDITIONAL_BATTERY_CHANGED.  chargervoltage: 4929 ,batterycurrent: 11 ,chargervolstatus: 3 ,batterytempstatus: 2 ,batteryvolstatus: 3 ,accessorypresent: false ,accessorystatus: 0 ,accessorycapacity: 0 ,chargetimeout: false ,chargesocfall: false ,mPlugType: 2
D/BatteryService(  772): Sending ACTION_BATTERY_CHANGED.  level:29, scale:100, status:2, health:2, present:true, voltage: 3730, temperature: 325, technology: Li-ion, AC powered:false, USB powered:true, Wireless powered:false, icon:17303411, invalid charger:0
W/ContextImpl( 1190): Calling a method in the system process without a qualified user: android.app.ContextImpl.sendBroadcast:1069 android.content.ContextWrapper.sendBroadcast:347 com.oppo.powermanager.PowerMgrService.sendBroadCastToPowermgrWidget:1149 com.oppo.powermanager.PowerMgrService.access$1900:108 com.oppo.powermanager.PowerMgrService$2.onReceive:1190 
D/PowerUI (  975): Intent start() mHideLowBDialog= false
V/SettingsProvider(  772): call(system:sound_effects_enabled) for 0
I/ActivityManager(  772): START u0 {cmp=com.example.simopesamples/com.simope.yzvideo.base.MobilePlayActivity (has extras)} from pid 22449
E/ActivityManager(  772): START {cmp=com.example.simopesamples/com.simope.yzvideo.base.MobilePlayActivity (has extras) u=0} from pid 22449
W/ContextImpl(  772): Calling a method in the system process without a qualified user: android.app.ContextImpl.sendBroadcast:1069 com.android.server.am.OppoActivityStackHelper.sendIsHomeModeIntent:64 com.android.server.am.OppoActivityStackHelper.handleSendHomeMode:87 com.android.server.am.ActivityStack.resumeTopActivityLocked:1475 com.android.server.am.ActivityStack.resumeTopActivityLocked:1441 
W/ContextImpl(  772): Calling a method in the system process without a qualified user: android.app.ContextImpl.sendBroadcast:1069 com.android.server.am.OppoActivityStackHelper.sendIsCameraModeIntent:125 com.android.server.am.OppoActivityStackHelper.handleSendCameraMode:137 com.android.server.am.ActivityStack.resumeTopActivityLocked:1481 com.android.server.am.ActivityStack.resumeTopActivityLocked:1441 
D/NetworkController(  975): refreshView simColor = -1
D/NetworkController(  975): refreshViews connected={ wifi } level=3 combinedSignalIconId=0x7f02012b/com.android.systemui:drawable/oppo_stat_sys_wifi_signal_3 combinedActivityIconId=0x0 mobileLabel= wifiLabel=yunzhouxxxxXXXXxxxxXXXX combinedLabel=yunzhouxxxxXXXXxxxxXXXX mAirplaneMode=false mDataActivity=0 mPhoneSignalIconId=0x7f020125 mPhoneSignalIconId name :com.android.systemui:drawable/oppo_stat_sys_signal_null mDataDirectionIconId=0x7f020155 mDataSignalIconId=0x7f020125 mDataTypeIconId=0x0 mLastDataTypeIconId=0x0 mWifiIconId=0x7f02012b mBluetoothTetherIconId=0xc080095
I/ActivityManager(  772): Config changes=1480 {0 1.0 ?mcc?mnc zh_CN ldltr sw360dp w640dp h335dp 480dpi nrml long land finger -keyb/v/h -nav/h s.22mThemeChanged = 0mThemeChangedFlags = 0}
I/NetworkController(  975): simId has no service:
D/updatePlmnText(  975): mPlmnDisplayType0
D/updatePlmnText(  975): have service :false
D/updatePlmnText(  975): updatePlmnText : SIM
D/updatePlmnText(  975): updatePlmnText in notification : , sim state :ABSENT
D/NetworkController(  975): refreshView simColor = -1
D/NetworkController(  975): refreshViews connected={ wifi } level=3 combinedSignalIconId=0x7f02012b/com.android.systemui:drawable/oppo_stat_sys_wifi_signal_3 combinedActivityIconId=0x0 mobileLabel= wifiLabel=yunzhouxxxxXXXXxxxxXXXX combinedLabel=yunzhouxxxxXXXXxxxxXXXX mAirplaneMode=false mDataActivity=0 mPhoneSignalIconId=0x7f020125 mPhoneSignalIconId name :com.android.systemui:drawable/oppo_stat_sys_signal_null mDataDirectionIconId=0x7f020155 mDataSignalIconId=0x7f020125 mDataTypeIconId=0x0 mLastDataTypeIconId=0x0 mWifiIconId=0x7f02012b mBluetoothTetherIconId=0xc080095
D/QcConnectivityService(  772): getMobileDataEnabled returning true
D/QcConnectivityService(  772): getMobileDataEnabled returning true
D/OppoNarrowFrameHandle(  772): setNarrowFrameIsFullScreen mIsFullScreen != isFullScreen 
D/QcConnectivityService(  772): getMobileDataEnabled returning true
D/QcConnectivityService(  772): getMobileDataEnabled returning true
D/PhoneStatusBar(  975): updateNotificationTitleText, lastNotificationSize :5 goingNotificationSize:3
D/StatusBar(  975): collapsing notification at 0
D/StatusBar(  975): setting collapsed row height to 192
D/StatusBar(  975): collapsing notification at 1
D/StatusBar(  975): setting collapsed row height to 192
D/StatusBar(  975): collapsing notification at 2
D/StatusBar(  975): setting collapsed row height to 192
D/StatusBar(  975): collapsing notification at 3
D/StatusBar(  975): setting collapsed row height to 192
D/StatusBar(  975): collapsing notification at 4
D/StatusBar(  975): setting collapsed row height to 192
D/StatusBar(  975): collapsing notification at 5
D/StatusBar(  975): setting collapsed row height to 192
D/StatusBar(  975): collapsing notification at 6
D/StatusBar(  975): setting collapsed row height to 192
D/StatusBar(  975): expanding top notification at 7
D/StatusBar(  975): setting expanded row height to WRAP_CONTENT
D/PhoneStatusBar(  975): setAreThereNotifications: N=8 any=true clearable=true
D/PhoneStatusBar(  975): pileh=0 scrollh=0 carrierh=60
D/PhoneStatusBar(  975): updateNotificationTitleText, lastNotificationSize :5 goingNotificationSize:3
D/RecentsPanelView(  975): panelHeight=870
D/PhoneStatusBar(  975): pileh=1074 scrollh=762 carrierh=60
D/PhoneStatusBar(  975): pileh=1074 scrollh=762 carrierh=60
D/PhoneStatusBar(  975): making carrier label visible
D/PhoneStatusBar(  975): hiding the MENU button
I/WindowState(  772): WIN DEATH: Window{42767b48 u0 SurfaceView}
I/ActivityManager(  772): Process com.example.simopesamples (pid 22449) has died.
W/ContextImpl(  772): Calling a method in the system process without a qualified user: android.app.ContextImpl.sendBroadcast:1069 com.android.server.am.OppoExtraActivityManagerService.setKeyLockModeNormal:47 com.android.server.am.ActivityManagerService.appDiedLocked:3230 com.android.server.am.ActivityManagerService$AppDeathRecipient.binderDied:911 android.os.BinderProxy.sendDeathNotice:433 
W/ActivityManager(  772): Scheduling restart of crashed service com.example.simopesamples/com.simope.yzvideo.dlna.DLNAService in 5000ms
W/ActivityManager(  772): Force removing ActivityRecord{431e7bc0 u0 com.example.simopesamples/com.simope.yzvideo.base.MobilePlayActivity}: app died, no saved state
I/WindowState(  772): WIN DEATH: Window{42fb4148 u0 com.example.simopesamples/com.example.simopesamples.MainActivity}
I/WindowState(  772): WIN DEATH: Window{42741240 u0 SurfaceView}
I/WindowState(  772): WIN DEATH: Window{42727a28 u0 com.example.simopesamples/com.simope.yzvideo.base.MobilePlayActivity}
D/OppoNarrowFrameHandle(  772): setNarrowFrameIsFullScreen mIsFullScreen != isFullScreen 
W/ContextImpl(  772): Calling a method in the system process without a qualified user: android.app.ContextImpl.sendBroadcast:1069 com.android.server.am.OppoActivityStackHelper.sendIsHomeModeIntent:64 com.android.server.am.OppoActivityStackHelper.handleSendHomeMode:87 com.android.server.am.ActivityStack.resumeTopActivityLocked:1475 com.android.server.am.ActivityStack.resumeTopActivityLocked:1441 
W/ContextImpl(  772): Calling a method in the system process without a qualified user: android.app.ContextImpl.sendBroadcast:1069 com.android.server.am.OppoActivityStackHelper.sendIsCameraModeIntent:125 com.android.server.am.OppoActivityStackHelper.handleSendCameraMode:137 com.android.server.am.ActivityStack.resumeTopActivityLocked:1481 com.android.server.am.ActivityStack.resumeTopActivityLocked:1441 
I/ActivityManager(  772): Start proc com.example.simopesamples for activity com.example.simopesamples/.MainActivity: pid=22575 uid=10115 gids={50115, 3003, 1015, 1028}
D/StatusBar(  975): closing search panel
D/NetworkController(  975): refreshView simColor = -1
D/NetworkController(  975): refreshViews connected={ wifi } level=3 combinedSignalIconId=0x7f02012b/com.android.systemui:drawable/oppo_stat_sys_wifi_signal_3 combinedActivityIconId=0x0 mobileLabel= wifiLabel=yunzhouxxxxXXXXxxxxXXXX combinedLabel=yunzhouxxxxXXXXxxxxXXXX mAirplaneMode=false mDataActivity=0 mPhoneSignalIconId=0x7f020125 mPhoneSignalIconId name :com.android.systemui:drawable/oppo_stat_sys_signal_null mDataDirectionIconId=0x7f020155 mDataSignalIconId=0x7f020125 mDataTypeIconId=0x0 mLastDataTypeIconId=0x0 mWifiIconId=0x7f02012b mBluetoothTetherIconId=0xc080095
D/PhoneStatusBar(  975): hiding the MENU button
W/InputMethodManagerService(  772): Got RemoteException sending setActive(false) notification to pid 22449 uid 10115
D/NetworkController(  975): refreshView simColor = -1
D/NetworkController(  975): refreshViews connected={ wifi } level=3 combinedSignalIconId=0x7f02012b/com.android.systemui:drawable/oppo_stat_sys_wifi_signal_3 combinedActivityIconId=0x0 mobileLabel= wifiLabel=yunzhouxxxxXXXXxxxxXXXX combinedLabel=yunzhouxxxxXXXXxxxxXXXX mAirplaneMode=false mDataActivity=0 mPhoneSignalIconId=0x7f020125 mPhoneSignalIconId name :com.android.systemui:drawable/oppo_stat_sys_signal_null mDataDirectionIconId=0x7f020155 mDataSignalIconId=0x7f020125 mDataTypeIconId=0x0 mLastDataTypeIconId=0x0 mWifiIconId=0x7f02012b mBluetoothTetherIconId=0xc080095
I/ActivityManager(  772): Config changes=1480 {0 1.0 ?mcc?mnc zh_CN ldltr sw360dp w360dp h615dp 480dpi nrml long port finger -keyb/v/h -nav/h s.23mThemeChanged = 0mThemeChangedFlags = 0}
V/UsbDeviceManager(  772): USB UEVENT: {USB_STATE=DISCONNECTED, SUBSYSTEM=android_usb, DEVPATH=/devices/virtual/android_usb/android0, SEQNUM=5366, ACTION=change}
D/BatteryService(  772): Processing new values: mAcOnline=false, mUsbOnline=false, mWirelessOnline=false, mBatteryStatus=3, mBatteryHealth=2, mBatteryPresent=true, mBatteryLevel=29, mBatteryTechnology=Li-ion, mBatteryVoltage=3539, mBatteryTemperature=320, mBatteryLevelCritical=false, mPlugType=0
D/RecentsPanelView(  975): panelHeight=0
D/OppoBatteryService(  772): Processing additional values: mChargerVoltage=19, mLastChargerVoltage=4929, mBatteryCurrent=1226, mLastBatteryCurrent=11, mChargeVolStatus=3, mBatteryTemperature=320, mBatteryTempStatus=2, mAccessoryPresent=false, mAccessoryStatus=0, mAccessoryCapacity=0, mChargeTimeout=false, mChargeSocFall=false
D/OppoBatteryService(  772): Sending ACTION_ADDITIONAL_BATTERY_CHANGED.  chargervoltage: 19 ,batterycurrent: 1226 ,chargervolstatus: 3 ,batterytempstatus: 2 ,batteryvolstatus: 3 ,accessorypresent: false ,accessorystatus: 0 ,accessorycapacity: 0 ,chargetimeout: false ,chargesocfall: false ,mPlugType: 0
D/BatteryService(  772): Sending ACTION_BATTERY_CHANGED.  level:29, scale:100, status:3, health:2, present:true, voltage: 3539, temperature: 320, technology: Li-ion, AC powered:false, USB powered:false, Wireless powered:false, icon:17303397, invalid charger:0
W/ContextImpl( 1190): Calling a method in the system process without a qualified user: android.app.ContextImpl.sendBroadcast:1069 android.content.ContextWrapper.sendBroadcast:347 com.oppo.powermanager.PowerMgrService.sendBroadCastToPowermgrWidget:1149 com.oppo.powermanager.PowerMgrService.access$1900:108 com.oppo.powermanager.PowerMgrService$2.onReceive:1190 
D/BatteryService(  772): Processing new values: mAcOnline=false, mUsbOnline=false, mWirelessOnline=false, mBatteryStatus=3, mBatteryHealth=2, mBatteryPresent=true, mBatteryLevel=29, mBatteryTechnology=Li-ion, mBatteryVoltage=3581, mBatteryTemperature=320, mBatteryLevelCritical=false, mPlugType=0
D/OppoBatteryService(  772): Processing additional values: mChargerVoltage=19, mLastChargerVoltage=19, mBatteryCurrent=1118, mLastBatteryCurrent=1226, mChargeVolStatus=3, mBatteryTemperature=320, mBatteryTempStatus=2, mAccessoryPresent=false, mAccessoryStatus=0, mAccessoryCapacity=0, mChargeTimeout=false, mChargeSocFall=false
D/OppoBatteryService(  772): Sending ACTION_ADDITIONAL_BATTERY_CHANGED.  chargervoltage: 19 ,batterycurrent: 1118 ,chargervolstatus: 3 ,batterytempstatus: 2 ,batteryvolstatus: 3 ,accessorypresent: false ,accessorystatus: 0 ,accessorycapacity: 0 ,chargetimeout: false ,chargesocfall: false ,mPlugType: 0
D/BatteryService(  772): Sending ACTION_BATTERY_CHANGED.  level:29, scale:100, status:3, health:2, present:true, voltage: 3581, temperature: 320, technology: Li-ion, AC powered:false, USB powered:false, Wireless powered:false, icon:17303397, invalid charger:0
D/BatteryService(  772): Processing new values: mAcOnline=false, mUsbOnline=false, mWirelessOnline=false, mBatteryStatus=3, mBatteryHealth=2, mBatteryPresent=true, mBatteryLevel=29, mBatteryTechnology=Li-ion, mBatteryVoltage=3558, mBatteryTemperature=325, mBatteryLevelCritical=false, mPlugType=0
D/OppoBatteryService(  772): Processing additional values: mChargerVoltage=19, mLastChargerVoltage=19, mBatteryCurrent=1041, mLastBatteryCurrent=1118, mChargeVolStatus=3, mBatteryTemperature=325, mBatteryTempStatus=2, mAccessoryPresent=false, mAccessoryStatus=0, mAccessoryCapacity=0, mChargeTimeout=false, mChargeSocFall=false
D/OppoBatteryService(  772): Sending ACTION_ADDITIONAL_BATTERY_CHANGED.  chargervoltage: 19 ,batterycurrent: 1041 ,chargervolstatus: 3 ,batterytempstatus: 2 ,batteryvolstatus: 3 ,accessorypresent: false ,accessorystatus: 0 ,accessorycapacity: 0 ,chargetimeout: false ,chargesocfall: false ,mPlugType: 0
D/BatteryService(  772): Sending ACTION_BATTERY_CHANGED.  level:29, scale:100, status:3, health:2, present:true, voltage: 3558, temperature: 325, technology: Li-ion, AC powered:false, USB powered:false, Wireless powered:false, icon:17303397, invalid charger:0
D/BatteryService(  772): Processing new values: mAcOnline=false, mUsbOnline=false, mWirelessOnline=false, mBatteryStatus=3, mBatteryHealth=2, mBatteryPresent=true, mBatteryLevel=29, mBatteryTechnology=Li-ion, mBatteryVoltage=3600, mBatteryTemperature=322, mBatteryLevelCritical=false, mPlugType=0
D/OppoBatteryService(  772): Processing additional values: mChargerVoltage=19, mLastChargerVoltage=19, mBatteryCurrent=941, mLastBatteryCurrent=1041, mChargeVolStatus=3, mBatteryTemperature=322, mBatteryTempStatus=2, mAccessoryPresent=false, mAccessoryStatus=0, mAccessoryCapacity=0, mChargeTimeout=false, mChargeSocFall=false
D/OppoBatteryService(  772): Sending ACTION_ADDITIONAL_BATTERY_CHANGED.  chargervoltage: 19 ,batterycurrent: 941 ,chargervolstatus: 3 ,batterytempstatus: 2 ,batteryvolstatus: 3 ,accessorypresent: false ,accessorystatus: 0 ,accessorycapacity: 0 ,chargetimeout: false ,chargesocfall: false ,mPlugType: 0
D/BatteryService(  772): Sending ACTION_BATTERY_CHANGED.  level:29, scale:100, status:3, health:2, present:true, voltage: 3600, temperature: 322, technology: Li-ion, AC powered:false, USB powered:false, Wireless powered:false, icon:17303397, invalid charger:0
I/ActivityManager(  772): Start proc com.UCMobile:RemoteBackgroundProcess for broadcast com.UCMobile/com.uc.browser.msgpush.BackgroundProcessBroadcastReveiver: pid=22626 uid=10106 gids={50106, 3003, 1006, 1015, 1028}
W/ContextImpl( 1190): Calling a method in the system process without a qualified user: android.app.ContextImpl.sendBroadcast:1069 android.content.ContextWrapper.sendBroadcast:347 com.oppo.powermanager.PowerMgrService.sendBroadCastToPowermgrWidget:1149 com.oppo.powermanager.PowerMgrService.access$1900:108 com.oppo.powermanager.PowerMgrService$2.onReceive:1190 
I/NetworkController(  975): simId has no service:
D/updatePlmnText(  975): mPlmnDisplayType0
D/updatePlmnText(  975): have service :false
D/updatePlmnText(  975): updatePlmnText : SIM
D/updatePlmnText(  975): updatePlmnText in notification : , sim state :ABSENT
D/NetworkController(  975): refreshView simColor = -1
D/NetworkController(  975): refreshViews connected={ wifi } level=3 combinedSignalIconId=0x7f02012b/com.android.systemui:drawable/oppo_stat_sys_wifi_signal_3 combinedActivityIconId=0x0 mobileLabel= wifiLabel=yunzhouxxxxXXXXxxxxXXXX combinedLabel=yunzhouxxxxXXXXxxxxXXXX mAirplaneMode=false mDataActivity=0 mPhoneSignalIconId=0x7f020125 mPhoneSignalIconId name :com.android.systemui:drawable/oppo_stat_sys_signal_null mDataDirectionIconId=0x7f020155 mDataSignalIconId=0x7f020125 mDataTypeIconId=0x0 mLastDataTypeIconId=0x0 mWifiIconId=0x7f02012b mBluetoothTetherIconId=0xc080095
D/BatteryService(  772): Processing new values: mAcOnline=false, mUsbOnline=false, mWirelessOnline=false, mBatteryStatus=3, mBatteryHealth=2, mBatteryPresent=true, mBatteryLevel=29, mBatteryTechnology=Li-ion, mBatteryVoltage=3594, mBatteryTemperature=322, mBatteryLevelCritical=false, mPlugType=0
D/OppoBatteryService(  772): Processing additional values: mChargerVoltage=19, mLastChargerVoltage=19, mBatteryCurrent=869, mLastBatteryCurrent=941, mChargeVolStatus=3, mBatteryTemperature=322, mBatteryTempStatus=2, mAccessoryPresent=false, mAccessoryStatus=0, mAccessoryCapacity=0, mChargeTimeout=false, mChargeSocFall=false
D/OppoBatteryService(  772): Sending ACTION_ADDITIONAL_BATTERY_CHANGED.  chargervoltage: 19 ,batterycurrent: 869 ,chargervolstatus: 3 ,batterytempstatus: 2 ,batteryvolstatus: 3 ,accessorypresent: false ,accessorystatus: 0 ,accessorycapacity: 0 ,chargetimeout: false ,chargesocfall: false ,mPlugType: 0
D/BatteryService(  772): Sending ACTION_BATTERY_CHANGED.  level:29, scale:100, status:3, health:2, present:true, voltage: 3594, temperature: 322, technology: Li-ion, AC powered:false, USB powered:false, Wireless powered:false, icon:17303397, invalid charger:0
W/ContextImpl( 1190): Calling a method in the system process without a qualified user: android.app.ContextImpl.sendBroadcast:1069 android.content.ContextWrapper.sendBroadcast:347 com.oppo.powermanager.PowerMgrService.sendBroadCastToPowermgrWidget:1149 com.oppo.powermanager.PowerMgrService.access$1900:108 com.oppo.powermanager.PowerMgrService$2.onReceive:1190 
I/ActivityManager(  772): Process com.UCMobile:RemoteBackgroundProcess (pid 22626) has died.
W/ContextImpl(  772): Calling a method in the system process without a qualified user: android.app.ContextImpl.sendBroadcast:1069 com.android.server.am.OppoExtraActivityManagerService.setKeyLockModeNormal:47 com.android.server.am.ActivityManagerService.appDiedLocked:3230 com.android.server.am.ActivityManagerService$AppDeathRecipient.binderDied:911 android.os.BinderProxy.sendDeathNotice:433 
W/ContextImpl(  772): Calling a method in the system process without a qualified user: android.app.ContextImpl.sendBroadcast:1069 com.android.server.am.OppoActivityStackHelper.sendIsHomeModeIntent:64 com.android.server.am.OppoActivityStackHelper.handleSendHomeMode:87 com.android.server.am.ActivityStack.resumeTopActivityLocked:1475 com.android.server.am.ActivityStack.resumeTopActivityLocked:1441 
W/ContextImpl(  772): Calling a method in the system process without a qualified user: android.app.ContextImpl.sendBroadcast:1069 com.android.server.am.OppoActivityStackHelper.sendIsCameraModeIntent:125 com.android.server.am.OppoActivityStackHelper.handleSendCameraMode:137 com.android.server.am.ActivityStack.resumeTopActivityLocked:1481 com.android.server.am.ActivityStack.resumeTopActivityLocked:1441 
D/QcConnectivityService(  772): getMobileDataEnabled returning true
D/QcConnectivityService(  772): getMobileDataEnabled returning true
D/QcConnectivityService(  772): getMobileDataEnabled returning true
D/PhoneStatusBar(  975): updateNotificationTitleText, lastNotificationSize :5 goingNotificationSize:3
D/StatusBar(  975): collapsing notification at 0
D/StatusBar(  975): setting collapsed row height to 192
D/StatusBar(  975): collapsing notification at 1
D/StatusBar(  975): setting collapsed row height to 192
D/StatusBar(  975): collapsing notification at 2
D/StatusBar(  975): setting collapsed row height to 192
D/StatusBar(  975): collapsing notification at 3
D/StatusBar(  975): setting collapsed row height to 192
D/StatusBar(  975): collapsing notification at 4
D/StatusBar(  975): setting collapsed row height to 192
D/StatusBar(  975): collapsing notification at 5
D/StatusBar(  975): setting collapsed row height to 192
D/StatusBar(  975): collapsing notification at 6
D/StatusBar(  975): setting collapsed row height to 192
D/StatusBar(  975): expanding top notification at 7
D/StatusBar(  975): setting expanded row height to WRAP_CONTENT
D/PhoneStatusBar(  975): setAreThereNotifications: N=8 any=true clearable=true
D/PhoneStatusBar(  975): pileh=0 scrollh=0 carrierh=72
D/PhoneStatusBar(  975): updateNotificationTitleText, lastNotificationSize :5 goingNotificationSize:3
I/ActivityManager(  772): Config changes=1480 {0 1.0 ?mcc?mnc zh_CN ldltr sw360dp w640dp h335dp 480dpi nrml long land finger -keyb/v/h -nav/h s.24mThemeChanged = 0mThemeChangedFlags = 0}
D/PhoneStatusBar(  975): pileh=1074 scrollh=1119 carrierh=72
D/PhoneStatusBar(  975): pileh=1074 scrollh=1119 carrierh=72
D/PhoneStatusBar(  975): making carrier label visible
D/PowerUI (  975): Intent start() mHideLowBDialog= false
D/PowerUI (  975): Intent start() mHideLowBDialog= false
D/PowerUI (  975): Intent start() mHideLowBDialog= false
--------- beginning of /dev/log/main
V/Monotype(21784): 		Typeface getFontPathFlipFont - fontPath = default
V/Monotype( 5863): Typeface->setAppTypeface app=com.weihua.superphone def=1526976840
V/Monotype(21784): Typeface->setTypefaceFlipFont Font Path = none.  path = default
V/Monotype(21784): Typeface->setTypefaceFlipFont path = /system/fonts/UIFont.ttf
V/Monotype(21784): Typeface->setTypefaceFlipFont path has not changed.  path = /system/fonts/UIFont.ttf
V/Monotype( 5863): SetAppTypeFace- try to flip, app = com.weihua.superphone
V/Monotype( 5863): 		Typeface getFontPathFlipFont - typefaceIndex = 1
V/Monotype(21784): END Typeface->setAppTypeface app=hh.root def=1526427152
V/Monotype( 5863): 		Typeface getFontPathFlipFont - fontPath = default
V/Monotype( 5863): Typeface->setTypefaceFlipFont Font Path = none.  path = default
V/Monotype( 5863): Typeface->setTypefaceFlipFont path = /system/fonts/UIFont.ttf
V/Monotype( 5863): Typeface->setTypefaceFlipFont path has not changed.  path = /system/fonts/UIFont.ttf
V/Monotype( 5863): END Typeface->setAppTypeface app=com.weihua.superphone def=1526976840
V/Monotype( 2872): Typeface->setTypefaceFlipFont path has not changed.  path = /system/fonts/UIFont.ttf
V/Monotype( 2872): END Typeface->setAppTypeface app=com.qihoo.appstore def=1526596240
I/ProvideUitls(  975): update:wlanap
V/Monotype( 1254): Typeface->setAppTypeface app=com.oppo.service.account def=1526389008
V/Monotype( 1254): SetAppTypeFace- try to flip, app = com.oppo.service.account
V/Monotype( 1254): 		Typeface getFontPathFlipFont - typefaceIndex = 1
V/Monotype( 1254): 		Typeface getFontPathFlipFont - fontPath = default
V/Monotype( 1254): Typeface->setTypefaceFlipFont Font Path = none.  path = default
V/Monotype( 1254): Typeface->setTypefaceFlipFont path = /system/fonts/UIFont.ttf
V/Monotype( 1254): Typeface->setTypefaceFlipFont path has not changed.  path = /system/fonts/UIFont.ttf
V/Monotype( 1254): END Typeface->setAppTypeface app=com.oppo.service.account def=1526389008
V/Monotype( 2923): Typeface->setAppTypeface app=com.qihoo.appstore def=1526407824
V/Monotype( 2923): SetAppTypeFace- try to flip, app = com.qihoo.appstore
V/Monotype( 2923): 		Typeface getFontPathFlipFont - typefaceIndex = 1
I/ProvideUitls(  975): update:cleanup
V/Monotype( 2923): 		Typeface getFontPathFlipFont - fontPath = default
V/Monotype( 2923): Typeface->setTypefaceFlipFont Font Path = none.  path = default
V/Monotype( 2923): Typeface->setTypefaceFlipFont path = /system/fonts/UIFont.ttf
V/Monotype( 2923): Typeface->setTypefaceFlipFont path has not changed.  path = /system/fonts/UIFont.ttf
V/Monotype( 2923): END Typeface->setAppTypeface app=com.qihoo.appstore def=1526407824
D/LauncherElementGallery(  975): mHandler msg is 4
I/ProvideUitls(  975): updateItems : name = cleanup
V/Monotype(11223): Typeface->setAppTypeface app=com.talkingflower def=1526404200
V/Monotype(21605): Typeface->setAppTypeface app=com.showeachother def=1526414720
V/Monotype(20409): Typeface->setAppTypeface app=com.yaya.zone def=1514025664
V/Monotype(20409): SetAppTypeFace- try to flip, app = com.yaya.zone
V/Monotype(11223): SetAppTypeFace- try to flip, app = com.talkingflower
V/Monotype(20409): 		Typeface getFontPathFlipFont - typefaceIndex = 1
V/Monotype(21605): SetAppTypeFace- try to flip, app = com.showeachother
V/Monotype(11223): 		Typeface getFontPathFlipFont - typefaceIndex = 1
V/Monotype(20409): 		Typeface getFontPathFlipFont - fontPath = default
V/Monotype(21605): 		Typeface getFontPathFlipFont - typefaceIndex = 1
V/Monotype(20409): Typeface->setTypefaceFlipFont Font Path = none.  path = default
V/Monotype(20409): Typeface->setTypefaceFlipFont path = /system/fonts/UIFont.ttf
V/Monotype(20409): Typeface->setTypefaceFlipFont path has not changed.  path = /system/fonts/UIFont.ttf
V/Monotype(21605): 		Typeface getFontPathFlipFont - fontPath = default
V/Monotype(20409): END Typeface->setAppTypeface app=com.yaya.zone def=1514025664
V/Monotype(11223): 		Typeface getFontPathFlipFont - fontPath = default
I/ProvideUitls(  975): updateItems : name = wlanap
V/Monotype(11223): Typeface->setTypefaceFlipFont Font Path = none.  path = default
V/Monotype(17270): Typeface->setAppTypeface app=com.weihua.superphone def=1078551456
V/Monotype(17270): SetAppTypeFace- try to flip, app = com.weihua.superphone
V/Monotype(  772): Typeface->setAppTypeface app=android def=1514010040
V/Monotype(17270): 		Typeface getFontPathFlipFont - typefaceIndex = 1
V/Monotype(  772): SetAppTypeFace- try to flip, app = android
V/Monotype(  772): 		Typeface getFontPathFlipFont - typefaceIndex = 1
V/Monotype(17270): 		Typeface getFontPathFlipFont - fontPath = default
V/Monotype(17270): Typeface->setTypefaceFlipFont Font Path = none.  path = default
V/Monotype(17270): Typeface->setTypefaceFlipFont path = /system/fonts/UIFont.ttf
V/Monotype(17270): Typeface->setTypefaceFlipFont path has not changed.  path = /system/fonts/UIFont.ttf
V/Monotype(17270): END Typeface->setAppTypeface app=com.weihua.superphone def=1078551456
D/PhoneApp( 1092): isDriveMode  isRunning = false
D/PhoneApp( 1092): updateProximitySensorMode: lock already released.
V/Monotype( 1092): Typeface->setAppTypeface app=com.android.phone def=1527002232
V/Monotype( 1092): SetAppTypeFace- try to flip, app = com.android.phone
V/Monotype( 1092): 		Typeface getFontPathFlipFont - typefaceIndex = 1
V/Monotype( 1092): 		Typeface getFontPathFlipFont - fontPath = default
V/Monotype( 1092): Typeface->setTypefaceFlipFont Font Path = none.  path = default
V/Monotype( 1092): Typeface->setTypefaceFlipFont path = /system/fonts/UIFont.ttf
V/Monotype( 1092): Typeface->setTypefaceFlipFont path has not changed.  path = /system/fonts/UIFont.ttf
V/Monotype( 1092): END Typeface->setAppTypeface app=com.android.phone def=1527002232
V/Monotype( 1092): Typeface->setAppTypeface app=com.android.stk def=1527002232
V/Monotype( 1092): SetAppTypeFace- try to flip, app = com.android.stk
V/Monotype( 1092): 		Typeface getFontPathFlipFont - typefaceIndex = 1
V/Monotype( 1092): 		Typeface getFontPathFlipFont - fontPath = default
V/Monotype( 1092): Typeface->setTypefaceFlipFont Font Path = none.  path = default
D/OppoLockScreenService( 1671): onReceive(): getAction = android.intent.action.CONFIGURATION_CHANGED
D/OppoLockScreenService( 1671): handleMessage():Message type = 3
D/OppoLockScreenService( 1671): onConfigurationChanged()
V/Monotype(  772): 		Typeface getFontPathFlipFont - fontPath = default
V/Monotype(  772): Typeface->setTypefaceFlipFont Font Path = none.  path = default
V/Monotype(  772): Typeface->setTypefaceFlipFont path = /system/fonts/UIFont.ttf
V/Monotype(  772): Typeface->setTypefaceFlipFont path has not changed.  path = /system/fonts/UIFont.ttf
V/Monotype(  772): END Typeface->setAppTypeface app=android def=1514010040
V/Monotype(  772): Typeface->setAppTypeface app=com.qualcomm.location def=1514010040
V/Monotype(  772): SetAppTypeFace- try to flip, app = com.qualcomm.location
V/Monotype(  772): 		Typeface getFontPathFlipFont - typefaceIndex = 1
V/Monotype(  772): 		Typeface getFontPathFlipFont - fontPath = default
V/Monotype(  772): Typeface->setTypefaceFlipFont Font Path = none.  path = default
V/Monotype(  772): Typeface->setTypefaceFlipFont path = /system/fonts/UIFont.ttf
V/Monotype(  772): Typeface->setTypefaceFlipFont path has not changed.  path = /system/fonts/UIFont.ttf
V/Monotype(  772): END Typeface->setAppTypeface app=com.qualcomm.location def=1514010040
V/Monotype(  772): Typeface->setAppTypeface app=android def=1514010040
V/Monotype(  772): SetAppTypeFace- try to flip, app = android
V/Monotype(  772): 		Typeface getFontPathFlipFont - typefaceIndex = 1
V/Monotype(  772): 		Typeface getFontPathFlipFont - fontPath = default
V/Monotype(  772): Typeface->setTypefaceFlipFont Font Path = none.  path = default
V/Monotype(  772): Typeface->setTypefaceFlipFont path = /system/fonts/UIFont.ttf
V/Monotype( 5526): Typeface->setAppTypeface app=com.showeachother def=1526414720
V/Monotype(  772): Typeface->setTypefaceFlipFont path has not changed.  path = /system/fonts/UIFont.ttf
V/Monotype( 5526): SetAppTypeFace- try to flip, app = com.showeachother
V/Monotype(  772): END Typeface->setAppTypeface app=android def=1514010040
V/Monotype( 5526): 		Typeface getFontPathFlipFont - typefaceIndex = 1
V/Monotype( 5526): 		Typeface getFontPathFlipFont - fontPath = default
V/Monotype( 5526): Typeface->setTypefaceFlipFont Font Path = none.  path = default
V/Monotype( 5526): Typeface->setTypefaceFlipFont path = /system/fonts/UIFont.ttf
V/Monotype( 5526): Typeface->setTypefaceFlipFont path has not changed.  path = /system/fonts/UIFont.ttf
V/Monotype( 5526): END Typeface->setAppTypeface app=com.showeachother def=1526414720
V/Monotype( 1092): Typeface->setTypefaceFlipFont path = /system/fonts/UIFont.ttf
V/Monotype( 1092): Typeface->setTypefaceFlipFont path has not changed.  path = /system/fonts/UIFont.ttf
V/Monotype( 1092): END Typeface->setAppTypeface app=com.android.stk def=1527002232
V/Monotype(11223): Typeface->setTypefaceFlipFont path = /system/fonts/UIFont.ttf
V/Monotype(21605): Typeface->setTypefaceFlipFont Font Path = none.  path = default
V/Monotype(11223): Typeface->setTypefaceFlipFont path has not changed.  path = /system/fonts/UIFont.ttf
V/Monotype(21605): Typeface->setTypefaceFlipFont path = /system/fonts/UIFont.ttf
V/Monotype(11223): END Typeface->setAppTypeface app=com.talkingflower def=1526404200
V/Monotype(21605): Typeface->setTypefaceFlipFont path has not changed.  path = /system/fonts/UIFont.ttf
V/Monotype(21605): END Typeface->setAppTypeface app=com.showeachother def=1526414720
I/ProvideUitls(  975): update:3g
I/ProvideUitls(  975): updateItems : name = brightness
D/OppoPhoneWindowManager(  772): finishPostLayoutPolicyLw size =1
V/Monotype( 4522): Typeface->setAppTypeface app=cn.mucang.xiaomi.android.wz def=1526403920
V/Monotype( 4522): SetAppTypeFace- try to flip, app = cn.mucang.xiaomi.android.wz
V/Monotype( 4522): 		Typeface getFontPathFlipFont - typefaceIndex = 1
V/Monotype( 4522): 		Typeface getFontPathFlipFont - fontPath = default
V/Monotype( 4522): Typeface->setTypefaceFlipFont Font Path = none.  path = default
V/Monotype( 4522): Typeface->setTypefaceFlipFont path = /system/fonts/UIFont.ttf
V/Monotype( 4522): Typeface->setTypefaceFlipFont path has not changed.  path = /system/fonts/UIFont.ttf
V/Monotype( 4522): END Typeface->setAppTypeface app=cn.mucang.xiaomi.android.wz def=1526403920
V/Monotype( 4914): Typeface->setAppTypeface app=cn.mucang.xiaomi.android.wz def=1516736520
V/Monotype( 4914): SetAppTypeFace- try to flip, app = cn.mucang.xiaomi.android.wz
V/Monotype( 4914): 		Typeface getFontPathFlipFont - typefaceIndex = 1
V/Monotype( 4914): 		Typeface getFontPathFlipFont - fontPath = default
V/Monotype( 4914): Typeface->setTypefaceFlipFont Font Path = none.  path = default
V/Monotype( 4914): Typeface->setTypefaceFlipFont path = /system/fonts/UIFont.ttf
V/Monotype( 4914): Typeface->setTypefaceFlipFont path has not changed.  path = /system/fonts/UIFont.ttf
V/Monotype( 4914): END Typeface->setAppTypeface app=cn.mucang.xiaomi.android.wz def=1516736520
V/Monotype(22575): Typeface->setAppTypeface app=com.example.simopesamples def=1526430992
V/Monotype(22575): SetAppTypeFace- try to flip, app = com.example.simopesamples
V/Monotype(22575): 		Typeface getFontPathFlipFont - typefaceIndex = 1
V/Monotype(22575): 		Typeface getFontPathFlipFont - fontPath = default
V/Monotype(20149): Typeface->setAppTypeface app=com.oppo.activation def=1526429632
V/Monotype(22575): Typeface->setTypefaceFlipFont Font Path = none.  path = default
V/Monotype(20149): SetAppTypeFace- try to flip, app = com.oppo.activation
V/Monotype(22575): Typeface->setTypefaceFlipFont path = /system/fonts/UIFont.ttf
V/Monotype(20149): 		Typeface getFontPathFlipFont - typefaceIndex = 1
I/ProvideUitls(  975): updateItems : name = gps
V/Monotype(22575): Typeface->setTypefaceFlipFont path has not changed.  path = /system/fonts/UIFont.ttf
V/Monotype(20149): 		Typeface getFontPathFlipFont - fontPath = default
V/Monotype(22575): END Typeface->setAppTypeface app=com.example.simopesamples def=1526430992
V/Monotype(20149): Typeface->setTypefaceFlipFont Font Path = none.  path = default
V/Monotype(20149): Typeface->setTypefaceFlipFont path = /system/fonts/UIFont.ttf
V/Monotype(20149): Typeface->setTypefaceFlipFont path has not changed.  path = /system/fonts/UIFont.ttf
V/Monotype(20149): END Typeface->setAppTypeface app=com.oppo.activation def=1526429632
I/ProvideUitls(  975): update:brightnesscount != 1
I/ProvideUitls(  975): updateItems : name = wlanap
